Component: ARM Compiler 5.06 update 6 (build 750) Tool: armlink [4d35ed]

==============================================================================

Section Cross References

    main.o(i.HAL_GetTick) refers to rt_time.o(.data) for os_time
    main.o(i.SystemClock_Config) refers to stm32f4xx_hal_rcc.o(i.HAL_RCC_OscConfig) for HAL_RCC_OscConfig
    main.o(i.SystemClock_Config) refers to main.o(i.Error_Handler) for Error_Handler
    main.o(i.SystemClock_Config) refers to stm32f4xx_hal_rcc.o(i.HAL_RCC_ClockConfig) for HAL_RCC_ClockConfig
    main.o(i.SystemClock_Config) refers to stm32f4xx_hal.o(i.HAL_GetREVID) for HAL_GetREVID
    main.o(i.main) refers to rt_cmsis.o(i.osKernelInitialize) for osKernelInitialize
    main.o(i.main) refers to stm32f4xx_hal.o(i.HAL_Init) for HAL_Init
    main.o(i.main) refers to main.o(i.SystemClock_Config) for SystemClock_Config
    main.o(i.main) refers to musicplayer.o(i.Init_Thread) for Init_Thread
    main.o(i.main) refers to rt_cmsis.o(i.osKernelStart) for osKernelStart
    musicplayer.o(i.BSP_AUDIO_OUT_TransferComplete_CallBack) refers to rt_cmsis.o(i.osMessageGet) for osMessageGet
    musicplayer.o(i.BSP_AUDIO_OUT_TransferComplete_CallBack) refers to rt_cmsis.o(i.osSemaphoreRelease) for osSemaphoreRelease
    musicplayer.o(i.BSP_AUDIO_OUT_TransferComplete_CallBack) refers to stm32f4_discovery_audio.o(i.BSP_AUDIO_OUT_ChangeBuffer) for BSP_AUDIO_OUT_ChangeBuffer
    musicplayer.o(i.BSP_AUDIO_OUT_TransferComplete_CallBack) refers to musicplayer.o(.data) for mid_MsgQueue
    musicplayer.o(i.BSP_AUDIO_OUT_TransferComplete_CallBack) refers to musicplayer.o(.bss) for Audio_Buffer2
    musicplayer.o(i.Control) refers to musicplayer.o(i.Process_Event) for Process_Event
    musicplayer.o(i.Control) refers to rt_cmsis.o(i.osMessageGet) for osMessageGet
    musicplayer.o(i.Control) refers to musicplayer.o(.data) for mid_CMDQueue
    musicplayer.o(i.FS_Thread) refers to usbh_lib_core.o(i.USBH_Initialize) for USBH_Initialize
    musicplayer.o(i.FS_Thread) refers to usbh_lib_core.o(i.USBH_Device_GetStatus) for USBH_Device_GetStatus
    musicplayer.o(i.FS_Thread) refers to fs_mapi.o(i.finit) for finit
    musicplayer.o(i.FS_Thread) refers to fs_mapi.o(i.fmount) for fmount
    musicplayer.o(i.FS_Thread) refers to fs_mapi.o(i.ffind) for ffind
    musicplayer.o(i.FS_Thread) refers to rt_cmsis.o(i.osMessageGet) for osMessageGet
    musicplayer.o(i.FS_Thread) refers to uart_driver.o(i.UART_send) for UART_send
    musicplayer.o(i.FS_Thread) refers to strlen.o(.text) for strlen
    musicplayer.o(i.FS_Thread) refers to rt_cmsis.o(i.osMessagePut) for osMessagePut
    musicplayer.o(i.FS_Thread) refers to fopen_locked.o(.text) for fopen
    musicplayer.o(i.FS_Thread) refers to freadfast_locked.o(.text) for fread
    musicplayer.o(i.FS_Thread) refers to stm32f4_discovery_audio.o(i.BSP_AUDIO_OUT_Init) for BSP_AUDIO_OUT_Init
    musicplayer.o(i.FS_Thread) refers to stm32f4_discovery_audio.o(i.BSP_AUDIO_OUT_Play) for BSP_AUDIO_OUT_Play
    musicplayer.o(i.FS_Thread) refers to rt_cmsis.o(i.osSemaphoreWait) for osSemaphoreWait
    musicplayer.o(i.FS_Thread) refers to fclose_locked.o(.text) for fclose
    musicplayer.o(i.FS_Thread) refers to stm32f4_discovery_audio.o(i.BSP_AUDIO_OUT_SetMute) for BSP_AUDIO_OUT_SetMute
    musicplayer.o(i.FS_Thread) refers to strcpy.o(.text) for strcpy
    musicplayer.o(i.FS_Thread) refers to musicplayer.o(.data) for mid_FSQueue
    musicplayer.o(i.FS_Thread) refers to musicplayer.o(.bss) for fileName
    musicplayer.o(i.Init_Thread) refers to led_f4discovery.o(i.LED_Initialize) for LED_Initialize
    musicplayer.o(i.Init_Thread) refers to uart_driver.o(i.UART_Init) for UART_Init
    musicplayer.o(i.Init_Thread) refers to rt_cmsis.o(i.osMessageCreate) for osMessageCreate
    musicplayer.o(i.Init_Thread) refers to rt_cmsis.o(i.osThreadCreate) for osThreadCreate
    musicplayer.o(i.Init_Thread) refers to rt_cmsis.o(i.osSemaphoreCreate) for osSemaphoreCreate
    musicplayer.o(i.Init_Thread) refers to strcpy.o(.text) for strcpy
    musicplayer.o(i.Init_Thread) refers to musicplayer.o(.constdata) for os_messageQ_def_CMDQueue
    musicplayer.o(i.Init_Thread) refers to musicplayer.o(.data) for mid_CMDQueue
    musicplayer.o(i.Init_Thread) refers to musicplayer.o(.bss) for fileName
    musicplayer.o(i.Process_Event) refers to rt_cmsis.o(i.osMessagePut) for osMessagePut
    musicplayer.o(i.Process_Event) refers to musicplayer.o(.data) for Current_State
    musicplayer.o(i.Rx_Command) refers to uart_driver.o(i.UART_receive) for UART_receive
    musicplayer.o(i.Rx_Command) refers to strcmpv7m.o(.text) for strcmp
    musicplayer.o(i.Rx_Command) refers to rt_cmsis.o(i.osMessagePut) for osMessagePut
    musicplayer.o(i.Rx_Command) refers to strcat.o(.text) for strcat
    musicplayer.o(i.Rx_Command) refers to musicplayer.o(.data) for mid_CMDQueue
    musicplayer.o(i.Rx_Command) refers to musicplayer.o(.bss) for fileName
[...]
    0x08000190   0x08000190   0x00000034   Code   RO         6713    !!!scatter          c_w.l(__scatter.o)
    0x080001c4   0x080001c4   0x0000005a   Code   RO         6711    !!dczerorl2         c_w.l(__dczerorl2.o)
    0x0800021e   0x0800021e   0x00000002   PAD
    0x08000220   0x08000220   0x0000001c   Code   RO         6715    !!handler_zi        c_w.l(__scatter_zi.o)
    0x0800023c   0x0800023c   0x00000002   Code   RO         6645    .ARM.Collect$$libinit$$00000000  c_w.l(libinit.o)
    0x0800023e   0x0800023e   0x00000004   Code   RO         6515    .ARM.Collect$$libinit$$00000001  c_w.l(libinit2.o)
    0x08000242   0x08000242   0x00000000   Code   RO         6518    .ARM.Collect$$libinit$$00000004  c_w.l(libinit2.o)
    0x08000242   0x08000242   0x00000008   Code   RO         6519    .ARM.Collect$$libinit$$00000005  c_w.l(libinit2.o)
    0x0800024a   0x0800024a   0x00000000   Code   RO         6521    .ARM.Collect$$libinit$$0000000A  c_w.l(libinit2.o)
    0x0800024a   0x0800024a   0x00000000   Code   RO         6523    .ARM.Collect$$libinit$$0000000C  c_w.l(libinit2.o)
    0x0800024a   0x0800024a   0x00000000   Code   RO         6525    .ARM.Collect$$libinit$$0000000E  c_w.l(libinit2.o)
    0x0800024a   0x0800024a   0x00000006   Code   RO         6526    .ARM.Collect$$libinit$$0000000F  c_w.l(libinit2.o)
    0x08000250   0x08000250   0x00000000   Code   RO         6528    .ARM.Collect$$libinit$$00000011  c_w.l(libinit2.o)
    0x08000250   0x08000250   0x0000000c   Code   RO         6529    .ARM.Collect$$libinit$$00000012  c_w.l(libinit2.o)
    0x0800025c   0x0800025c   0x00000000   Code   RO         6530    .ARM.Collect$$libinit$$00000013  c_w.l(libinit2.o)
    0x0800025c   0x0800025c   0x00000000   Code   RO         6532    .ARM.Collect$$libinit$$00000015  c_w.l(libinit2.o)
    0x0800025c   0x0800025c   0x00000000   Code   RO         6534    .ARM.Collect$$libinit$$00000017  c_w.l(libinit2.o)
    0x0800025c   0x0800025c   0x00000000   Code   RO         6536    .ARM.Collect$$libinit$$00000019  c_w.l(libinit2.o)
    0x0800025c   0x0800025c   0x00000000   Code   RO         6538    .ARM.Collect$$libinit$$0000001B  c_w.l(libinit2.o)
    0x0800025c   0x0800025c   0x00000000   Code   RO         6540    .ARM.Collect$$libinit$$0000001D  c_w.l(libinit2.o)
    0x0800025c   0x0800025c   0x00000000   Code   RO         6542    .ARM.Collect$$libinit$$0000001F  c_w.l(libinit2.o)
    0x0800025c   0x0800025c   0x00000000   Code   RO         6544    .ARM.Collect$$libinit$$00000021  c_w.l(libinit2.o)
    0x0800025c   0x0800025c   0x00000000   Code   RO         6546    .ARM.Collect$$libinit$$00000023  c_w.l(libinit2.o)
    0x0800025c   0x0800025c   0x00000004   Code   RO         6547    .ARM.Collect$$libinit$$00000024  c_w.l(libinit2.o)
    0x08000260   0x08000260   0x00000000   Code   RO         6548    .ARM.Collect$$libinit$$00000025  c_w.l(libinit2.o)
    0x08000260   0x08000260   0x00000000   Code   RO         6552    .ARM.Collect$$libinit$$0000002C  c_w.l(libinit2.o)
    0x08000260   0x08000260   0x00000000   Code   RO         6554    .ARM.Collect$$libinit$$0000002E  c_w.l(libinit2.o)
    0x08000260   0x08000260   0x00000000   Code   RO         6556    .ARM.Collect$$libinit$$00000030  c_w.l(libinit2.o)
    0x08000260   0x08000260   0x00000000   Code   RO         6558    .ARM.Collect$$libinit$$00000032  c_w.l(libinit2.o)
    0x08000260   0x08000260   0x00000002   Code   RO         6559    .ARM.Collect$$libinit$$00000033  c_w.l(libinit2.o)
    0x08000262   0x08000262   0x00000002   Code   RO         6646    .ARM.Collect$$libshutdown$$00000000  c_w.l(libshutdown.o)
    0x08000264   0x08000264   0x00000000   Code   RO         6648    .ARM.Collect$$libshutdown$$00000002  c_w.l(libshutdown2.o)
    0x08000264   0x08000264   0x00000004   Code   RO         6649    .ARM.Collect$$libshutdown$$00000003  c_w.l(libshutdown2.o)
    0x08000268   0x08000268   0x00000000   Code   RO         6650    .ARM.Collect$$libshutdown$$00000004  c_w.l(libshutdown2.o)
    0x08000268   0x08000268   0x00000000   Code   RO         6653    .ARM.Collect$$libshutdown$$00000007  c_w.l(libshutdown2.o)
    0x08000268   0x08000268   0x00000000   Code   RO         6656    .ARM.Collect$$libshutdown$$0000000A  c_w.l(libshutdown2.o)
    0x08000268   0x08000268   0x00000000   Code   RO         6658    .ARM.Collect$$libshutdown$$0000000C  c_w.l(libshutdown2.o)
    0x08000268   0x08000268   0x00000000   Code   RO         6661    .ARM.Collect$$libshutdown$$0000000F  c_w.l(libshutdown2.o)
    0x08000268   0x08000268   0x00000002   Code   RO         6662    .ARM.Collect$$libshutdown$$00000010  c_w.l(libshutdown2.o)
    0x0800026a   0x0800026a   0x00000000   Code   RO         6306    .ARM.Collect$$rtentry$$00000000  c_w.l(__rtentry.o)
    0x0800026a   0x0800026a   0x00000000   Code   RO         6446    .ARM.Collect$$rtentry$$00000002  c_w.l(__rtentry2.o)
    0x0800026a   0x0800026a   0x00000006   Code   RO         6458    .ARM.Collect$$rtentry$$00000004  c_w.l(__rtentry4.o)
    0x08000270   0x08000270   0x00000000   Code   RO         6448    .ARM.Collect$$rtentry$$00000009  c_w.l(__rtentry2.o)
    0x08000270   0x08000270   0x00000004   Code   RO         6449    .ARM.Collect$$rtentry$$0000000A  c_w.l(__rtentry2.o)
    0x08000274   0x08000274   0x00000008   Code   RO         6450    .ARM.Collect$$rtentry$$0000000B  c_w.l(__rtentry2.o)
    0x0800027c   0x0800027c   0x00000008   Code   RO         6452    .ARM.Collect$$rtentry$$0000000D  c_w.l(__rtentry2.o)
    0x08000284   0x08000284   0x00000002   Code   RO         6307    .ARM.Collect$$rtexit$$00000000  c_w.l(rtexit.o)
    0x08000286   0x08000286   0x00000000   Code   RO         6461    .ARM.Collect$$rtexit$$00000002  c_w.l(rtexit2.o)
    0x08000286   0x08000286   0x00000004   Code   RO         6462    .ARM.Collect$$rtexit$$00000003  c_w.l(rtexit2.o)
    0x0800028a   0x0800028a   0x00000006   Code   RO         6463    .ARM.Collect$$rtexit$$00000004  c_w.l(rtexit2.o)
    0x08000290   0x08000290   0x0000001c   Code   RO          970    .emb_text           rtx_conf_cm.o
    0x080002ac   0x080002ac   0x00000198   Code   RO         5875    .emb_text           RTX_CM4.lib(hal_cm4.o)
    0x08000444   0x08000444   0x00000000   Code   RO         6597    .emb_text           c_w.l(maybetermalloc1.o)
    0x08000444   0x08000444   0x00000040   Code   RO         3749    .text               startup_stm32f407xx.o
    0x08000484   0x08000484   0x00000008   Code   RO         6199    .text               c_w.l(libspace.o)
    0x0800048c   0x0800048c   0x000000ee   Code   RO         6202    .text               c_w.l(lludivv7m.o)
    0x0800057a   0x0800057a   0x0000004c   Code   RO         6210    .text               c_w.l(fclose.o)
    0x080005c6   0x080005c6   0x00000002   PAD
    0x080005c8   0x080005c8   0x00000034   Code   RO         6212    .text               c_w.l(fclose_locked.o)
    0x080005fc   0x080005fc   0x00000090   Code   RO         6214    .text               c_w.l(fflush_locked.o)
    0x0800068c   0x0800068c   0x00000144   Code   RO         6216    .text               c_w.l(fopen_locked.o)
    0x080007d0   0x080007d0   0x00000012   Code   RO         6218    .text               c_w.l(exit.o)
    0x080007e2   0x080007e2   0x00000048   Code   RO         6220    .text               c_w.l(strcpy.o)
    0x0800082a   0x0800082a   0x00000032   Code   RO         6222    .text               c_w.l(strncasecmp.o)
    0x0800085c   0x0800085c   0x0000003e   Code   RO         6224    .text               c_w.l(strlen.o)
    0x0800089a   0x0800089a   0x00000018   Code   RO         6226    .text               c_w.l(strcat.o)
    0x080008b2   0x080008b2   0x0000008a   Code   RO         6228    .text               c_w.l(rt_memcpy_v6.o)
    0x0800093c   0x0800093c   0x00000064   Code   RO         6230    .text               c_w.l(rt_memcpy_w.o)
    0x080009a0   0x080009a0   0x00000044   Code   RO         6234    .text               c_w.l(rt_memclr.o)
    0x080009e4   0x080009e4   0x0000004e   Code   RO         6236    .text               c_w.l(rt_memclr_w.o)
    0x08000a32   0x08000a32   0x00000002   PAD
    0x08000a34   0x08000a34   0x00000080   Code   RO         6238    .text               c_w.l(strcmpv7m.o)
    0x08000ab4   0x08000ab4   0x00000006   Code   RO         6240    .text               c_w.l(heapauxi.o)
    0x08000aba   0x08000aba   0x0000009e   Code   RO         6321    .text               c_w.l(h1_alloc_mt.o)
    0x08000b58   0x08000b58   0x00000076   Code   RO         6323    .text               c_w.l(h1_free_mt.o)
    0x08000bce   0x08000bce   0x0000001a   Code   RO         6377    .text               c_w.l(tolower.o)
    0x08000be8   0x08000be8   0x000000f8   Code   RO         6383    .text               c_w.l(fseek.o)
    0x08000ce0   0x08000ce0   0x000000f0   Code   RO         6385    .text               c_w.l(stdio.o)
    0x08000dd0   0x08000dd0   0x00000010   Code   RO         6467    .text               c_w.l(rt_ctype_table.o)
    0x08000de0   0x08000de0   0x0000000a   Code   RO         6476    .text               c_w.l(rt_heap_descriptor_twolibspace.o)
    0x08000dea   0x08000dea   0x00000004   Code   RO         6483    .text               c_w.l(rt_errno_addr_twolibspace.o)
    0x08000dee   0x08000dee   0x00000004   Code   RO         6485    .text               c_w.l(hguard.o)
    0x08000df2   0x08000df2   0x0000008a   Code   RO         6487    .text               c_w.l(init_alloc.o)
    0x08000e7c   0x08000e7c   0x00000012   Code   RO         6493    .text               c_w.l(h1_init_mt.o)
    0x08000e8e   0x08000e8e   0x0000023a   Code   RO         6505    .text               c_w.l(filbuf.o)
    0x080010c8   0x080010c8   0x00000042   Code   RO         6507    .text               c_w.l(ftell.o)
    0x0800110a   0x0800110a   0x00000002   PAD
    0x0800110c   0x0800110c   0x000001c8   Code   RO         6511    .text               c_w.l(initio_locked.o)
    0x080012d4   0x080012d4   0x0000000c   Code   RO         6584    .text               c_w.l(sys_exit.o)
    0x080012e0   0x080012e0   0x0000004a   Code   RO         6586    .text               c_w.l(sys_stackheap_outer.o)
    0x0800132a   0x0800132a   0x0000000a   Code   RO         6593    .text               c_w.l(rt_locale_twolibspace.o)
    0x08001334   0x08001334   0x0000003e   Code   RO         6601    .text               c_w.l(h1_extend_mt.o)
    0x08001372   0x08001372   0x00000068   Code   RO         6611    .text               c_w.l(setvbuf_locked.o)
    0x080013da   0x080013da   0x00000132   Code   RO         6613    .text               c_w.l(freadfast_locked.o)
    0x0800150c   0x0800150c   0x0000005c   Code   RO         6617    .text               c_w.l(flushlinebuffered_locked.o)
    0x08001568   0x08001568   0x0000000e   Code   RO         6626    .text               c_w.l(defsig_rtred_outer.o)
    0x08001576   0x08001576   0x0000000e   Code   RO         6630    .text               c_w.l(defsig_rtmem_outer.o)
    0x08001584   0x08001584   0x00000002   Code   RO         6667    .text               c_w.l(use_no_semi.o)
    0x08001586   0x08001586   0x00000000   Code   RO         6669    .text               c_w.l(indicate_semi.o)
    0x08001586   0x08001586   0x0000000a   Code   RO         6674    .text               c_w.l(defsig_exit.o)
    0x08001590   0x08001590   0x00000034   Code   RO         6678    .text               c_w.l(defsig_rtred_inner.o)
    0x080015c4   0x080015c4   0x00000050   Code   RO         6680    .text               c_w.l(defsig_rtmem_inner.o)
    0x08001614   0x08001614   0x00000032   Code   RO         6692    .text               c_w.l(defsig_general.o)
    0x08001646   0x08001646   0x0000000e   Code   RO         6694    .text               c_w.l(sys_wrch.o)
    0x08001654   0x08001654   0x00000004   Code   RO         6180    SVC_TABLE           RTX_CM4.lib(svc_table.o)
    0x08001658   0x08001658   0x00000002   Code   RO          674    i.AUDIO_IO_DeInit   stm32f4_discovery.o
    0x0800165a   0x0800165a   0x00000002   PAD
    0x0800165c   0x0800165c   0x0000006c   Code   RO          675    i.AUDIO_IO_Init     stm32f4_discovery.o
    0x080016c8   0x080016c8   0x00000010   Code   RO          676    i.AUDIO_IO_Read     stm32f4_discovery.o
    0x080016d8   0x080016d8   0x00000014   Code   RO          677    i.AUDIO_IO_Write    stm32f4_discovery.o
    0x080016ec   0x080016ec   0x00000002   Code   RO          451    i.BSP_AUDIO_IN_Error_Callback  stm32f4_discovery_audio.o
    0x080016ee   0x080016ee   0x00000002   Code   RO          460    i.BSP_AUDIO_IN_TransferComplete_CallBack  stm32f4_discovery_audio.o
    0x080016f0   0x080016f0   0x00000018   Code   RO          461    i.BSP_AUDIO_OUT_ChangeBuffer  stm32f4_discovery_audio.o
    0x08001708   0x08001708   0x00000004   Code   RO          180    i.BSP_AUDIO_OUT_Error_CallBack  musicplayer.o
    0x0800170c   0x0800170c   0x00000002   Code   RO          181    i.BSP_AUDIO_OUT_HalfTransfer_CallBack  musicplayer.o
    0x0800170e   0x0800170e   0x00000002   PAD
    0x08001710   0x08001710   0x000000c8   Code   RO          464    i.BSP_AUDIO_OUT_Init  stm32f4_discovery_audio.o
    0x080017d8   0x080017d8   0x00000044   Code   RO          466    i.BSP_AUDIO_OUT_Play  stm32f4_discovery_audio.o
    0x0800181c   0x0800181c   0x00000020   Code   RO          469    i.BSP_AUDIO_OUT_SetMute  stm32f4_discovery_audio.o
    0x0800183c   0x0800183c   0x00000050   Code   RO          182    i.BSP_AUDIO_OUT_TransferComplete_CallBack  musicplayer.o
    0x0800188c   0x0800188c   0x00000004   Code   RO          313    i.BusFault_Handler  stm32f4xx_it.o
    0x08001890   0x08001890   0x0000001c   Code   RO          825    i.CODEC_IO_Write    cs43l22.o
    0x080018ac   0x080018ac   0x00000028   Code   RO         5214    i.CheckController   USB_CM3_L.lib(usbh_lib_core.o)
    0x080018d4   0x080018d4   0x00000030   Code   RO         5215    i.CheckDeviceInstance  USB_CM3_L.lib(usbh_lib_core.o)
    0x08001904   0x08001904   0x00000040   Code   RO         5410    i.CheckInstance     USB_CM3_L.lib(usbh_lib_msc.o)
    0x08001944   0x08001944   0x00000040   Code   RO         5216    i.CheckPipe         USB_CM3_L.lib(usbh_lib_core.o)
    0x08001984   0x08001984   0x00000030   Code   RO          183    i.Control           musicplayer.o
    0x080019b4   0x080019b4   0x00000010   Code   RO          314    i.DMA1_Stream3_IRQHandler  stm32f4xx_it.o
    0x080019c4   0x080019c4   0x00000010   Code   RO          315    i.DMA1_Stream7_IRQHandler  stm32f4xx_it.o
    0x080019d4   0x080019d4   0x00000034   Code   RO         1853    i.DMA_CalcBaseAndBitshift  stm32f4xx_hal_dma.o
    0x08001a08   0x08001a08   0x000000aa   Code   RO         1854    i.DMA_CheckFifoParam  stm32f4xx_hal_dma.o
    0x08001ab2   0x08001ab2   0x0000002c   Code   RO         1855    i.DMA_SetConfig     stm32f4xx_hal_dma.o
    0x08001ade   0x08001ade   0x00000002   Code   RO          316    i.DebugMon_Handler  stm32f4xx_it.o
    0x08001ae0   0x08001ae0   0x0000000a   Code   RO          317    i.EXTI0_IRQHandler  stm32f4xx_it.o
    0x08001aea   0x08001aea   0x0000000a   Code   RO          318    i.EXTI1_IRQHandler  stm32f4xx_it.o
    0x08001af4   0x08001af4   0x00000184   Code   RO         1043    i.Enable_GPIO_Clock  otg_fs_stm32f4xx.o
    0x08001c78   0x08001c78   0x00000184   Code   RO         1115    i.Enable_GPIO_Clock  usart_stm32f4xx.o
    0x08001dfc   0x08001dfc   0x00000004   Code   RO            4    i.Error_Handler     main.o
    0x08001e00   0x08001e00   0x000001f8   Code   RO          184    i.FS_Thread         musicplayer.o
    0x08001ff8   0x08001ff8   0x00000044   Code   RO         5411    i.FS_USBH_MSC_DeviceCtrl  USB_CM3_L.lib(usbh_lib_msc.o)
    0x0800203c   0x0800203c   0x00000038   Code   RO         5412    i.FS_USBH_MSC_Initialize  USB_CM3_L.lib(usbh_lib_msc.o)
    0x08002074   0x08002074   0x00000028   Code   RO         5413    i.FS_USBH_MSC_ReadInfo  USB_CM3_L.lib(usbh_lib_msc.o)
    0x0800209c   0x0800209c   0x0000002c   Code   RO         5414    i.FS_USBH_MSC_ReadSectors  USB_CM3_L.lib(usbh_lib_msc.o)
    0x080020c8   0x080020c8   0x0000002c   Code   RO         5415    i.FS_USBH_MSC_Uninitialize  USB_CM3_L.lib(usbh_lib_msc.o)
    0x080020f4   0x080020f4   0x0000002c   Code   RO         5416    i.FS_USBH_MSC_WriteSectors  USB_CM3_L.lib(usbh_lib_msc.o)
    0x08002120   0x08002120   0x000000aa   Code   RO         1856    i.HAL_DMA_Abort     stm32f4xx_hal_dma.o
    0x080021ca   0x080021ca   0x00000070   Code   RO         1858    i.HAL_DMA_DeInit    stm32f4xx_hal_dma.o
    0x0800223a   0x0800223a   0x00000002   PAD
    0x0800223c   0x0800223c   0x00000240   Code   RO         1861    i.HAL_DMA_IRQHandler  stm32f4xx_hal_dma.o
    0x0800247c   0x0800247c   0x000000ec   Code   RO         1862    i.HAL_DMA_Init      stm32f4xx_hal_dma.o
    0x08002568   0x08002568   0x0000009e   Code   RO         1866    i.HAL_DMA_Start_IT  stm32f4xx_hal_dma.o
    0x08002606   0x08002606   0x00000002   PAD
    0x08002608   0x08002608   0x00000028   Code   RO         1537    i.HAL_Delay         stm32f4xx_hal.o
    0x08002630   0x08002630   0x00000164   Code   RO         2000    i.HAL_GPIO_DeInit   stm32f4xx_hal_gpio.o
    0x08002794   0x08002794   0x00000002   Code   RO         2001    i.HAL_GPIO_EXTI_Callback  stm32f4xx_hal_gpio.o
    0x08002796   0x08002796   0x00000002   PAD
    0x08002798   0x08002798   0x0000001c   Code   RO         2002    i.HAL_GPIO_EXTI_IRQHandler  stm32f4xx_hal_gpio.o
    0x080027b4   0x080027b4   0x00000200   Code   RO         2003    i.HAL_GPIO_Init     stm32f4xx_hal_gpio.o
    0x080029b4   0x080029b4   0x00000010   Code   RO         2005    i.HAL_GPIO_ReadPin  stm32f4xx_hal_gpio.o
    0x080029c4   0x080029c4   0x0000000c   Code   RO         2007    i.HAL_GPIO_WritePin  stm32f4xx_hal_gpio.o
    0x080029d0   0x080029d0   0x0000000c   Code   RO         1542    i.HAL_GetREVID      stm32f4xx_hal.o
    0x080029dc   0x080029dc   0x0000000c   Code   RO            5    i.HAL_GetTick       main.o
    0x080029e8   0x080029e8   0x0000003c   Code   RO         2068    i.HAL_I2C_DeInit    stm32f4xx_hal_i2c.o
    0x08002a24   0x08002a24   0x00000008   Code   RO         2076    i.HAL_I2C_GetState  stm32f4xx_hal_i2c.o
    0x08002a2c   0x08002a2c   0x000001b8   Code   RO         2077    i.HAL_I2C_Init      stm32f4xx_hal_i2c.o
    0x08002be4   0x08002be4   0x000002f4   Code   RO         2095    i.HAL_I2C_Mem_Read  stm32f4xx_hal_i2c.o
    0x08002ed8   0x08002ed8   0x00000164   Code   RO         2098    i.HAL_I2C_Mem_Write  stm32f4xx_hal_i2c.o
    0x0800303c   0x0800303c   0x00000002   Code   RO         2101    i.HAL_I2C_MspDeInit  stm32f4xx_hal_i2c.o
    0x0800303e   0x0800303e   0x00000002   Code   RO         2102    i.HAL_I2C_MspInit   stm32f4xx_hal_i2c.o
    0x08003040   0x08003040   0x00000244   Code   RO         2717    i.HAL_I2SEx_FullDuplex_IRQHandler  stm32f4xx_hal_i2s_ex.o
    0x08003284   0x08003284   0x00000002   Code   RO         2721    i.HAL_I2SEx_TxRxCpltCallback  stm32f4xx_hal_i2s_ex.o
    0x08003286   0x08003286   0x00000002   PAD
    0x08003288   0x08003288   0x00000028   Code   RO          474    i.HAL_I2S_ErrorCallback  stm32f4_discovery_audio.o
    0x080032b0   0x080032b0   0x00000008   Code   RO         2534    i.HAL_I2S_GetState  stm32f4xx_hal_i2s.o
    0x080032b8   0x080032b8   0x000001c0   Code   RO         2536    i.HAL_I2S_Init      stm32f4xx_hal_i2s.o
    0x08003478   0x08003478   0x00000002   Code   RO         2538    i.HAL_I2S_MspInit   stm32f4xx_hal_i2s.o
    0x0800347a   0x0800347a   0x0000000a   Code   RO          475    i.HAL_I2S_RxCpltCallback  stm32f4_discovery_audio.o
    0x08003484   0x08003484   0x00000100   Code   RO         2545    i.HAL_I2S_Transmit_DMA  stm32f4xx_hal_i2s.o
    0x08003584   0x08003584   0x00000018   Code   RO          477    i.HAL_I2S_TxCpltCallback  stm32f4_discovery_audio.o
    0x0800359c   0x0800359c   0x00000018   Code   RO          478    i.HAL_I2S_TxHalfCpltCallback  stm32f4_discovery_audio.o
    0x080035b4   0x080035b4   0x00000030   Code   RO         1550    i.HAL_Init          stm32f4xx_hal.o
    0x080035e4   0x080035e4   0x0000004c   Code   RO         1551    i.HAL_InitTick      stm32f4xx_hal.o
    0x08003630   0x08003630   0x00000002   Code   RO         1553    i.HAL_MspInit       stm32f4xx_hal.o
    0x08003632   0x08003632   0x00000002   PAD
    0x08003634   0x08003634   0x00000044   Code   RO         1717    i.HAL_NVIC_DisableIRQ  stm32f4xx_hal_cortex.o
    0x08003678   0x08003678   0x00000028   Code   RO         1718    i.HAL_NVIC_EnableIRQ  stm32f4xx_hal_cortex.o
    0x080036a0   0x080036a0   0x0000007c   Code   RO         1724    i.HAL_NVIC_SetPriority  stm32f4xx_hal_cortex.o
    0x0800371c   0x0800371c   0x00000028   Code   RO         1725    i.HAL_NVIC_SetPriorityGrouping  stm32f4xx_hal_cortex.o
    0x08003744   0x08003744   0x00000038   Code   RO         3089    i.HAL_RCCEx_GetPeriphCLKConfig  stm32f4xx_hal_rcc_ex.o
    0x0800377c   0x0800377c   0x00000090   Code   RO         3090    i.HAL_RCCEx_GetPeriphCLKFreq  stm32f4xx_hal_rcc_ex.o
    0x0800380c   0x0800380c   0x000001a0   Code   RO         3091    i.HAL_RCCEx_PeriphCLKConfig  stm32f4xx_hal_rcc_ex.o
    0x080039ac   0x080039ac   0x00000180   Code   RO         2986    i.HAL_RCC_ClockConfig  stm32f4xx_hal_rcc.o
    0x08003b2c   0x08003b2c   0x0000000c   Code   RO         2991    i.HAL_RCC_GetHCLKFreq  stm32f4xx_hal_rcc.o
    0x08003b38   0x08003b38   0x00000020   Code   RO         2993    i.HAL_RCC_GetPCLK1Freq  stm32f4xx_hal_rcc.o
    0x08003b58   0x08003b58   0x000000b0   Code   RO         2995    i.HAL_RCC_GetSysClockFreq  stm32f4xx_hal_rcc.o
    0x08003c08   0x08003c08   0x00000448   Code   RO         2998    i.HAL_RCC_OscConfig  stm32f4xx_hal_rcc.o
    0x08004050   0x08004050   0x00000034   Code   RO         1729    i.HAL_SYSTICK_Config  stm32f4xx_hal_cortex.o
    0x08004084   0x08004084   0x00000004   Code   RO          319    i.HardFault_Handler  stm32f4xx_it.o
    0x08004088   0x08004088   0x0000003e   Code   RO         2120    i.I2C_IsAcknowledgeFailed  stm32f4xx_hal_i2c.o
    0x080040c6   0x080040c6   0x00000002   PAD
    0x080040c8   0x080040c8   0x00000138   Code   RO         2130    i.I2C_RequestMemoryRead  stm32f4xx_hal_i2c.o
    0x08004200   0x08004200   0x000000cc   Code   RO         2131    i.I2C_RequestMemoryWrite  stm32f4xx_hal_i2c.o
    0x080042cc   0x080042cc   0x0000005c   Code   RO         2139    i.I2C_WaitOnBTFFlagUntilTimeout  stm32f4xx_hal_i2c.o
    0x08004328   0x08004328   0x00000086   Code   RO         2140    i.I2C_WaitOnFlagUntilTimeout  stm32f4xx_hal_i2c.o
    0x080043ae   0x080043ae   0x000000c4   Code   RO         2141    i.I2C_WaitOnMasterAddressFlagUntilTimeout  stm32f4xx_hal_i2c.o
    0x08004472   0x08004472   0x00000080   Code   RO         2142    i.I2C_WaitOnRXNEFlagUntilTimeout  stm32f4xx_hal_i2c.o
    0x080044f2   0x080044f2   0x0000005c   Code   RO         2144    i.I2C_WaitOnTXEFlagUntilTimeout  stm32f4xx_hal_i2c.o
    0x0800454e   0x0800454e   0x00000002   PAD
    0x08004550   0x08004550   0x00000014   Code   RO          685    i.I2Cx_Error        stm32f4_discovery.o
    0x08004564   0x08004564   0x00000040   Code   RO          686    i.I2Cx_Init         stm32f4_discovery.o
    0x080045a4   0x080045a4   0x000000ac   Code   RO          687    i.I2Cx_MspInit      stm32f4_discovery.o
    0x08004650   0x08004650   0x00000040   Code   RO          688    i.I2Cx_ReadData     stm32f4_discovery.o
    0x08004690   0x08004690   0x0000003c   Code   RO          689    i.I2Cx_WriteData    stm32f4_discovery.o
    0x080046cc   0x080046cc   0x00000050   Code   RO          481    i.I2S3_Init         stm32f4_discovery_audio.o
    0x0800471c   0x0800471c   0x00000170   Code   RO          482    i.I2S3_MspInit      stm32f4_discovery_audio.o
    0x0800488c   0x0800488c   0x0000003a   Code   RO         2724    i.I2SEx_RxISR_I2S   stm32f4xx_hal_i2s_ex.o
    0x080048c6   0x080048c6   0x00000002   PAD
    0x080048c8   0x080048c8   0x0000006c   Code   RO         2725    i.I2SEx_RxISR_I2SExt  stm32f4xx_hal_i2s_ex.o
    0x08004934   0x08004934   0x00000038   Code   RO         2726    i.I2SEx_TxISR_I2S   stm32f4xx_hal_i2s_ex.o
    0x0800496c   0x0800496c   0x0000006c   Code   RO         2727    i.I2SEx_TxISR_I2SExt  stm32f4xx_hal_i2s_ex.o
    0x080049d8   0x080049d8   0x0000002e   Code   RO         2549    i.I2S_DMAError      stm32f4xx_hal_i2s.o
    0x08004a06   0x08004a06   0x00000028   Code   RO         2552    i.I2S_DMATxCplt     stm32f4xx_hal_i2s.o
    0x08004a2e   0x08004a2e   0x0000000e   Code   RO         2553    i.I2S_DMATxHalfCplt  stm32f4xx_hal_i2s.o
    0x08004a3c   0x08004a3c   0x000000dc   Code   RO         2554    i.I2S_IRQHandler    stm32f4xx_hal_i2s.o
    0x08004b18   0x08004b18   0x00000036   Code   RO         2555    i.I2S_Receive_IT    stm32f4xx_hal_i2s.o
    0x08004b4e   0x08004b4e   0x00000036   Code   RO         2556    i.I2S_Transmit_IT   stm32f4xx_hal_i2s.o
    0x08004b84   0x08004b84   0x000000e8   Code   RO          185    i.Init_Thread       musicplayer.o
    0x08004c6c   0x08004c6c   0x0000004c   Code   RO          918    i.LED_Initialize    led_f4discovery.o
    0x08004cb8   0x08004cb8   0x00000004   Code   RO          320    i.MemManage_Handler  stm32f4xx_it.o
    0x08004cbc   0x08004cbc   0x00000002   Code   RO          321    i.NMI_Handler       stm32f4xx_it.o
    0x08004cbe   0x08004cbe   0x0000001a   Code   RO         1044    i.OTG_FS_IRQHandler  otg_fs_stm32f4xx.o
    0x08004cd8   0x08004cd8   0x00000028   Code   RO         1045    i.OTG_FS_PinGetOC   otg_fs_stm32f4xx.o
    0x08004d00   0x08004d00   0x00000024   Code   RO         1046    i.OTG_FS_PinVbusOnOff  otg_fs_stm32f4xx.o
    0x08004d24   0x08004d24   0x000000f0   Code   RO         1047    i.OTG_FS_PinsConfigure  otg_fs_stm32f4xx.o
    0x08004e14   0x08004e14   0x00000074   Code   RO         1048    i.OTG_FS_PinsUnconfigure  otg_fs_stm32f4xx.o
    0x08004e88   0x08004e88   0x000000a0   Code   RO          186    i.Process_Event     musicplayer.o
    0x08004f28   0x08004f28   0x000000ac   Code   RO          187    i.Rx_Command        musicplayer.o
    0x08004fd4   0x08004fd4   0x000000c0   Code   RO            6    i.SystemClock_Config  main.o
    0x08005094   0x08005094   0x00000064   Code   RO         3757    i.SystemInit        system_stm32f4xx.o
    0x080050f8   0x080050f8   0x00000010   Code   RO         1116    i.UART4_IRQHandler  usart_stm32f4xx.o
    0x08005108   0x08005108   0x000000c0   Code   RO          395    i.UART_Init         uart_driver.o
    0x080051c8   0x080051c8   0x00000040   Code   RO          396    i.UART_receive      uart_driver.o
    0x08005208   0x08005208   0x00000168   Code   RO          398    i.UART_send         uart_driver.o
    0x08005370   0x08005370   0x00000018   Code   RO         1117    i.USART4_Control    usart_stm32f4xx.o
    0x08005388   0x08005388   0x00000010   Code   RO         1118    i.USART4_GetCapabilities  usart_stm32f4xx.o
    0x08005398   0x08005398   0x00000010   Code   RO         1119    i.USART4_GetModemStatus  usart_stm32f4xx.o
    0x080053a8   0x080053a8   0x00000010   Code   RO         1120    i.USART4_GetRxCount  usart_stm32f4xx.o
    0x080053b8   0x080053b8   0x00000010   Code   RO         1121    i.USART4_GetStatus  usart_stm32f4xx.o
    0x080053c8   0x080053c8   0x00000010   Code   RO         1122    i.USART4_GetTxCount  usart_stm32f4xx.o
    0x080053d8   0x080053d8   0x00000014   Code   RO         1123    i.USART4_Initialize  usart_stm32f4xx.o
    0x080053ec   0x080053ec   0x00000014   Code   RO         1124    i.USART4_PowerControl  usart_stm32f4xx.o
    0x08005400   0x08005400   0x00000018   Code   RO         1125    i.USART4_Receive    usart_stm32f4xx.o
    0x08005418   0x08005418   0x00000018   Code   RO         1126    i.USART4_Send       usart_stm32f4xx.o
    0x08005430   0x08005430   0x00000014   Code   RO         1127    i.USART4_SetModemControl  usart_stm32f4xx.o
    0x08005444   0x08005444   0x0000001c   Code   RO         1128    i.USART4_Transfer   usart_stm32f4xx.o
    0x08005460   0x08005460   0x00000010   Code   RO         1129    i.USART4_Uninitialize  usart_stm32f4xx.o
    0x08005470   0x08005470   0x000008e8   Code   RO         1130    i.USART_Control     usart_stm32f4xx.o
    0x08005d58   0x08005d58   0x00000006   Code   RO         1131    i.USART_GetCapabilities  usart_stm32f4xx.o
    0x08005d5e   0x08005d5e   0x0000008c   Code   RO         1132    i.USART_GetModemStatus  usart_stm32f4xx.o
    0x08005dea   0x08005dea   0x00000008   Code   RO         1133    i.USART_GetRxCount  usart_stm32f4xx.o
    0x08005df2   0x08005df2   0x000000d4   Code   RO         1134    i.USART_GetStatus   usart_stm32f4xx.o
    0x08005ec6   0x08005ec6   0x00000008   Code   RO         1135    i.USART_GetTxCount  usart_stm32f4xx.o
    0x08005ece   0x08005ece   0x00000272   Code   RO         1136    i.USART_IRQHandler  usart_stm32f4xx.o
    0x08006140   0x08006140   0x00000092   Code   RO         1137    i.USART_Initialize  usart_stm32f4xx.o
    0x080061d2   0x080061d2   0x00000002   PAD
    0x080061d4   0x080061d4   0x00000134   Code   RO         1138    i.USART_PeripheralReset  usart_stm32f4xx.o
    0x08006308   0x08006308   0x000002c8   Code   RO         1139    i.USART_PowerControl  usart_stm32f4xx.o
    0x080065d0   0x080065d0   0x000000a2   Code   RO         1140    i.USART_Receive     usart_stm32f4xx.o
    0x08006672   0x08006672   0x00000088   Code   RO         1141    i.USART_Send        usart_stm32f4xx.o
    0x080066fa   0x080066fa   0x0000008c   Code   RO         1142    i.USART_SetModemControl  usart_stm32f4xx.o
    0x08006786   0x08006786   0x0000006a   Code   RO         1143    i.USART_Transfer    usart_stm32f4xx.o
    0x080067f0   0x080067f0   0x0000006a   Code   RO         1144    i.USART_Uninitialize  usart_stm32f4xx.o
    0x0800685a   0x0800685a   0x00000002   PAD
    0x0800685c   0x0800685c   0x00000044   Code   RO          399    i.USART_callback    uart_driver.o
    0x080068a0   0x080068a0   0x00000010   Code   RO         1145    i.USARTx_GetVersion  usart_stm32f4xx.o
    0x080068b0   0x080068b0   0x00000006   Code   RO         5217    i.USBH0_Core_Thread  USB_CM3_L.lib(usbh_lib_core.o)
    0x080068b6   0x080068b6   0x00000012   Code   RO         4108    i.USBH0_SignalPipeEvent  usbh_config_0.o
    0x080068c8   0x080068c8   0x00000012   Code   RO         4109    i.USBH0_SignalPortEvent  usbh_config_0.o
    0x080068da   0x080068da   0x00000006   Code   RO         4110    i.USBH_CDC_Configure  usbh_config_0.o
    0x080068e0   0x080068e0   0x00000006   Code   RO         4111    i.USBH_CDC_Initialize_Lib  usbh_config_0.o
    0x080068e6   0x080068e6   0x00000006   Code   RO         4112    i.USBH_CDC_Unconfigure  usbh_config_0.o
    0x080068ec   0x080068ec   0x00000006   Code   RO         4113    i.USBH_CDC_Uninitialize_Lib  usbh_config_0.o
    0x080068f2   0x080068f2   0x0000006e   Code   RO         1307    i.USBH_CH_Disable   usbh_fs_stm32f4xx.o
    0x08006960   0x08006960   0x00000010   Code   RO         1308    i.USBH_CH_GetIndexFromAddress  usbh_fs_stm32f4xx.o
    0x08006970   0x08006970   0x00000198   Code   RO         5221    i.USBH_ConnectDebounce  USB_CM3_L.lib(usbh_lib_core.o)
    0x08006b08   0x08006b08   0x0000016c   Code   RO         5222    i.USBH_ControlTransfer  USB_CM3_L.lib(usbh_lib_core.o)
    0x08006c74   0x08006c74   0x00000274   Code   RO         5223    i.USBH_Core_Thread  USB_CM3_L.lib(usbh_lib_core.o)
    0x08006ee8   0x08006ee8   0x00000006   Code   RO         4114    i.USBH_CustomClass_Configure  usbh_config_0.o
    0x08006eee   0x08006eee   0x00000006   Code   RO         4115    i.USBH_CustomClass_Initialize  usbh_config_0.o
    0x08006ef4   0x08006ef4   0x00000006   Code   RO         4116    i.USBH_CustomClass_Unconfigure  usbh_config_0.o
    0x08006efa   0x08006efa   0x00000006   Code   RO         4117    i.USBH_CustomClass_Uninitialize  usbh_config_0.o
    0x08006f00   0x08006f00   0x00000068   Code   RO         5230    i.USBH_DefaultPipeCreate  USB_CM3_L.lib(usbh_lib_core.o)
    0x08006f68   0x08006f68   0x0000000e   Code   RO         4118    i.USBH_Delay        usbh_config_0.o
    0x08006f76   0x08006f76   0x00000002   PAD
    0x08006f78   0x08006f78   0x00000070   Code   RO         5231    i.USBH_DeviceRequest_ClearFeature  USB_CM3_L.lib(usbh_lib_core.o)
    0x08006fe8   0x08006fe8   0x00000080   Code   RO         5233    i.USBH_DeviceRequest_GetDescriptor  USB_CM3_L.lib(usbh_lib_core.o)
    0x08007068   0x08007068   0x00000064   Code   RO         5236    i.USBH_DeviceRequest_SetAddress  USB_CM3_L.lib(usbh_lib_core.o)
    0x080070cc   0x080070cc   0x00000070   Code   RO         5237    i.USBH_DeviceRequest_SetConfiguration  USB_CM3_L.lib(usbh_lib_core.o)
    0x0800713c   0x0800713c   0x00000004   Code   RO         5247    i.USBH_Device_GetStatus  USB_CM3_L.lib(usbh_lib_core.o)
    0x08007140   0x08007140   0x00000010   Code   RO         5358    i.USBH_DriverGetCapabilities  USB_CM3_L.lib(usbh_lib_drv.o)
    0x08007150   0x08007150   0x00000010   Code   RO         5360    i.USBH_DriverGetVersion  USB_CM3_L.lib(usbh_lib_drv.o)
    0x08007160   0x08007160   0x00000070   Code   RO         5361    i.USBH_DriverInitialize  USB_CM3_L.lib(usbh_lib_drv.o)
    0x080071d0   0x080071d0   0x0000006c   Code   RO         5362    i.USBH_DriverPipeCreate  USB_CM3_L.lib(usbh_lib_drv.o)
    0x0800723c   0x0800723c   0x0000006c   Code   RO         5363    i.USBH_DriverPipeDelete  USB_CM3_L.lib(usbh_lib_drv.o)
    0x080072a8   0x080072a8   0x00000080   Code   RO         5364    i.USBH_DriverPipeModify  USB_CM3_L.lib(usbh_lib_drv.o)
    0x08007328   0x08007328   0x0000007c   Code   RO         5366    i.USBH_DriverPipeTransfer  USB_CM3_L.lib(usbh_lib_drv.o)
    0x080073a4   0x080073a4   0x0000006c   Code   RO         5367    i.USBH_DriverPipeTransferAbort  USB_CM3_L.lib(usbh_lib_drv.o)
    0x08007410   0x08007410   0x00000054   Code   RO         5368    i.USBH_DriverPipeTransferGetResult  USB_CM3_L.lib(usbh_lib_drv.o)
    0x08007464   0x08007464   0x00000080   Code   RO         5369    i.USBH_DriverPortGetState  USB_CM3_L.lib(usbh_lib_drv.o)
    0x080074e4   0x080074e4   0x00000080   Code   RO         5370    i.USBH_DriverPortReset  USB_CM3_L.lib(usbh_lib_drv.o)
    0x08007564   0x08007564   0x0000006c   Code   RO         5371    i.USBH_DriverPortResume  USB_CM3_L.lib(usbh_lib_drv.o)
    0x080075d0   0x080075d0   0x0000006c   Code   RO         5372    i.USBH_DriverPortSuspend  USB_CM3_L.lib(usbh_lib_drv.o)
    0x0800763c   0x0800763c   0x00000070   Code   RO         5373    i.USBH_DriverPortVbusOnOff  USB_CM3_L.lib(usbh_lib_drv.o)
    0x080076ac   0x080076ac   0x0000006c   Code   RO         5374    i.USBH_DriverPowerControl  USB_CM3_L.lib(usbh_lib_drv.o)
    0x08007718   0x08007718   0x000002a0   Code   RO         5250    i.USBH_Engine       USB_CM3_L.lib(usbh_lib_core.o)
    0x080079b8   0x080079b8   0x00000344   Code   RO         5251    i.USBH_EnumerateDevice  USB_CM3_L.lib(usbh_lib_core.o)
    0x08007cfc   0x08007cfc   0x00000424   Code   RO         1309    i.USBH_FS_IRQ       usbh_fs_stm32f4xx.o
    0x08008120   0x08008120   0x0000000c   Code   RO         1310    i.USBH_GetCapabilities  usbh_fs_stm32f4xx.o
    0x0800812c   0x0800812c   0x0000001c   Code   RO         1311    i.USBH_GetFrameNumber  usbh_fs_stm32f4xx.o
    0x08008148   0x08008148   0x00000030   Code   RO         5252    i.USBH_GetFree_PIPE  USB_CM3_L.lib(usbh_lib_core.o)
    0x08008178   0x08008178   0x00000010   Code   RO         1312    i.USBH_GetVersion   usbh_fs_stm32f4xx.o
    0x08008188   0x08008188   0x00000040   Code   RO         5254    i.USBH_Get_Thread_ID_of_Pipe  USB_CM3_L.lib(usbh_lib_core.o)
    0x080081c8   0x080081c8   0x00000006   Code   RO         4119    i.USBH_HID_Configure  usbh_config_0.o
    0x080081ce   0x080081ce   0x00000006   Code   RO         4120    i.USBH_HID_Initialize_Lib  usbh_config_0.o
    0x080081d4   0x080081d4   0x00000006   Code   RO         4121    i.USBH_HID_Unconfigure  usbh_config_0.o
    0x080081da   0x080081da   0x00000006   Code   RO         4122    i.USBH_HID_Uninitialize_Lib  usbh_config_0.o
    0x080081e0   0x080081e0   0x000001ec   Code   RO         1313    i.USBH_HW_StartTransfer  usbh_fs_stm32f4xx.o
    0x080083cc   0x080083cc   0x00000060   Code   RO         1314    i.USBH_Initialize   usbh_fs_stm32f4xx.o
    0x0800842c   0x0800842c   0x000001e8   Code   RO         5255    i.USBH_Initialize   USB_CM3_L.lib(usbh_lib_core.o)
    0x08008614   0x08008614   0x000000e4   Code   RO         5417    i.USBH_MSC_Configure  USB_CM3_L.lib(usbh_lib_msc.o)
    0x080086f8   0x080086f8   0x00000038   Code   RO         5418    i.USBH_MSC_GetDevice  USB_CM3_L.lib(usbh_lib_msc.o)
    0x08008730   0x08008730   0x00000028   Code   RO         5419    i.USBH_MSC_GetStatus  USB_CM3_L.lib(usbh_lib_msc.o)
    0x08008758   0x08008758   0x00000002   Code   RO         5420    i.USBH_MSC_Initialize  USB_CM3_L.lib(usbh_lib_msc.o)
    0x0800875a   0x0800875a   0x00000002   PAD
    0x0800875c   0x0800875c   0x00000244   Code   RO         5421    i.USBH_MSC_Initialize_Lib  USB_CM3_L.lib(usbh_lib_msc.o)
    0x080089a0   0x080089a0   0x00000054   Code   RO         5422    i.USBH_MSC_Read     USB_CM3_L.lib(usbh_lib_msc.o)
    0x080089f4   0x080089f4   0x00000030   Code   RO         5423    i.USBH_MSC_ReadCapacity  USB_CM3_L.lib(usbh_lib_msc.o)
    0x08008a24   0x08008a24   0x00000108   Code   RO         5425    i.USBH_MSC_SCSI_Inquiry  USB_CM3_L.lib(usbh_lib_msc.o)
    0x08008b2c   0x08008b2c   0x00000128   Code   RO         5426    i.USBH_MSC_SCSI_Read10  USB_CM3_L.lib(usbh_lib_msc.o)
    0x08008c54   0x08008c54   0x00000114   Code   RO         5427    i.USBH_MSC_SCSI_ReadCapacity  USB_CM3_L.lib(usbh_lib_msc.o)
    0x08008d68   0x08008d68   0x0000010c   Code   RO         5428    i.USBH_MSC_SCSI_RequestSense  USB_CM3_L.lib(usbh_lib_msc.o)
    0x08008e74   0x08008e74   0x000000e8   Code   RO         5429    i.USBH_MSC_SCSI_TestUnitReady  USB_CM3_L.lib(usbh_lib_msc.o)
    0x08008f5c   0x08008f5c   0x00000128   Code   RO         5430    i.USBH_MSC_SCSI_Write10  USB_CM3_L.lib(usbh_lib_msc.o)
    0x08009084   0x08009084   0x00000064   Code   RO         5431    i.USBH_MSC_Unconfigure  USB_CM3_L.lib(usbh_lib_msc.o)
    0x080090e8   0x080090e8   0x00000002   Code   RO         5432    i.USBH_MSC_Uninitialize  USB_CM3_L.lib(usbh_lib_msc.o)
    0x080090ea   0x080090ea   0x0000000a   Code   RO         5433    i.USBH_MSC_Uninitialize_Lib  USB_CM3_L.lib(usbh_lib_msc.o)
    0x080090f4   0x080090f4   0x00000054   Code   RO         5434    i.USBH_MSC_Write    USB_CM3_L.lib(usbh_lib_msc.o)
    0x08009148   0x08009148   0x0000002e   Code   RO         5256    i.USBH_MemoryAllocate  USB_CM3_L.lib(usbh_lib_core.o)
    0x08009176   0x08009176   0x00000002   PAD
    0x08009178   0x08009178   0x00000044   Code   RO         6138    i.USBH_MemoryAllocateLib  USB_CM3_L.lib(usbh_lib_mem.o)
    0x080091bc   0x080091bc   0x00000024   Code   RO         5257    i.USBH_MemoryFree   USB_CM3_L.lib(usbh_lib_core.o)
    0x080091e0   0x080091e0   0x00000040   Code   RO         6139    i.USBH_MemoryFreeLib  USB_CM3_L.lib(usbh_lib_mem.o)
    0x08009220   0x08009220   0x00000010   Code   RO         6140    i.USBH_MemoryGetPoolSize  USB_CM3_L.lib(usbh_lib_mem.o)
    0x08009230   0x08009230   0x0000001a   Code   RO         5258    i.USBH_MemoryInitialize  USB_CM3_L.lib(usbh_lib_core.o)
    0x0800924a   0x0800924a   0x00000002   PAD
    0x0800924c   0x0800924c   0x00000040   Code   RO         6141    i.USBH_MemoryInitializeLib  USB_CM3_L.lib(usbh_lib_mem.o)
    0x0800928c   0x0800928c   0x0000002c   Code   RO         6142    i.USBH_MemoryIsInPool  USB_CM3_L.lib(usbh_lib_mem.o)
    0x080092b8   0x080092b8   0x0000001a   Code   RO         4123    i.USBH_MutexAcquire  usbh_config_0.o
    0x080092d2   0x080092d2   0x00000002   PAD
    0x080092d4   0x080092d4   0x00000024   Code   RO         4124    i.USBH_MutexCreate  usbh_config_0.o
    0x080092f8   0x080092f8   0x00000016   Code   RO         4125    i.USBH_MutexDelete  usbh_config_0.o
    0x0800930e   0x0800930e   0x00000016   Code   RO         4126    i.USBH_MutexRelease  usbh_config_0.o
    0x08009324   0x08009324   0x00000002   Code   RO         5260    i.USBH_Notify       USB_CM3_L.lib(usbh_lib_core.o)
    0x08009326   0x08009326   0x00000008   Code   RO         5261    i.USBH_Notify_Lib   USB_CM3_L.lib(usbh_lib_core.o)
    0x0800932e   0x0800932e   0x00000002   PAD
    0x08009330   0x08009330   0x0000005c   Code   RO         5262    i.USBH_PipeAbort    USB_CM3_L.lib(usbh_lib_core.o)
    0x0800938c   0x0800938c   0x00000104   Code   RO         1315    i.USBH_PipeCreate   usbh_fs_stm32f4xx.o
    0x08009490   0x08009490   0x0000006c   Code   RO         5263    i.USBH_PipeCreate   USB_CM3_L.lib(usbh_lib_core.o)
    0x080094fc   0x080094fc   0x00000050   Code   RO         1316    i.USBH_PipeDelete   usbh_fs_stm32f4xx.o
    0x0800954c   0x0800954c   0x00000040   Code   RO         5264    i.USBH_PipeDelete   USB_CM3_L.lib(usbh_lib_core.o)
    0x0800958c   0x0800958c   0x000000bc   Code   RO         5265    i.USBH_PipeDoPing   USB_CM3_L.lib(usbh_lib_core.o)
    0x08009648   0x08009648   0x00000078   Code   RO         1317    i.USBH_PipeModify   usbh_fs_stm32f4xx.o
    0x080096c0   0x080096c0   0x0000026c   Code   RO         5266    i.USBH_PipeReceive  USB_CM3_L.lib(usbh_lib_core.o)
    0x0800992c   0x0800992c   0x00000044   Code   RO         1318    i.USBH_PipeReset    usbh_fs_stm32f4xx.o
    0x08009970   0x08009970   0x0000028c   Code   RO         5269    i.USBH_PipeSend     USB_CM3_L.lib(usbh_lib_core.o)
    0x08009bfc   0x08009bfc   0x0000013c   Code   RO         5271    i.USBH_PipeSendSetup  USB_CM3_L.lib(usbh_lib_core.o)
    0x08009d38   0x08009d38   0x00000098   Code   RO         1319    i.USBH_PipeTransfer  usbh_fs_stm32f4xx.o
    0x08009dd0   0x08009dd0   0x00000048   Code   RO         1320    i.USBH_PipeTransferAbort  usbh_fs_stm32f4xx.o
    0x08009e18   0x08009e18   0x00000020   Code   RO         1321    i.USBH_PipeTransferGetResult  usbh_fs_stm32f4xx.o
    0x08009e38   0x08009e38   0x000000f4   Code   RO         1322    i.USBH_PortGetState  usbh_fs_stm32f4xx.o
    0x08009f2c   0x08009f2c   0x00000064   Code   RO         1323    i.USBH_PortReset    usbh_fs_stm32f4xx.o
    0x08009f90   0x08009f90   0x00000030   Code   RO         1324    i.USBH_PortResume   usbh_fs_stm32f4xx.o
    0x08009fc0   0x08009fc0   0x00000030   Code   RO         1325    i.USBH_PortSuspend  usbh_fs_stm32f4xx.o
    0x08009ff0   0x08009ff0   0x00000050   Code   RO         1326    i.USBH_PortVbusOnOff  usbh_fs_stm32f4xx.o
    0x0800a040   0x0800a040   0x0000023c   Code   RO         1327    i.USBH_PowerControl  usbh_fs_stm32f4xx.o
    0x0800a27c   0x0800a27c   0x000000c0   Code   RO         5275    i.USBH_PrepareEnumerateDevice  USB_CM3_L.lib(usbh_lib_core.o)
    0x0800a33c   0x0800a33c   0x000001c8   Code   RO         5277    i.USBH_RecoveryEnumerateDevice  USB_CM3_L.lib(usbh_lib_core.o)
    0x0800a504   0x0800a504   0x00000026   Code   RO         4127    i.USBH_SemaphoreAcquire  usbh_config_0.o
    0x0800a52a   0x0800a52a   0x00000002   PAD
    0x0800a52c   0x0800a52c   0x00000028   Code   RO         4128    i.USBH_SemaphoreCreate  usbh_config_0.o
    0x0800a554   0x0800a554   0x00000016   Code   RO         4129    i.USBH_SemaphoreDelete  usbh_config_0.o
    0x0800a56a   0x0800a56a   0x00000016   Code   RO         4130    i.USBH_SemaphoreRelease  usbh_config_0.o
    0x0800a580   0x0800a580   0x0000001c   Code   RO         5376    i.USBH_SignalPipeEvent  USB_CM3_L.lib(usbh_lib_drv.o)
    0x0800a59c   0x0800a59c   0x00000058   Code   RO         5377    i.USBH_SignalPortEvent  USB_CM3_L.lib(usbh_lib_drv.o)
    0x0800a5f4   0x0800a5f4   0x00000038   Code   RO         4131    i.USBH_ThreadCreate  usbh_config_0.o
    0x0800a62c   0x0800a62c   0x00000018   Code   RO         4132    i.USBH_ThreadFlagsSet  usbh_config_0.o
    0x0800a644   0x0800a644   0x00000048   Code   RO         4133    i.USBH_ThreadFlagsWait  usbh_config_0.o
    0x0800a68c   0x0800a68c   0x00000008   Code   RO         4134    i.USBH_ThreadGetHandle  usbh_config_0.o
    0x0800a694   0x0800a694   0x00000016   Code   RO         4135    i.USBH_ThreadTerminate  usbh_config_0.o
    0x0800a6aa   0x0800a6aa   0x00000002   PAD
    0x0800a6ac   0x0800a6ac   0x00000020   Code   RO         4136    i.USBH_TimerCreate  usbh_config_0.o
    0x0800a6cc   0x0800a6cc   0x00000016   Code   RO         4137    i.USBH_TimerDelete  usbh_config_0.o
    0x0800a6e2   0x0800a6e2   0x0000001a   Code   RO         4138    i.USBH_TimerStart   usbh_config_0.o
    0x0800a6fc   0x0800a6fc   0x0000002c   Code   RO         1328    i.USBH_Uninitialize  usbh_fs_stm32f4xx.o
    0x0800a728   0x0800a728   0x00000100   Code   RO         5279    i.USBH_UninitializeDevices  USB_CM3_L.lib(usbh_lib_core.o)
    0x0800a828   0x0800a828   0x00000004   Code   RO          322    i.UsageFault_Handler  stm32f4xx_it.o
    0x0800a82c   0x0800a82c   0x0000003c   Code   RO         1329    i.__NVIC_DisableIRQ  usbh_fs_stm32f4xx.o
    0x0800a868   0x0800a868   0x00000022   Code   RO         1330    i.__NVIC_EnableIRQ  usbh_fs_stm32f4xx.o
    0x0800a88a   0x0800a88a   0x00000002   PAD
    0x0800a88c   0x0800a88c   0x00000010   Code   RO         1731    i.__NVIC_GetPriorityGrouping  stm32f4xx_hal_cortex.o
    0x0800a89c   0x0800a89c   0x00000028   Code   RO         1732    i.__NVIC_SetPriority  stm32f4xx_hal_cortex.o
    0x0800a8c4   0x0800a8c4   0x00000064   Code   RO         5190    i.__sys_close       FS_LFN_CM3_L.lib(fs_sys.o)
    0x0800a928   0x0800a928   0x00000064   Code   RO         5192    i.__sys_flen        FS_LFN_CM3_L.lib(fs_sys.o)
    0x0800a98c   0x0800a98c   0x00000090   Code   RO         5193    i.__sys_open        FS_LFN_CM3_L.lib(fs_sys.o)
    0x0800aa1c   0x0800aa1c   0x00000084   Code   RO         5194    i.__sys_read        FS_LFN_CM3_L.lib(fs_sys.o)
    0x0800aaa0   0x0800aaa0   0x00000070   Code   RO         5195    i.__sys_seek        FS_LFN_CM3_L.lib(fs_sys.o)
    0x0800ab10   0x0800ab10   0x00000074   Code   RO         5196    i.__sys_write       FS_LFN_CM3_L.lib(fs_sys.o)
    0x0800ab84   0x0800ab84   0x0000002c   Code   RO          971    i.__user_perthread_libspace  rtx_conf_cm.o
    0x0800abb0   0x0800abb0   0x00000046   Code   RO         5769    i._init_box         RTX_CM4.lib(rt_membox.o)
    0x0800abf6   0x0800abf6   0x00000002   PAD
    0x0800abf8   0x0800abf8   0x00000020   Code   RO          972    i._mutex_acquire    rtx_conf_cm.o
    0x0800ac18   0x0800ac18   0x0000002c   Code   RO          973    i._mutex_initialize  rtx_conf_cm.o
    0x0800ac44   0x0800ac44   0x0000001c   Code   RO          974    i._mutex_release    rtx_conf_cm.o
    0x0800ac60   0x0800ac60   0x0000002a   Code   RO         1456    i._sys_close        retarget_io.o
    0x0800ac8a   0x0800ac8a   0x0000002a   Code   RO         1457    i._sys_flen         retarget_io.o
    0x0800acb4   0x0800acb4   0x00000024   Code   RO         1458    i._sys_istty        retarget_io.o
    0x0800acd8   0x0800acd8   0x0000006c   Code   RO         1459    i._sys_open         retarget_io.o
    0x0800ad44   0x0800ad44   0x0000003e   Code   RO         1460    i._sys_read         retarget_io.o
    0x0800ad82   0x0800ad82   0x00000034   Code   RO         1461    i._sys_seek         retarget_io.o
    0x0800adb6   0x0800adb6   0x0000003a   Code   RO         1462    i._sys_write        retarget_io.o
    0x0800adf0   0x0800adf0   0x0000006a   Code   RO         5913    i.alloc_clus        FS_LFN_CM3_L.lib(fs_fat.o)
    0x0800ae5a   0x0800ae5a   0x0000009a   Code   RO         5914    i.alloc_table_read  FS_LFN_CM3_L.lib(fs_fat.o)
    0x0800aef4   0x0800aef4   0x000000dc   Code   RO         5915    i.alloc_table_write  FS_LFN_CM3_L.lib(fs_fat.o)
    0x0800afd0   0x0800afd0   0x000000b4   Code   RO         5916    i.bs_read           FS_LFN_CM3_L.lib(fs_fat.o)
    0x0800b084   0x0800b084   0x00000096   Code   RO         5918    i.cache_fat         FS_LFN_CM3_L.lib(fs_fat.o)
    0x0800b11a   0x0800b11a   0x00000060   Code   RO         5919    i.char_validate     FS_LFN_CM3_L.lib(fs_fat.o)
    0x0800b17a   0x0800b17a   0x00000044   Code   RO         5920    i.clear_clus        FS_LFN_CM3_L.lib(fs_fat.o)
    0x0800b1be   0x0800b1be   0x00000024   Code   RO         5921    i.clus_to_sect      FS_LFN_CM3_L.lib(fs_fat.o)
    0x0800b1e2   0x0800b1e2   0x00000002   PAD
    0x0800b1e4   0x0800b1e4   0x000000d4   Code   RO         5922    i.create_dot_entries  FS_LFN_CM3_L.lib(fs_fat.o)
    0x0800b2b8   0x0800b2b8   0x000000e4   Code   RO         5923    i.create_lfn_entry  FS_LFN_CM3_L.lib(fs_fat.o)
    0x0800b39c   0x0800b39c   0x0000008a   Code   RO         5924    i.create_sfn_entry  FS_LFN_CM3_L.lib(fs_fat.o)
    0x0800b426   0x0800b426   0x00000008   Code   RO          826    i.cs43l22_DeInit    cs43l22.o
    0x0800b42e   0x0800b42e   0x00000002   PAD
    0x0800b430   0x0800b430   0x00000104   Code   RO          827    i.cs43l22_Init      cs43l22.o
    0x0800b534   0x0800b534   0x00000020   Code   RO          828    i.cs43l22_Pause     cs43l22.o
    0x0800b554   0x0800b554   0x00000048   Code   RO          829    i.cs43l22_Play      cs43l22.o
    0x0800b59c   0x0800b59c   0x0000001a   Code   RO          830    i.cs43l22_ReadID    cs43l22.o
    0x0800b5b6   0x0800b5b6   0x00000006   Code   RO          831    i.cs43l22_Reset     cs43l22.o
    0x0800b5bc   0x0800b5bc   0x00000048   Code   RO          832    i.cs43l22_Resume    cs43l22.o
    0x0800b604   0x0800b604   0x00000006   Code   RO          833    i.cs43l22_SetFrequency  cs43l22.o
    0x0800b60a   0x0800b60a   0x00000002   PAD
    0x0800b60c   0x0800b60c   0x00000060   Code   RO          834    i.cs43l22_SetMute   cs43l22.o
    0x0800b66c   0x0800b66c   0x00000088   Code   RO          835    i.cs43l22_SetOutputMode  cs43l22.o
    0x0800b6f4   0x0800b6f4   0x0000006c   Code   RO          836    i.cs43l22_SetVolume  cs43l22.o
    0x0800b760   0x0800b760   0x00000038   Code   RO          837    i.cs43l22_Stop      cs43l22.o
    0x0800b798   0x0800b798   0x00000030   Code   RO         5822    i.dbg_init          RTX_CM4.lib(hal_cm.o)
    0x0800b7c8   0x0800b7c8   0x00000020   Code   RO         5823    i.dbg_task_notify   RTX_CM4.lib(hal_cm.o)
    0x0800b7e8   0x0800b7e8   0x00000010   Code   RO         5824    i.dbg_task_switch   RTX_CM4.lib(hal_cm.o)
    0x0800b7f8   0x0800b7f8   0x00000004   Code   RO         3793    i.efs_close         fs_config.o
    0x0800b7fc   0x0800b7fc   0x00000004   Code   RO         3796    i.efs_ffind         fs_config.o
    0x0800b800   0x0800b800   0x00000006   Code   RO         3797    i.efs_flen          fs_config.o
    0x0800b806   0x0800b806   0x00000006   Code   RO         3801    i.efs_handle_get    fs_config.o
    0x0800b80c   0x0800b80c   0x00000004   Code   RO         3803    i.efs_init          fs_config.o
    0x0800b810   0x0800b810   0x00000004   Code   RO         3804    i.efs_mount         fs_config.o
    0x0800b814   0x0800b814   0x00000004   Code   RO         3805    i.efs_open          fs_config.o
    0x0800b818   0x0800b818   0x00000004   Code   RO         3806    i.efs_read          fs_config.o
    0x0800b81c   0x0800b81c   0x00000004   Code   RO         3808    i.efs_seek          fs_config.o
    0x0800b820   0x0800b820   0x00000006   Code   RO         3811    i.efs_write         fs_config.o
    0x0800b826   0x0800b826   0x00000004   Code   RO         3812    i.elink_cmd         fs_config.o
    0x0800b82a   0x0800b82a   0x00000004   Code   RO         3814    i.elink_dir         fs_config.o
    0x0800b82e   0x0800b82e   0x00000004   Code   RO         3815    i.elink_init        fs_config.o
    0x0800b832   0x0800b832   0x00000004   Code   RO         3816    i.elink_insert      fs_config.o
    0x0800b836   0x0800b836   0x00000004   Code   RO         3817    i.elink_scan        fs_config.o
    0x0800b83a   0x0800b83a   0x00000038   Code   RO         5925    i.entry_flush       FS_LFN_CM3_L.lib(fs_fat.o)
    0x0800b872   0x0800b872   0x0000001c   Code   RO         5926    i.entry_pos_comp    FS_LFN_CM3_L.lib(fs_fat.o)
    0x0800b88e   0x0800b88e   0x00000060   Code   RO         5927    i.entry_pos_inc     FS_LFN_CM3_L.lib(fs_fat.o)
    0x0800b8ee   0x0800b8ee   0x00000044   Code   RO         5928    i.entry_read        FS_LFN_CM3_L.lib(fs_fat.o)
    0x0800b932   0x0800b932   0x0000002e   Code   RO         5929    i.entry_type        FS_LFN_CM3_L.lib(fs_fat.o)
    0x0800b960   0x0800b960   0x00000128   Code   RO         5932    i.fat_close         FS_LFN_CM3_L.lib(fs_fat.o)
    0x0800ba88   0x0800ba88   0x00000030   Code   RO         5933    i.fat_crc32         FS_LFN_CM3_L.lib(fs_fat.o)
    0x0800bab8   0x0800bab8   0x000000ee   Code   RO         5936    i.fat_ffind         FS_LFN_CM3_L.lib(fs_fat.o)
    0x0800bba6   0x0800bba6   0x00000002   PAD
    0x0800bba8   0x0800bba8   0x00000020   Code   RO         5937    i.fat_flen          FS_LFN_CM3_L.lib(fs_fat.o)
    0x0800bbc8   0x0800bbc8   0x00000040   Code   RO         5941    i.fat_handle_get    FS_LFN_CM3_L.lib(fs_fat.o)
    0x0800bc08   0x0800bc08   0x00000054   Code   RO         5943    i.fat_init          FS_LFN_CM3_L.lib(fs_fat.o)
    0x0800bc5c   0x0800bc5c   0x00000004   Code   RO         3818    i.fat_jour_init     fs_config.o
    0x0800bc60   0x0800bc60   0x000001e4   Code   RO         5948    i.fat_mount         FS_LFN_CM3_L.lib(fs_fat.o)
    0x0800be44   0x0800be44   0x000001c8   Code   RO         5949    i.fat_open          FS_LFN_CM3_L.lib(fs_fat.o)
    0x0800c00c   0x0800c00c   0x00000104   Code   RO         5951    i.fat_read          FS_LFN_CM3_L.lib(fs_fat.o)
    0x0800c110   0x0800c110   0x00000208   Code   RO         5954    i.fat_seek          FS_LFN_CM3_L.lib(fs_fat.o)
    0x0800c318   0x0800c318   0x00000090   Code   RO         5958    i.fat_vol_chk       FS_LFN_CM3_L.lib(fs_fat.o)
    0x0800c3a8   0x0800c3a8   0x00000184   Code   RO         5959    i.fat_write         FS_LFN_CM3_L.lib(fs_fat.o)
    0x0800c52c   0x0800c52c   0x000000e4   Code   RO         5139    i.ffind             FS_LFN_CM3_L.lib(fs_mapi.o)
    0x0800c610   0x0800c610   0x00000048   Code   RO         5960    i.file_locked       FS_LFN_CM3_L.lib(fs_fat.o)
    0x0800c658   0x0800c658   0x00000048   Code   RO         5143    i.finit             FS_LFN_CM3_L.lib(fs_mapi.o)
    0x0800c6a0   0x0800c6a0   0x00000054   Code   RO         5146    i.fmount            FS_LFN_CM3_L.lib(fs_mapi.o)
    0x0800c6f4   0x0800c6f4   0x0000002c   Code   RO         5962    i.format_date       FS_LFN_CM3_L.lib(fs_fat.o)
    0x0800c720   0x0800c720   0x0000002e   Code   RO         5963    i.format_time       FS_LFN_CM3_L.lib(fs_fat.o)
    0x0800c74e   0x0800c74e   0x000000aa   Code   RO         5964    i.frec_allocate     FS_LFN_CM3_L.lib(fs_fat.o)
    0x0800c7f8   0x0800c7f8   0x00000220   Code   RO         5967    i.frec_find         FS_LFN_CM3_L.lib(fs_fat.o)
    0x0800ca18   0x0800ca18   0x0000005a   Code   RO         5968    i.frec_find_elink   FS_LFN_CM3_L.lib(fs_fat.o)
    0x0800ca72   0x0800ca72   0x00000002   PAD
    0x0800ca74   0x0800ca74   0x000001ac   Code   RO         5969    i.frec_next         FS_LFN_CM3_L.lib(fs_fat.o)
    0x0800cc20   0x0800cc20   0x000000a8   Code   RO         5150    i.fs_component_init  FS_LFN_CM3_L.lib(fs_mapi.o)
    0x0800ccc8   0x0800ccc8   0x0000003c   Code   RO         3821    i.fs_config         fs_config.o
    0x0800cd04   0x0800cd04   0x00000002   Code   RO         5151    i.fs_config_evr     FS_LFN_CM3_L.lib(fs_mapi.o)
    0x0800cd06   0x0800cd06   0x00000002   PAD
    0x0800cd08   0x0800cd08   0x0000008c   Code   RO         5885    i.fs_drive_id       FS_LFN_CM3_L.lib(fs_common.o)
    0x0800cd94   0x0800cd94   0x00000006   Code   RO         3822    i.fs_get_rtos_tick_freq  fs_config.o
    0x0800cd9a   0x0800cd9a   0x0000001a   Code   RO         6186    i.fs_get_time       FS_LFN_CM3_L.lib(fs_time.o)
    0x0800cdb4   0x0800cdb4   0x00000012   Code   RO         3825    i.fs_mutex_acquire  fs_config.o
    0x0800cdc6   0x0800cdc6   0x00000004   Code   RO         3827    i.fs_mutex_new      fs_config.o
    0x0800cdca   0x0800cdca   0x00000010   Code   RO         3828    i.fs_mutex_release  fs_config.o
    0x0800cdda   0x0800cdda   0x00000002   PAD
    0x0800cddc   0x0800cddc   0x00000020   Code   RO         5886    i.fs_set_cdrive     FS_LFN_CM3_L.lib(fs_common.o)
    0x0800cdfc   0x0800cdfc   0x00000050   Code   RO         5887    i.fs_strmatch       FS_LFN_CM3_L.lib(fs_common.o)
    0x0800ce4c   0x0800ce4c   0x00000042   Code   RO         5888    i.fs_strncasecmp    FS_LFN_CM3_L.lib(fs_common.o)
    0x0800ce8e   0x0800ce8e   0x00000018   Code   RO         5889    i.fs_strpos         FS_LFN_CM3_L.lib(fs_common.o)
    0x0800cea6   0x0800cea6   0x00000002   PAD
    0x0800cea8   0x0800cea8   0x0000007c   Code   RO         5970    i.fsinfo_read       FS_LFN_CM3_L.lib(fs_fat.o)
    0x0800cf24   0x0800cf24   0x00000060   Code   RO         5971    i.fsinfo_write      FS_LFN_CM3_L.lib(fs_fat.o)
    0x0800cf84   0x0800cf84   0x00000004   Code   RO         3832    i.fsj_write         fs_config.o
    0x0800cf88   0x0800cf88   0x00000022   Code   RO         5972    i.get_EOC           FS_LFN_CM3_L.lib(fs_fat.o)
    0x0800cfaa   0x0800cfaa   0x00000032   Code   RO         5974    i.get_fat_sect      FS_LFN_CM3_L.lib(fs_fat.o)
    0x0800cfdc   0x0800cfdc   0x00000010   Code   RO         5975    i.get_root_clus     FS_LFN_CM3_L.lib(fs_fat.o)
    0x0800cfec   0x0800cfec   0x00000010   Code   RO         5890    i.get_u16           FS_LFN_CM3_L.lib(fs_common.o)
    0x0800cffc   0x0800cffc   0x00000016   Code   RO         5891    i.get_u32           FS_LFN_CM3_L.lib(fs_common.o)
    0x0800d012   0x0800d012   0x0000002a   Code   RO         4355    i.isrMessageGet     RTX_CM4.lib(rt_cmsis.o)
    0x0800d03c   0x0800d03c   0x0000002c   Code   RO         4356    i.isrMessagePut     RTX_CM4.lib(rt_cmsis.o)
    0x0800d068   0x0800d068   0x00000028   Code   RO         4357    i.isrSemaphoreRelease  RTX_CM4.lib(rt_cmsis.o)
    0x0800d090   0x0800d090   0x00000024   Code   RO         4358    i.isrSignalSet      RTX_CM4.lib(rt_cmsis.o)
    0x0800d0b4   0x0800d0b4   0x00000028   Code   RO         5560    i.isr_evt_set       RTX_CM4.lib(rt_event.o)
    0x0800d0dc   0x0800d0dc   0x00000056   Code   RO         5678    i.isr_mbx_receive   RTX_CM4.lib(rt_mailbox.o)
    0x0800d132   0x0800d132   0x0000000e   Code   RO         5679    i.isr_mbx_send      RTX_CM4.lib(rt_mailbox.o)
    0x0800d140   0x0800d140   0x00000010   Code   RO         5726    i.isr_sem_send      RTX_CM4.lib(rt_semaphore.o)
    0x0800d150   0x0800d150   0x00000020   Code   RO         5986    i.lfn_char_cnt      FS_LFN_CM3_L.lib(fs_fat.o)
    0x0800d170   0x0800d170   0x00000004   Code   RO         5987    i.link_clus         FS_LFN_CM3_L.lib(fs_fat.o)
    0x0800d174   0x0800d174   0x00000028   Code   RO         5988    i.long_ent_hash     FS_LFN_CM3_L.lib(fs_fat.o)
    0x0800d19c   0x0800d19c   0x0000001a   Code   RO            7    i.main              main.o
    0x0800d1b6   0x0800d1b6   0x000000b0   Code   RO         5990    i.name_analyse      FS_LFN_CM3_L.lib(fs_fat.o)
    0x0800d266   0x0800d266   0x000000b4   Code   RO         5991    i.name_basis_gen    FS_LFN_CM3_L.lib(fs_fat.o)
    0x0800d31a   0x0800d31a   0x00000008   Code   RO         5992    i.name_hash         FS_LFN_CM3_L.lib(fs_fat.o)
    0x0800d322   0x0800d322   0x00000002   PAD
    0x0800d324   0x0800d324   0x00000128   Code   RO         5993    i.name_nt_gen       FS_LFN_CM3_L.lib(fs_fat.o)
    0x0800d44c   0x0800d44c   0x00000052   Code   RO         5994    i.name_strip        FS_LFN_CM3_L.lib(fs_fat.o)
    0x0800d49e   0x0800d49e   0x0000001e   Code   RO         5995    i.name_validate     FS_LFN_CM3_L.lib(fs_fat.o)
    0x0800d4bc   0x0800d4bc   0x00000018   Code   RO         4359    i.osDelay           RTX_CM4.lib(rt_cmsis.o)
    0x0800d4d4   0x0800d4d4   0x00000024   Code   RO         4360    i.osKernelInitialize  RTX_CM4.lib(rt_cmsis.o)
    0x0800d4f8   0x0800d4f8   0x0000006c   Code   RO         4362    i.osKernelStart     RTX_CM4.lib(rt_cmsis.o)
    0x0800d564   0x0800d564   0x0000002c   Code   RO         4370    i.osMessageCreate   RTX_CM4.lib(rt_cmsis.o)
    0x0800d590   0x0800d590   0x00000018   Code   RO         4371    i.osMessageGet      RTX_CM4.lib(rt_cmsis.o)
    0x0800d5a8   0x0800d5a8   0x00000018   Code   RO         4372    i.osMessagePut      RTX_CM4.lib(rt_cmsis.o)
    0x0800d5c0   0x0800d5c0   0x0000002c   Code   RO         4373    i.osMutexCreate     RTX_CM4.lib(rt_cmsis.o)
    0x0800d5ec   0x0800d5ec   0x00000018   Code   RO         4374    i.osMutexDelete     RTX_CM4.lib(rt_cmsis.o)
    0x0800d604   0x0800d604   0x00000018   Code   RO         4375    i.osMutexRelease    RTX_CM4.lib(rt_cmsis.o)
    0x0800d61c   0x0800d61c   0x00000018   Code   RO         4376    i.osMutexWait       RTX_CM4.lib(rt_cmsis.o)
    0x0800d634   0x0800d634   0x0000002c   Code   RO         4381    i.osSemaphoreCreate  RTX_CM4.lib(rt_cmsis.o)
    0x0800d660   0x0800d660   0x00000018   Code   RO         4382    i.osSemaphoreDelete  RTX_CM4.lib(rt_cmsis.o)
    0x0800d678   0x0800d678   0x00000018   Code   RO         4383    i.osSemaphoreRelease  RTX_CM4.lib(rt_cmsis.o)
    0x0800d690   0x0800d690   0x00000018   Code   RO         4384    i.osSemaphoreWait   RTX_CM4.lib(rt_cmsis.o)
    0x0800d6a8   0x0800d6a8   0x00000018   Code   RO         4386    i.osSignalSet       RTX_CM4.lib(rt_cmsis.o)
    0x0800d6c0   0x0800d6c0   0x00000018   Code   RO         4387    i.osSignalWait      RTX_CM4.lib(rt_cmsis.o)
    0x0800d6d8   0x0800d6d8   0x0000002c   Code   RO         4388    i.osThreadCreate    RTX_CM4.lib(rt_cmsis.o)
    0x0800d704   0x0800d704   0x00000018   Code   RO         4389    i.osThreadExit      RTX_CM4.lib(rt_cmsis.o)
    0x0800d71c   0x0800d71c   0x00000018   Code   RO         4390    i.osThreadGetId     RTX_CM4.lib(rt_cmsis.o)
    0x0800d734   0x0800d734   0x00000018   Code   RO         4393    i.osThreadTerminate  RTX_CM4.lib(rt_cmsis.o)
    0x0800d74c   0x0800d74c   0x0000000c   Code   RO         4395    i.osTimerCall       RTX_CM4.lib(rt_cmsis.o)
    0x0800d758   0x0800d758   0x0000002c   Code   RO         4396    i.osTimerCreate     RTX_CM4.lib(rt_cmsis.o)
    0x0800d784   0x0800d784   0x00000018   Code   RO         4397    i.osTimerDelete     RTX_CM4.lib(rt_cmsis.o)
    0x0800d79c   0x0800d79c   0x00000018   Code   RO         4398    i.osTimerStart      RTX_CM4.lib(rt_cmsis.o)
    0x0800d7b4   0x0800d7b4   0x0000002c   Code   RO         4400    i.osTimerThread     RTX_CM4.lib(rt_cmsis.o)
    0x0800d7e0   0x0800d7e0   0x00000022   Code   RO          975    i.os_error          rtx_conf_cm.o
    0x0800d802   0x0800d802   0x00000004   Code   RO          976    i.os_idle_demon     rtx_conf_cm.o
    0x0800d806   0x0800d806   0x00000002   PAD
    0x0800d808   0x0800d808   0x00000028   Code   RO         5470    i.os_tick_init      RTX_CM4.lib(rt_system.o)
    0x0800d830   0x0800d830   0x00000002   Code   RO         5471    i.os_tick_irqack    RTX_CM4.lib(rt_system.o)
    0x0800d832   0x0800d832   0x0000022e   Code   RO         5996    i.path_create       FS_LFN_CM3_L.lib(fs_fat.o)
    0x0800da60   0x0800da60   0x00000032   Code   RO         5997    i.path_init         FS_LFN_CM3_L.lib(fs_fat.o)
    0x0800da92   0x0800da92   0x000000a6   Code   RO         5998    i.path_open         FS_LFN_CM3_L.lib(fs_fat.o)
    0x0800db38   0x0800db38   0x00000046   Code   RO         5999    i.path_validate     FS_LFN_CM3_L.lib(fs_fat.o)
    0x0800db7e   0x0800db7e   0x0000007a   Code   RO         6000    i.read_cache        FS_LFN_CM3_L.lib(fs_fat.o)
    0x0800dbf8   0x0800dbf8   0x00000052   Code   RO         6001    i.read_sector       FS_LFN_CM3_L.lib(fs_fat.o)
    0x0800dc4a   0x0800dc4a   0x0000001a   Code   RO         5770    i.rt_alloc_box      RTX_CM4.lib(rt_membox.o)
    0x0800dc64   0x0800dc64   0x0000003e   Code   RO         5798    i.rt_alloc_mem      RTX_CM4.lib(rt_memory.o)
    0x0800dca2   0x0800dca2   0x00000002   PAD
    0x0800dca4   0x0800dca4   0x00000038   Code   RO         4977    i.rt_block          RTX_CM4.lib(rt_task.o)
    0x0800dcdc   0x0800dcdc   0x00000002   Code   RO          977    i.rt_chk_robin      rtx_conf_cm.o
    0x0800dcde   0x0800dcde   0x00000002   PAD
    0x0800dce0   0x0800dce0   0x00000070   Code   RO         5602    i.rt_dec_dly        RTX_CM4.lib(rt_list.o)
    0x0800dd50   0x0800dd50   0x00000044   Code   RO         4978    i.rt_dispatch       RTX_CM4.lib(rt_task.o)
    0x0800dd94   0x0800dd94   0x00000006   Code   RO         5061    i.rt_dly_wait       RTX_CM4.lib(rt_time.o)
    0x0800dd9a   0x0800dd9a   0x00000002   PAD
    0x0800dd9c   0x0800dd9c   0x00000050   Code   RO         5563    i.rt_evt_psh        RTX_CM4.lib(rt_event.o)
    0x0800ddec   0x0800ddec   0x0000005c   Code   RO         5564    i.rt_evt_set        RTX_CM4.lib(rt_event.o)
    0x0800de48   0x0800de48   0x0000003c   Code   RO         5565    i.rt_evt_wait       RTX_CM4.lib(rt_event.o)
    0x0800de84   0x0800de84   0x0000002c   Code   RO         5771    i.rt_free_box       RTX_CM4.lib(rt_membox.o)
    0x0800deb0   0x0800deb0   0x00000028   Code   RO         5799    i.rt_free_mem       RTX_CM4.lib(rt_memory.o)
    0x0800ded8   0x0800ded8   0x00000028   Code   RO         5603    i.rt_get_first      RTX_CM4.lib(rt_list.o)
    0x0800df00   0x0800df00   0x00000008   Code   RO         4405    i.rt_id2obj         RTX_CM4.lib(rt_cmsis.o)
    0x0800df08   0x0800df08   0x00000048   Code   RO         4979    i.rt_init_context   RTX_CM4.lib(rt_task.o)
    0x0800df50   0x0800df50   0x0000001a   Code   RO         5800    i.rt_init_mem       RTX_CM4.lib(rt_memory.o)
    0x0800df6a   0x0800df6a   0x00000002   Code   RO          978    i.rt_init_robin     rtx_conf_cm.o
    0x0800df6c   0x0800df6c   0x00000080   Code   RO         5825    i.rt_init_stack     RTX_CM4.lib(hal_cm.o)
    0x0800dfec   0x0800dfec   0x00000008   Code   RO         5680    i.rt_mbx_check      RTX_CM4.lib(rt_mailbox.o)
    0x0800dff4   0x0800dff4   0x0000001a   Code   RO         5681    i.rt_mbx_init       RTX_CM4.lib(rt_mailbox.o)
    0x0800e00e   0x0800e00e   0x00000002   PAD
    0x0800e010   0x0800e010   0x000000f0   Code   RO         5682    i.rt_mbx_psh        RTX_CM4.lib(rt_mailbox.o)
    0x0800e100   0x0800e100   0x00000098   Code   RO         5683    i.rt_mbx_send       RTX_CM4.lib(rt_mailbox.o)
    0x0800e198   0x0800e198   0x000000b4   Code   RO         5684    i.rt_mbx_wait       RTX_CM4.lib(rt_mailbox.o)
    0x0800e24c   0x0800e24c   0x00000044   Code   RO         4406    i.rt_ms2tick        RTX_CM4.lib(rt_cmsis.o)
    0x0800e290   0x0800e290   0x000000b0   Code   RO         5094    i.rt_mut_delete     RTX_CM4.lib(rt_mutex.o)
    0x0800e340   0x0800e340   0x00000010   Code   RO         5095    i.rt_mut_init       RTX_CM4.lib(rt_mutex.o)
    0x0800e350   0x0800e350   0x000000d8   Code   RO         5096    i.rt_mut_release    RTX_CM4.lib(rt_mutex.o)
    0x0800e428   0x0800e428   0x00000078   Code   RO         5097    i.rt_mut_wait       RTX_CM4.lib(rt_mutex.o)
    0x0800e4a0   0x0800e4a0   0x0000007c   Code   RO         5474    i.rt_pop_req        RTX_CM4.lib(rt_system.o)
    0x0800e51c   0x0800e51c   0x00000020   Code   RO         5475    i.rt_psh_req        RTX_CM4.lib(rt_system.o)
    0x0800e53c   0x0800e53c   0x0000005c   Code   RO         5605    i.rt_psq_enq        RTX_CM4.lib(rt_list.o)
    0x0800e598   0x0800e598   0x00000048   Code   RO         5606    i.rt_put_dly        RTX_CM4.lib(rt_list.o)
    0x0800e5e0   0x0800e5e0   0x00000036   Code   RO         5607    i.rt_put_prio       RTX_CM4.lib(rt_list.o)
    0x0800e616   0x0800e616   0x00000002   PAD
    0x0800e618   0x0800e618   0x00000014   Code   RO         5608    i.rt_put_rdy_first  RTX_CM4.lib(rt_list.o)
    0x0800e62c   0x0800e62c   0x00000034   Code   RO         5609    i.rt_resort_prio    RTX_CM4.lib(rt_list.o)
    0x0800e660   0x0800e660   0x00000010   Code   RO         5826    i.rt_ret_regs       RTX_CM4.lib(hal_cm.o)
    0x0800e670   0x0800e670   0x0000000c   Code   RO         5827    i.rt_ret_val        RTX_CM4.lib(hal_cm.o)
    0x0800e67c   0x0800e67c   0x00000010   Code   RO         5828    i.rt_ret_val2       RTX_CM4.lib(hal_cm.o)
    0x0800e68c   0x0800e68c   0x00000028   Code   RO         5610    i.rt_rmv_dly        RTX_CM4.lib(rt_list.o)
    0x0800e6b4   0x0800e6b4   0x00000030   Code   RO         5611    i.rt_rmv_list       RTX_CM4.lib(rt_list.o)
    0x0800e6e4   0x0800e6e4   0x0000005c   Code   RO         5727    i.rt_sem_delete     RTX_CM4.lib(rt_semaphore.o)
    0x0800e740   0x0800e740   0x0000000c   Code   RO         5728    i.rt_sem_init       RTX_CM4.lib(rt_semaphore.o)
    0x0800e74c   0x0800e74c   0x00000034   Code   RO         5729    i.rt_sem_psh        RTX_CM4.lib(rt_semaphore.o)
    0x0800e780   0x0800e780   0x0000002a   Code   RO         5730    i.rt_sem_send       RTX_CM4.lib(rt_semaphore.o)
    0x0800e7aa   0x0800e7aa   0x00000002   PAD
    0x0800e7ac   0x0800e7ac   0x00000040   Code   RO         5731    i.rt_sem_wait       RTX_CM4.lib(rt_semaphore.o)
    0x0800e7ec   0x0800e7ec   0x00000024   Code   RO         5477    i.rt_stk_check      RTX_CM4.lib(rt_system.o)
    0x0800e810   0x0800e810   0x00000028   Code   RO         4980    i.rt_switch_req     RTX_CM4.lib(rt_task.o)
    0x0800e838   0x0800e838   0x000000cc   Code   RO         4981    i.rt_sys_init       RTX_CM4.lib(rt_task.o)
    0x0800e904   0x0800e904   0x00000078   Code   RO         4982    i.rt_sys_start      RTX_CM4.lib(rt_task.o)
    0x0800e97c   0x0800e97c   0x00000040   Code   RO         5479    i.rt_systick        RTX_CM4.lib(rt_system.o)
    0x0800e9bc   0x0800e9bc   0x00000012   Code   RO         4407    i.rt_tid2ptcb       RTX_CM4.lib(rt_cmsis.o)
    0x0800e9ce   0x0800e9ce   0x00000002   PAD
    0x0800e9d0   0x0800e9d0   0x00000034   Code   RO         4408    i.rt_timer_insert   RTX_CM4.lib(rt_cmsis.o)
    0x0800ea04   0x0800ea04   0x0000003c   Code   RO         4409    i.rt_timer_remove   RTX_CM4.lib(rt_cmsis.o)
    0x0800ea40   0x0800ea40   0x00000088   Code   RO         4983    i.rt_tsk_create     RTX_CM4.lib(rt_task.o)
    0x0800eac8   0x0800eac8   0x0000017c   Code   RO         4984    i.rt_tsk_delete     RTX_CM4.lib(rt_task.o)
    0x0800ec44   0x0800ec44   0x0000007c   Code   RO         4986    i.rt_tsk_prio       RTX_CM4.lib(rt_task.o)
    0x0800ecc0   0x0800ecc0   0x00000010   Code   RO         4987    i.rt_tsk_self       RTX_CM4.lib(rt_task.o)
    0x0800ecd0   0x0800ecd0   0x00000008   Code   RO         5892    i.set_u16           FS_LFN_CM3_L.lib(fs_common.o)
    0x0800ecd8   0x0800ecd8   0x00000010   Code   RO         5893    i.set_u32           FS_LFN_CM3_L.lib(fs_common.o)
    0x0800ece8   0x0800ece8   0x00000048   Code   RO         6002    i.sfn_extract       FS_LFN_CM3_L.lib(fs_fat.o)
    0x0800ed30   0x0800ed30   0x0000001a   Code   RO         6003    i.short_ent_hash    FS_LFN_CM3_L.lib(fs_fat.o)
    0x0800ed4a   0x0800ed4a   0x0000001e   Code   RO         6004    i.sn_chksum         FS_LFN_CM3_L.lib(fs_fat.o)
    0x0800ed68   0x0800ed68   0x00000012   Code   RO         4410    i.svcDelay          RTX_CM4.lib(rt_cmsis.o)
    0x0800ed7a   0x0800ed7a   0x00000002   PAD
    0x0800ed7c   0x0800ed7c   0x00000070   Code   RO         4411    i.svcKernelInitialize  RTX_CM4.lib(rt_cmsis.o)
    0x0800edec   0x0800edec   0x00000048   Code   RO         4413    i.svcKernelStart    RTX_CM4.lib(rt_cmsis.o)
    0x0800ee34   0x0800ee34   0x00000024   Code   RO         4416    i.svcMessageCreate  RTX_CM4.lib(rt_cmsis.o)
    0x0800ee58   0x0800ee58   0x0000003a   Code   RO         4417    i.svcMessageGet     RTX_CM4.lib(rt_cmsis.o)
    0x0800ee92   0x0800ee92   0x00000036   Code   RO         4418    i.svcMessagePut     RTX_CM4.lib(rt_cmsis.o)
    0x0800eec8   0x0800eec8   0x0000001c   Code   RO         4419    i.svcMutexCreate    RTX_CM4.lib(rt_cmsis.o)
    0x0800eee4   0x0800eee4   0x0000001a   Code   RO         4420    i.svcMutexDelete    RTX_CM4.lib(rt_cmsis.o)
    0x0800eefe   0x0800eefe   0x00000022   Code   RO         4421    i.svcMutexRelease   RTX_CM4.lib(rt_cmsis.o)
    0x0800ef20   0x0800ef20   0x0000003a   Code   RO         4422    i.svcMutexWait      RTX_CM4.lib(rt_cmsis.o)
    0x0800ef5a   0x0800ef5a   0x00000024   Code   RO         4424    i.svcSemaphoreCreate  RTX_CM4.lib(rt_cmsis.o)
    0x0800ef7e   0x0800ef7e   0x0000001a   Code   RO         4425    i.svcSemaphoreDelete  RTX_CM4.lib(rt_cmsis.o)
    0x0800ef98   0x0800ef98   0x00000028   Code   RO         4426    i.svcSemaphoreRelease  RTX_CM4.lib(rt_cmsis.o)
    0x0800efc0   0x0800efc0   0x00000032   Code   RO         4427    i.svcSemaphoreWait  RTX_CM4.lib(rt_cmsis.o)
    0x0800eff2   0x0800eff2   0x00000024   Code   RO         4429    i.svcSignalSet      RTX_CM4.lib(rt_cmsis.o)
    0x0800f016   0x0800f016   0x00000002   PAD
    0x0800f018   0x0800f018   0x00000054   Code   RO         4430    i.svcSignalWait     RTX_CM4.lib(rt_cmsis.o)
    0x0800f06c   0x0800f06c   0x0000006c   Code   RO         4431    i.svcThreadCreate   RTX_CM4.lib(rt_cmsis.o)
    0x0800f0d8   0x0800f0d8   0x0000001c   Code   RO         4432    i.svcThreadGetId    RTX_CM4.lib(rt_cmsis.o)
    0x0800f0f4   0x0800f0f4   0x00000038   Code   RO         4435    i.svcThreadTerminate  RTX_CM4.lib(rt_cmsis.o)
    0x0800f12c   0x0800f12c   0x00000018   Code   RO         4437    i.svcTimerCall      RTX_CM4.lib(rt_cmsis.o)
    0x0800f144   0x0800f144   0x00000038   Code   RO         4438    i.svcTimerCreate    RTX_CM4.lib(rt_cmsis.o)
    0x0800f17c   0x0800f17c   0x00000028   Code   RO         4439    i.svcTimerDelete    RTX_CM4.lib(rt_cmsis.o)
    0x0800f1a4   0x0800f1a4   0x00000064   Code   RO         4440    i.svcTimerStart     RTX_CM4.lib(rt_cmsis.o)
    0x0800f208   0x0800f208   0x0000005c   Code   RO         4446    i.sysTimerTick      RTX_CM4.lib(rt_cmsis.o)
    0x0800f264   0x0800f264   0x00000072   Code   RO         6006    i.unlink_clus       FS_LFN_CM3_L.lib(fs_fat.o)
    0x0800f2d6   0x0800f2d6   0x0000000a   Code   RO         3833    i.usb0_DevCtrl      fs_config.o
    0x0800f2e0   0x0800f2e0   0x00000008   Code   RO         3834    i.usb0_Init         fs_config.o
    0x0800f2e8   0x0800f2e8   0x00000008   Code   RO         3835    i.usb0_RdInfo       fs_config.o
    0x0800f2f0   0x0800f2f0   0x0000000a   Code   RO         3836    i.usb0_RdSect       fs_config.o
    0x0800f2fa   0x0800f2fa   0x00000008   Code   RO         3837    i.usb0_UnInit       fs_config.o
    0x0800f302   0x0800f302   0x0000000a   Code   RO         3838    i.usb0_WrSect       fs_config.o
    0x0800f30c   0x0800f30c   0x000000ae   Code   RO         6007    i.write_cache       FS_LFN_CM3_L.lib(fs_fat.o)
    0x0800f3ba   0x0800f3ba   0x00000030   Code   RO         6008    i.write_sector      FS_LFN_CM3_L.lib(fs_fat.o)
    0x0800f3ea   0x0800f3ea   0x00000002   PAD
    0x0800f3ec   0x0800f3ec   0x0000002c   Code   RO         6620    locale$$code        c_w.l(lc_ctype_c.o)
    0x0800f418   0x0800f418   0x0000000a   Code   RO         6663    x$fpl$fpinit        fz_wm.l(fpinit.o)
    0x0800f422   0x0800f422   0x00000002   PAD
    0x0800f424   0x0800f424   0x00000050   Data   RO          189    .constdata          musicplayer.o
    0x0800f474   0x0800f474   0x00000010   Data   RO          400    .constdata          uart_driver.o
    0x0800f484   0x0800f484   0x00000060   Data   RO          485    .constdata          stm32f4_discovery_audio.o
    0x0800f4e4   0x0800f4e4   0x00000068   Data   RO          980    .constdata          rtx_conf_cm.o
    0x0800f54c   0x0800f54c   0x00000088   Data   RO         1147    .constdata          usart_stm32f4xx.o
    0x0800f5d4   0x0800f5d4   0x00000050   Data   RO         1332    .constdata          usbh_fs_stm32f4xx.o
    0x0800f624   0x0800f624   0x00000017   Data   RO         1463    .constdata          retarget_io.o
    0x0800f63b   0x0800f63b   0x00000008   Data   RO         1868    .constdata          stm32f4xx_hal_dma.o
    0x0800f643   0x0800f643   0x00000018   Data   RO         3758    .constdata          system_stm32f4xx.o
    0x0800f65b   0x0800f65b   0x00000001   PAD
    0x0800f65c   0x0800f65c   0x00000028   Data   RO         3840    .constdata          fs_config.o
    0x0800f684   0x0800f684   0x00000084   Data   RO         4141    .constdata          usbh_config_0.o
    0x0800f708   0x0800f708   0x000004ac   Data   RO         6009    .constdata          FS_LFN_CM3_L.lib(fs_fat.o)
    0x0800fbb4   0x0800fbb4   0x00000020   Data   RO         6710    Region$$Table       anon$$obj.o
    0x0800fbd4   0x0800fbd4   0x00000004   Data   RO         6125    __MW_USB_LIB_VERSION_6.13.6  USB_CM3_L.lib(usb_lib_ver.o)
    0x0800fbd8   0x0800fbd8   0x00000110   Data   RO         6619    locale$$data        c_w.l(lc_ctype_c.o)


    Execution Region RW_IRAM1 (Exec base: 0x20000000, Load base: 0x0800fce8, Size: 0x0000abd8, Max: 0x00020000, ABSOLUTE, COMPRESSED[0x00000068])

    Exec Addr    Load Addr    Size         Type   Attr      Idx    E Section Name        Object

    0x20000000   COMPRESSED   0x0000003d   Data   RW          190    .data               musicplayer.o
    0x2000003d   COMPRESSED   0x00000003   PAD
    0x20000040   COMPRESSED   0x00000030   Data   RW          401    .data               uart_driver.o
    0x20000070   COMPRESSED   0x00000006   Data   RW          486    .data               stm32f4_discovery_audio.o
    0x20000076   COMPRESSED   0x00000002   PAD
    0x20000078   COMPRESSED   0x0000001c   Data   RW          696    .data               stm32f4_discovery.o
    0x20000094   COMPRESSED   0x00000032   Data   RW          838    .data               cs43l22.o
    0x200000c6   COMPRESSED   0x00000002   PAD
    0x200000c8   COMPRESSED   0x00000014   Data   RW          981    .data               rtx_conf_cm.o
    0x200000dc   COMPRESSED   0x00000001   Data   RW         1049    .data               otg_fs_stm32f4xx.o
    0x200000dd   COMPRESSED   0x00000003   PAD
    0x200000e0   COMPRESSED   0x0000002b   Data   RW         1333    .data               usbh_fs_stm32f4xx.o
    0x2000010b   COMPRESSED   0x00000001   PAD
    0x2000010c   COMPRESSED   0x00000009   Data   RW         1557    .data               stm32f4xx_hal.o
    0x20000115   COMPRESSED   0x00000003   PAD
    0x20000118   COMPRESSED   0x00000004   Data   RW         3759    .data               system_stm32f4xx.o
    0x2000011c   COMPRESSED   0x00000004   Data   RW         3841    .data               fs_config.o
    0x20000120   COMPRESSED   0x00000034   Data   RW         4142    .data               usbh_config_0.o
    0x20000154   COMPRESSED   0x00000008   Data   RW         4449    .data               RTX_CM4.lib(rt_cmsis.o)
    0x2000015c   COMPRESSED   0x00000008   Data   RW         4989    .data               RTX_CM4.lib(rt_task.o)
    0x20000164   COMPRESSED   0x00000004   Data   RW         5065    .data               RTX_CM4.lib(rt_time.o)
    0x20000168   COMPRESSED   0x00000001   Data   RW         5155    .data               FS_LFN_CM3_L.lib(fs_mapi.o)
    0x20000169   COMPRESSED   0x00000003   PAD
    0x2000016c   COMPRESSED   0x00000008   Data   RW         5482    .data               RTX_CM4.lib(rt_system.o)
    0x20000174   COMPRESSED   0x00000001   Data   RW         5829    .data               RTX_CM4.lib(hal_cm.o)
    0x20000175   COMPRESSED   0x00000001   Data   RW         5894    .data               FS_LFN_CM3_L.lib(fs_common.o)
    0x20000176   COMPRESSED   0x00000002   PAD
    0x20000178   COMPRESSED   0x00000004   Data   RW         6387    .data               c_w.l(streamlock.o)
    0x2000017c   COMPRESSED   0x00000004   Data   RW         6391    .data               c_w.l(stdio_streams.o)
    0x20000180   COMPRESSED   0x00000004   Data   RW         6392    .data               c_w.l(stdio_streams.o)
    0x20000184   COMPRESSED   0x00000004   Data   RW         6393    .data               c_w.l(stdio_streams.o)
    0x20000188        -       0x0000213c   Zero   RW          188    .bss                musicplayer.o
    0x200022c4        -       0x00000184   Zero   RW          484    .bss                stm32f4_discovery_audio.o
    0x20002448        -       0x000000ac   Zero   RW          694    .bss                stm32f4_discovery.o
    0x200024f4   COMPRESSED   0x00000004   PAD
    0x200024f8        -       0x00006550   Zero   RW          979    .bss                rtx_conf_cm.o
    0x20008a48        -       0x00000038   Zero   RW         1146    .bss                usart_stm32f4xx.o
    0x20008a80        -       0x00000100   Zero   RW         1331    .bss                usbh_fs_stm32f4xx.o
    0x20008b80        -       0x00001540   Zero   RW         3839    .bss                fs_config.o
    0x2000a0c0        -       0x00000354   Zero   RW         4140    .bss                usbh_config_0.o
    0x2000a414        -       0x00000034   Zero   RW         4988    .bss                RTX_CM4.lib(rt_task.o)
    0x2000a448        -       0x00000030   Zero   RW         5612    .bss                RTX_CM4.lib(rt_list.o)
    0x2000a478        -       0x00000060   Zero   RW         6200    .bss                c_w.l(libspace.o)
    0x2000a4d8        -       0x00000054   Zero   RW         6388    .bss                c_w.l(stdio_streams.o)
    0x2000a52c        -       0x00000054   Zero   RW         6389    .bss                c_w.l(stdio_streams.o)
    0x2000a580        -       0x00000054   Zero   RW         6390    .bss                c_w.l(stdio_streams.o)
    0x2000a5d4   COMPRESSED   0x00000004   PAD
    0x2000a5d8        -       0x00000200   Zero   RW         3747    HEAP                startup_stm32f407xx.o
    0x2000a7d8        -       0x00000400   Zero   RW         3746    STACK               startup_stm32f407xx.o


==============================================================================

Image component sizes


      Code (inc. data)   RO Data    RW Data    ZI Data      Debug   Object Name

       906         26          0         50          0       9413   cs43l22.o
       232          8         40          4       5440      29761   fs_config.o
        76          8          0          0          0       1569   led_f4discovery.o
       234         18          0          0          0     682341   main.o
      1202        214         80         61       8508      26206   musicplayer.o
       846         94          0          1          0       9586   otg_fs_stm32f4xx.o
       400         24         23          0          0       6754   retarget_io.o
       218         48        104         20      25936      12434   rtx_conf_cm.o
        64         26        392          0       1536        912   startup_stm32f407xx.o
       526         52          0         28        172       6895   stm32f4_discovery.o
       874        104         96          6        388       9805   stm32f4_discovery_audio.o
       178         24          0          9          0       5242   stm32f4xx_hal.o
       380         28          0          0          0      36129   stm32f4xx_hal_cortex.o
      1518         16          8          0          0       8092   stm32f4xx_hal_dma.o
       926         90          0          0          0       5845   stm32f4xx_hal_gpio.o
      2844         46          0          0          0      15648   stm32f4xx_hal_i2c.o
      1142         30          0          0          0       8555   stm32f4xx_hal_i2s.o
       912         26          0          0          0       5395   stm32f4xx_hal_i2s_ex.o
      1700         74          0          0          0       5609   stm32f4xx_hal_rcc.o
       616         44          0          0          0       3308   stm32f4xx_hal_rcc_ex.o
        72          8          0          0          0       5127   stm32f4xx_it.o
       100         18         24          4          0       1455   system_stm32f4xx.o
       684         70         16         48          0       4496   uart_driver.o
      5772        220        136          0         56      60481   usart_stm32f4xx.o
       612         18        132         52        852      35095   usbh_config_0.o
      3844        292         80         43        256      53264   usbh_fs_stm32f4xx.o

    ----------------------------------------------------------------------
     26922       1626       1164        340      43148    1049417   Object Totals
         0          0         32          0          0          0   (incl. Generated)
        44          0          1         14          4          0   (incl. Padding)

    ----------------------------------------------------------------------

      Code (inc. data)   RO Data    RW Data    ZI Data      Debug   Library Member Name

       404         20          0          1          0        656   fs_common.o
      8970        150       1196          0          0       4988   fs_fat.o
       554         52          0          1          0        408   fs_mapi.o
       704         54          0          0          0        496   fs_sys.o
        26          0          0          0          0         68   fs_time.o
       268         24          0          1          0       4472   hal_cm.o
       408         34          0          0          0        816   hal_cm4.o
      2444        268          0          8          0      59466   rt_cmsis.o
       272         18          0          0          0       2810   rt_event.o
       530         34          0          0         48       8601   rt_list.o
       706         14          0          0          0       5067   rt_mailbox.o
       140          0          0          0          0       2045   rt_membox.o
       128          0          0          0          0       2419   rt_memory.o
       528         22          0          0          0       3021   rt_mutex.o
       278         18          0          0          0       3782   rt_semaphore.o
       298         52          0          8          0       6439   rt_system.o
      1216        174          0          8         52      10045   rt_task.o
         6          0          0          4          0        692   rt_time.o
         4          4          0          0          0        200   svc_table.o
         0          0          4          0          0          0   usb_lib_ver.o
      7288        324          0          0          0       2844   usbh_lib_core.o
      1612        130          0          0          0       1476   usbh_lib_drv.o
       256         34          0          0          0        368   usbh_lib_mem.o
      3226        142          0          0          0       2000   usbh_lib_msc.o
        90          0          0          0          0          0   __dczerorl2.o
         8          0          0          0          0         68   __main.o
         0          0          0          0          0          0   __rtentry.o
        20          0          0          0          0          0   __rtentry2.o
         6          0          0          0          0          0   __rtentry4.o
        52          8          0          0          0          0   __scatter.o
        28          0          0          0          0          0   __scatter_zi.o
        10          0          0          0          0         68   defsig_exit.o
        50          0          0          0          0         88   defsig_general.o
        80         58          0          0          0         76   defsig_rtmem_inner.o
        14          0          0          0          0         80   defsig_rtmem_outer.o
        52         38          0          0          0         76   defsig_rtred_inner.o
        14          0          0          0          0         80   defsig_rtred_outer.o
        18          0          0          0          0         80   exit.o
        76          0          0          0          0         88   fclose.o
        52          6          0          0          0         80   fclose_locked.o
       144         10          0          0          0        128   fflush_locked.o
       570          0          0          0          0        132   filbuf.o
        92          8          0          0          0         88   flushlinebuffered_locked.o
       324          8          0          0          0        152   fopen_locked.o
       306          0          0          0          0         96   freadfast_locked.o
       248          6          0          0          0         84   fseek.o
        66          0          0          0          0         76   ftell.o
       158          0          0          0          0        128   h1_alloc_mt.o
        62          0          0          0          0         80   h1_extend_mt.o
       118          0          0          0          0        108   h1_free_mt.o
        18          0          0          0          0         84   h1_init_mt.o
         6          0          0          0          0        152   heapauxi.o
         4          0          0          0          0        136   hguard.o
         0          0          0          0          0          0   indicate_semi.o
       138          0          0          0          0        168   init_alloc.o
       456         48          0          0          0        116   initio_locked.o
        44         10        272          0          0         76   lc_ctype_c.o
         2          0          0          0          0          0   libinit.o
        36          0          0          0          0          0   libinit2.o
         2          0          0          0          0          0   libshutdown.o
         6          0          0          0          0          0   libshutdown2.o
         8          4          0          0         96         68   libspace.o
       238          0          0          0          0        100   lludivv7m.o
         0          0          0          0          0          0   maybetermalloc1.o
        16          4          0          0          0         76   rt_ctype_table.o
         4          0          0          0          0         68   rt_errno_addr_twolibspace.o
        10          0          0          0          0         76   rt_heap_descriptor_twolibspace.o
        10          0          0          0          0         76   rt_locale_twolibspace.o
        68          0          0          0          0         68   rt_memclr.o
        78          0          0          0          0         80   rt_memclr_w.o
       138          0          0          0          0         68   rt_memcpy_v6.o
       100          0          0          0          0         80   rt_memcpy_w.o
         2          0          0          0          0          0   rtexit.o
        10          0          0          0          0          0   rtexit2.o
       104          0          0          0          0         88   setvbuf_locked.o
       240          6          0          0          0        156   stdio.o
         0          0          0         12        252          0   stdio_streams.o
        24          0          0          0          0         68   strcat.o
       128          0          0          0          0         68   strcmpv7m.o
        72          0          0          0          0         80   strcpy.o
         0          0          0          4          0          0   streamlock.o
        62          0          0          0          0         76   strlen.o
        50          0          0          0          0         84   strncasecmp.o
        12          4          0          0          0         68   sys_exit.o
        74          0          0          0          0         80   sys_stackheap_outer.o
        14          0          0          0          0         76   sys_wrch.o
        26          0          0          0          0         76   tolower.o
         2          0          0          0          0         68   use_no_semi.o
        10          0          0          0          0        116   fpinit.o

    ----------------------------------------------------------------------
     35186       1786       1472         52        452     127631   Library Totals
        50          0          0          5          4          0   (incl. Padding)

    ----------------------------------------------------------------------

      Code (inc. data)   RO Data    RW Data    ZI Data      Debug   Library Name

     10658        276       1196          2          0       6616   FS_LFN_CM3_L.lib
      7226        662          0         29        100     109875   RTX_CM4.lib
     12382        630          4          0          0       6688   USB_CM3_L.lib
      4860        218        272         16        348       4336   c_w.l
        10          0          0          0          0        116   fz_wm.l

    ----------------------------------------------------------------------
     35186       1786       1472         52        452     127631   Library Totals

    ----------------------------------------------------------------------

==============================================================================


      Code (inc. data)   RO Data    RW Data    ZI Data      Debug   

     62108       3412       2636        392      43600    1129392   Grand Totals
     62108       3412       2636        104      43600    1129392   ELF Image Totals (compressed)
     62108       3412       2636        104          0          0   ROM Totals

==============================================================================

    Total RO  Size (Code + RO Data)                64744 (  63.23kB)
    Total RW  Size (RW Data + ZI Data)             43992 (  42.96kB)
    Total ROM Size (Code + RO Data + RW Data)      64848 (  63.33kB)

==============================================================================

