Component: ARM Compiler 5.06 update 6 (build 750) Tool: armlink [4d35ed]

==============================================================================

Section Cross References

    main.o(i.HAL_GetTick) refers to rt_time.o(.data) for os_time
    main.o(i.SystemClock_Config) refers to stm32f4xx_hal_rcc.o(i.HAL_RCC_OscConfig) for HAL_RCC_OscConfig
    main.o(i.SystemClock_Config) refers to main.o(i.Error_Handler) for Error_Handler
    main.o(i.SystemClock_Config) refers to stm32f4xx_hal_rcc.o(i.HAL_RCC_ClockConfig) for HAL_RCC_ClockConfig
    main.o(i.SystemClock_Config) refers to stm32f4xx_hal.o(i.HAL_GetREVID) for HAL_GetREVID
    main.o(i.main) refers to rt_cmsis.o(i.osKernelInitialize) for osKernelInitialize
    main.o(i.main) refers to stm32f4xx_hal.o(i.HAL_Init) for HAL_Init
    main.o(i.main) refers to main.o(i.SystemClock_Config) for SystemClock_Config
    main.o(i.main) refers to thread.o(i.Init_Thread) for Init_Thread
    main.o(i.main) refers to rt_cmsis.o(i.osKernelStart) for osKernelStart
    thread.o(i.Init_Thread) refers to led_f4discovery.o(i.LED_Initialize) for LED_Initialize
    thread.o(i.Init_Thread) refers to uart_driver.o(i.UART_Init) for UART_Init
    thread.o(i.Init_Thread) refers to rt_cmsis.o(i.osThreadCreate) for osThreadCreate
    thread.o(i.Init_Thread) refers to thread.o(.constdata) for os_thread_def_Thread_1
    thread.o(i.Thread_1) refers to led_f4discovery.o(i.LED_On) for LED_On
    thread.o(i.Thread_1) refers to led_f4discovery.o(i.LED_Off) for LED_Off
    thread.o(i.Thread_1) refers to rt_cmsis.o(i.osDelay) for osDelay
    thread.o(.constdata) refers to thread.o(i.Thread_1) for Thread_1
    stm32f4xx_it.o(i.DMA1_Stream3_IRQHandler) refers to stm32f4xx_hal_dma.o(i.HAL_DMA_IRQHandler) for HAL_DMA_IRQHandler
    stm32f4xx_it.o(i.DMA1_Stream3_IRQHandler) refers to stm32f4_discovery_audio.o(.bss) for hAudioInI2s
    stm32f4xx_it.o(i.DMA1_Stream7_IRQHandler) refers to stm32f4xx_hal_dma.o(i.HAL_DMA_IRQHandler) for HAL_DMA_IRQHandler
    stm32f4xx_it.o(i.DMA1_Stream7_IRQHandler) refers to stm32f4_discovery_audio.o(.bss) for hAudioOutI2s
    stm32f4xx_it.o(i.EXTI0_IRQHandler) refers to stm32f4xx_hal_gpio.o(i.HAL_GPIO_EXTI_IRQHandler) for HAL_GPIO_EXTI_IRQHandler
    stm32f4xx_it.o(i.EXTI1_IRQHandler) refers to stm32f4xx_hal_gpio.o(i.HAL_GPIO_EXTI_IRQHandler) for HAL_GPIO_EXTI_IRQHandler
    uart_driver.o(i.UART_Init) refers to rt_cmsis.o(i.osSemaphoreCreate) for osSemaphoreCreate
    uart_driver.o(i.UART_Init) refers to uart_driver.o(.constdata) for os_semaphore_def_UART_SEM_Send_block
    uart_driver.o(i.UART_Init) refers to uart_driver.o(.data) for sid_UART_SEM_Send_block
    uart_driver.o(i.UART_Init) refers to usart_stm32f4xx.o(.constdata) for Driver_USART4
    uart_driver.o(i.UART_Init) refers to uart_driver.o(i.USART_callback) for USART_callback
    uart_driver.o(i.UART_receive) refers to rt_cmsis.o(i.osSemaphoreWait) for osSemaphoreWait
    uart_driver.o(i.UART_receive) refers to rt_cmsis.o(i.osSemaphoreRelease) for osSemaphoreRelease
    uart_driver.o(i.UART_receive) refers to uart_driver.o(.data) for sid_UART_SEM_Rec
    uart_driver.o(i.UART_receive) refers to usart_stm32f4xx.o(.constdata) for Driver_USART4
    uart_driver.o(i.UART_receivestring) refers to rt_cmsis.o(i.osSemaphoreWait) for osSemaphoreWait
    uart_driver.o(i.UART_receivestring) refers to rt_cmsis.o(i.osSemaphoreRelease) for osSemaphoreRelease
    uart_driver.o(i.UART_receivestring) refers to uart_driver.o(.data) for sid_UART_SEM_Rec
    uart_driver.o(i.UART_receivestring) refers to usart_stm32f4xx.o(.constdata) for Driver_USART4
    uart_driver.o(i.UART_send) refers to rt_cmsis.o(i.osSemaphoreWait) for osSemaphoreWait
    uart_driver.o(i.UART_send) refers to rt_cmsis.o(i.osDelay) for osDelay
    uart_driver.o(i.UART_send) refers to rt_cmsis.o(i.osSemaphoreRelease) for osSemaphoreRelease
    uart_driver.o(i.UART_send) refers to uart_driver.o(.data) for sid_UART_SEM_Send
    uart_driver.o(i.UART_send) refers to usart_stm32f4xx.o(.constdata) for Driver_USART4
    uart_driver.o(i.USART_callback) refers to rt_cmsis.o(i.osSemaphoreRelease) for osSemaphoreRelease
    uart_driver.o(i.USART_callback) refers to uart_driver.o(.data) for sid_UART_SEM_Rec_block
    uart_driver.o(.constdata) refers to uart_driver.o(.data) for os_semaphore_cb_UART_SEM_Send_block
    stm32f4_discovery_audio.o(i.BSP_AUDIO_IN_Init) refers to stm32f4xx_hal_rcc_ex.o(i.HAL_RCCEx_GetPeriphCLKConfig) for HAL_RCCEx_GetPeriphCLKConfig
    stm32f4_discovery_audio.o(i.BSP_AUDIO_IN_Init) refers to stm32f4xx_hal_rcc_ex.o(i.HAL_RCCEx_PeriphCLKConfig) for HAL_RCCEx_PeriphCLKConfig
    stm32f4_discovery_audio.o(i.BSP_AUDIO_IN_Init) refers to stm32f4_discovery_audio.o(i.PDMDecoder_Init) for PDMDecoder_Init
    stm32f4_discovery_audio.o(i.BSP_AUDIO_IN_Init) refers to stm32f4_discovery_audio.o(i.I2S2_Init) for I2S2_Init
[...]
    __NVIC_DisableIRQ                        0x080034ed   Thumb Code    54  usbh_fs_stm32f4xx.o(i.__NVIC_DisableIRQ)
    i.__NVIC_EnableIRQ                       0x08003528   Section        0  usbh_fs_stm32f4xx.o(i.__NVIC_EnableIRQ)
    __NVIC_EnableIRQ                         0x08003529   Thumb Code    34  usbh_fs_stm32f4xx.o(i.__NVIC_EnableIRQ)
    i.__NVIC_GetPriorityGrouping             0x0800354c   Section        0  stm32f4xx_hal_cortex.o(i.__NVIC_GetPriorityGrouping)
    __NVIC_GetPriorityGrouping               0x0800354d   Thumb Code    10  stm32f4xx_hal_cortex.o(i.__NVIC_GetPriorityGrouping)
    i.__NVIC_SetPriority                     0x0800355c   Section        0  stm32f4xx_hal_cortex.o(i.__NVIC_SetPriority)
    __NVIC_SetPriority                       0x0800355d   Thumb Code    32  stm32f4xx_hal_cortex.o(i.__NVIC_SetPriority)
    i._init_box                              0x08003584   Section        0  rt_membox.o(i._init_box)
    i._mutex_acquire                         0x080035cc   Section        0  rtx_conf_cm.o(i._mutex_acquire)
    __tagsym$$used                           0x080035cd   Number         0  rtx_conf_cm.o(i._mutex_acquire)
    i._mutex_release                         0x080035ec   Section        0  rtx_conf_cm.o(i._mutex_release)
    __tagsym$$used                           0x080035ed   Number         0  rtx_conf_cm.o(i._mutex_release)
    i.dbg_init                               0x08003608   Section        0  hal_cm.o(i.dbg_init)
    i.dbg_task_notify                        0x08003638   Section        0  hal_cm.o(i.dbg_task_notify)
    i.dbg_task_switch                        0x08003658   Section        0  hal_cm.o(i.dbg_task_switch)
    i.isrMessageGet                          0x08003668   Section        0  rt_cmsis.o(i.isrMessageGet)
    i.isrMessagePut                          0x08003692   Section        0  rt_cmsis.o(i.isrMessagePut)
    i.isrSemaphoreRelease                    0x080036be   Section        0  rt_cmsis.o(i.isrSemaphoreRelease)
    i.isr_mbx_receive                        0x080036e8   Section        0  rt_mailbox.o(i.isr_mbx_receive)
    i.isr_mbx_send                           0x0800373e   Section        0  rt_mailbox.o(i.isr_mbx_send)
    i.isr_sem_send                           0x0800374c   Section        0  rt_semaphore.o(i.isr_sem_send)
    i.main                                   0x0800375c   Section        0  main.o(i.main)
    i.osDelay                                0x08003778   Section        0  rt_cmsis.o(i.osDelay)
    i.osKernelInitialize                     0x08003790   Section        0  rt_cmsis.o(i.osKernelInitialize)
    i.osKernelStart                          0x080037b4   Section        0  rt_cmsis.o(i.osKernelStart)
    i.osMessageGet                           0x08003820   Section        0  rt_cmsis.o(i.osMessageGet)
    i.osSemaphoreCreate                      0x08003838   Section        0  rt_cmsis.o(i.osSemaphoreCreate)
    i.osSemaphoreRelease                     0x08003864   Section        0  rt_cmsis.o(i.osSemaphoreRelease)
    i.osThreadCreate                         0x0800387c   Section        0  rt_cmsis.o(i.osThreadCreate)
    i.osThreadExit                           0x080038a8   Section        0  rt_cmsis.o(i.osThreadExit)
    i.osTimerCall                            0x080038c0   Section        0  rt_cmsis.o(i.osTimerCall)
    i.osTimerThread                          0x080038cc   Section        0  rt_cmsis.o(i.osTimerThread)
    i.os_error                               0x080038f8   Section        0  rtx_conf_cm.o(i.os_error)
    i.os_idle_demon                          0x0800391a   Section        0  rtx_conf_cm.o(i.os_idle_demon)
    i.os_tick_init                           0x08003920   Section        0  rt_system.o(i.os_tick_init)
    i.os_tick_irqack                         0x08003948   Section        0  rt_system.o(i.os_tick_irqack)
    i.rt_alloc_box                           0x0800394a   Section        0  rt_membox.o(i.rt_alloc_box)
    i.rt_alloc_mem                           0x08003964   Section        0  rt_memory.o(i.rt_alloc_mem)
    i.rt_block                               0x080039a4   Section        0  rt_task.o(i.rt_block)
    i.rt_chk_robin                           0x080039dc   Section        0  rtx_conf_cm.o(i.rt_chk_robin)
    i.rt_dec_dly                             0x080039e0   Section        0  rt_list.o(i.rt_dec_dly)
    i.rt_dispatch                            0x08003a50   Section        0  rt_task.o(i.rt_dispatch)
    i.rt_dly_wait                            0x08003a94   Section        0  rt_time.o(i.rt_dly_wait)
    i.rt_evt_psh                             0x08003a9c   Section        0  rt_event.o(i.rt_evt_psh)
    i.rt_free_box                            0x08003aec   Section        0  rt_membox.o(i.rt_free_box)
    i.rt_free_mem                            0x08003b18   Section        0  rt_memory.o(i.rt_free_mem)
    i.rt_get_first                           0x08003b40   Section        0  rt_list.o(i.rt_get_first)
    i.rt_id2obj                              0x08003b68   Section        0  rt_cmsis.o(i.rt_id2obj)
    rt_id2obj                                0x08003b69   Thumb Code     8  rt_cmsis.o(i.rt_id2obj)
    i.rt_init_context                        0x08003b70   Section        0  rt_task.o(i.rt_init_context)
    rt_init_context                          0x08003b71   Thumb Code    66  rt_task.o(i.rt_init_context)
    i.rt_init_mem                            0x08003bb8   Section        0  rt_memory.o(i.rt_init_mem)
    i.rt_init_robin                          0x08003bd2   Section        0  rtx_conf_cm.o(i.rt_init_robin)
    i.rt_init_stack                          0x08003bd4   Section        0  hal_cm.o(i.rt_init_stack)
    i.rt_mbx_check                           0x08003c54   Section        0  rt_mailbox.o(i.rt_mbx_check)
    i.rt_mbx_init                            0x08003c5c   Section        0  rt_mailbox.o(i.rt_mbx_init)
    i.rt_mbx_psh                             0x08003c78   Section        0  rt_mailbox.o(i.rt_mbx_psh)
    i.rt_mbx_wait                            0x08003d68   Section        0  rt_mailbox.o(i.rt_mbx_wait)
    i.rt_ms2tick                             0x08003e1c   Section        0  rt_cmsis.o(i.rt_ms2tick)
    rt_ms2tick                               0x08003e1d   Thumb Code    58  rt_cmsis.o(i.rt_ms2tick)
    i.rt_mut_release                         0x08003e60   Section        0  rt_mutex.o(i.rt_mut_release)
    i.rt_mut_wait                            0x08003f38   Section        0  rt_mutex.o(i.rt_mut_wait)
    i.rt_pop_req                             0x08003fb0   Section        0  rt_system.o(i.rt_pop_req)
    i.rt_psh_req                             0x0800402c   Section        0  rt_system.o(i.rt_psh_req)
    i.rt_psq_enq                             0x0800404c   Section        0  rt_list.o(i.rt_psq_enq)
    i.rt_put_dly                             0x080040a8   Section        0  rt_list.o(i.rt_put_dly)
    i.rt_put_prio                            0x080040f0   Section        0  rt_list.o(i.rt_put_prio)
    i.rt_put_rdy_first                       0x08004128   Section        0  rt_list.o(i.rt_put_rdy_first)
    i.rt_resort_prio                         0x0800413c   Section        0  rt_list.o(i.rt_resort_prio)
    i.rt_ret_regs                            0x08004170   Section        0  hal_cm.o(i.rt_ret_regs)
    rt_ret_regs                              0x08004171   Thumb Code    16  hal_cm.o(i.rt_ret_regs)
    i.rt_ret_val                             0x08004180   Section        0  hal_cm.o(i.rt_ret_val)
    i.rt_ret_val2                            0x0800418c   Section        0  hal_cm.o(i.rt_ret_val2)
    i.rt_rmv_dly                             0x0800419c   Section        0  rt_list.o(i.rt_rmv_dly)
    i.rt_rmv_list                            0x080041c4   Section        0  rt_list.o(i.rt_rmv_list)
    i.rt_sem_init                            0x080041f4   Section        0  rt_semaphore.o(i.rt_sem_init)
    i.rt_sem_psh                             0x08004200   Section        0  rt_semaphore.o(i.rt_sem_psh)
    i.rt_sem_send                            0x08004234   Section        0  rt_semaphore.o(i.rt_sem_send)
    i.rt_stk_check                           0x08004260   Section        0  rt_system.o(i.rt_stk_check)
    i.rt_switch_req                          0x08004284   Section        0  rt_task.o(i.rt_switch_req)
    i.rt_sys_init                            0x080042ac   Section        0  rt_task.o(i.rt_sys_init)
    i.rt_sys_start                           0x08004378   Section        0  rt_task.o(i.rt_sys_start)
    i.rt_systick                             0x080043f0   Section        0  rt_system.o(i.rt_systick)
    i.rt_tid2ptcb                            0x08004430   Section        0  rt_cmsis.o(i.rt_tid2ptcb)
    rt_tid2ptcb                              0x08004431   Thumb Code    18  rt_cmsis.o(i.rt_tid2ptcb)
    i.rt_timer_insert                        0x08004444   Section        0  rt_cmsis.o(i.rt_timer_insert)
    rt_timer_insert                          0x08004445   Thumb Code    48  rt_cmsis.o(i.rt_timer_insert)
    i.rt_tsk_create                          0x08004478   Section        0  rt_task.o(i.rt_tsk_create)
    i.rt_tsk_delete                          0x08004500   Section        0  rt_task.o(i.rt_tsk_delete)
    i.rt_tsk_prio                            0x0800467c   Section        0  rt_task.o(i.rt_tsk_prio)
    i.rt_tsk_self                            0x080046f8   Section        0  rt_task.o(i.rt_tsk_self)
    i.svcDelay                               0x08004708   Section        0  rt_cmsis.o(i.svcDelay)
    i.svcKernelInitialize                    0x0800471c   Section        0  rt_cmsis.o(i.svcKernelInitialize)
    i.svcKernelStart                         0x0800478c   Section        0  rt_cmsis.o(i.svcKernelStart)
    i.svcMessageCreate                       0x080047d4   Section        0  rt_cmsis.o(i.svcMessageCreate)
    i.svcMessageGet                          0x080047f8   Section        0  rt_cmsis.o(i.svcMessageGet)
    i.svcSemaphoreCreate                     0x08004832   Section        0  rt_cmsis.o(i.svcSemaphoreCreate)
    i.svcSemaphoreRelease                    0x08004856   Section        0  rt_cmsis.o(i.svcSemaphoreRelease)
    i.svcThreadCreate                        0x08004880   Section        0  rt_cmsis.o(i.svcThreadCreate)
    i.svcThreadGetId                         0x080048ec   Section        0  rt_cmsis.o(i.svcThreadGetId)
    i.svcThreadTerminate                     0x08004908   Section        0  rt_cmsis.o(i.svcThreadTerminate)
    i.svcTimerCall                           0x08004940   Section        0  rt_cmsis.o(i.svcTimerCall)
    i.sysTimerTick                           0x08004958   Section        0  rt_cmsis.o(i.sysTimerTick)
    x$fpl$fpinit                             0x080049b4   Section       10  fpinit.o(x$fpl$fpinit)
    $v0                                      0x080049b4   Number         0  fpinit.o(x$fpl$fpinit)
    .constdata                               0x080049c0   Section       16  thread.o(.constdata)
    .constdata                               0x080049d0   Section       16  uart_driver.o(.constdata)
    .constdata                               0x080049e0   Section       32  led_f4discovery.o(.constdata)
    LED_PIN                                  0x080049e0   Data          32  led_f4discovery.o(.constdata)
    .constdata                               0x08004a00   Section      104  rtx_conf_cm.o(.constdata)
    __tagsym$$used                           0x08004a1c   Number         0  rtx_conf_cm.o(.constdata)
    __tagsym$$used                           0x08004a20   Number         0  rtx_conf_cm.o(.constdata)
    __tagsym$$used                           0x08004a24   Number         0  rtx_conf_cm.o(.constdata)
    __tagsym$$used                           0x08004a28   Number         0  rtx_conf_cm.o(.constdata)
    .constdata                               0x08004a68   Section      136  usart_stm32f4xx.o(.constdata)
    usart_driver_version                     0x08004a68   Data           4  usart_stm32f4xx.o(.constdata)
    UART4_tx                                 0x08004a6c   Data          12  usart_stm32f4xx.o(.constdata)
    UART4_rx                                 0x08004a78   Data          12  usart_stm32f4xx.o(.constdata)
    USART4_Resources                         0x08004a84   Data          52  usart_stm32f4xx.o(.constdata)
    .constdata                               0x08004af0   Section       24  system_stm32f4xx.o(.constdata)
    __MW_USB_LIB_VERSION_6.13.6              0x08004b28   Section        4  usb_lib_ver.o(__MW_USB_LIB_VERSION_6.13.6)
    __tagsym$$used                           0x08004b28   Number         0  usb_lib_ver.o(__MW_USB_LIB_VERSION_6.13.6)
    .data                                    0x20000000   Section       48  uart_driver.o(.data)
    .data                                    0x20000030   Section       20  rtx_conf_cm.o(.data)
    nr_mutex                                 0x20000040   Data           4  rtx_conf_cm.o(.data)
    .data                                    0x20000044   Section       43  usbh_fs_stm32f4xx.o(.data)
    OTG_DFIFO                                0x20000044   Data          32  usbh_fs_stm32f4xx.o(.data)
    SignalPortEvent                          0x20000064   Data           4  usbh_fs_stm32f4xx.o(.data)
    SignalPipeEvent                          0x20000068   Data           4  usbh_fs_stm32f4xx.o(.data)
    hw_initialized                           0x2000006c   Data           1  usbh_fs_stm32f4xx.o(.data)
    hw_powered                               0x2000006d   Data           1  usbh_fs_stm32f4xx.o(.data)
    port_reset                               0x2000006e   Data           1  usbh_fs_stm32f4xx.o(.data)
    .data                                    0x20000070   Section        9  stm32f4xx_hal.o(.data)
    .data                                    0x2000007c   Section        4  system_stm32f4xx.o(.data)
    .data                                    0x20000080   Section        8  rt_cmsis.o(.data)
    .data                                    0x20000088   Section        8  rt_task.o(.data)
    .data                                    0x20000090   Section        4  rt_time.o(.data)
    .data                                    0x20000094   Section        8  rt_system.o(.data)
    os_lock                                  0x20000094   Data           1  rt_system.o(.data)
    os_psh_flag                              0x20000095   Data           1  rt_system.o(.data)
    pend_flags                               0x20000096   Data           1  rt_system.o(.data)
    .data                                    0x2000009c   Section        1  hal_cm.o(.data)
    .bss                                     0x200000a0   Section      388  stm32f4_discovery_audio.o(.bss)
    hdma_i2sTx                               0x20000164   Data          96  stm32f4_discovery_audio.o(.bss)
    hdma_i2sRx                               0x200001c4   Data          96  stm32f4_discovery_audio.o(.bss)
    .bss                                     0x20000228   Section    25936  rtx_conf_cm.o(.bss)
    std_libspace                             0x20006398   Data         864  rtx_conf_cm.o(.bss)
    std_libmutex                             0x200066f8   Data         128  rtx_conf_cm.o(.bss)
    .bss                                     0x20006778   Section       56  usart_stm32f4xx.o(.bss)
    UART4_Info                               0x20006778   Data          20  usart_stm32f4xx.o(.bss)
    UART4_TransferInfo                       0x2000678c   Data          36  usart_stm32f4xx.o(.bss)
    .bss                                     0x200067b0   Section      256  usbh_fs_stm32f4xx.o(.bss)
    pipe                                     0x200067b0   Data         256  usbh_fs_stm32f4xx.o(.bss)
    .bss                                     0x200068b0   Section       52  rt_task.o(.bss)
    .bss                                     0x200068e4   Section       48  rt_list.o(.bss)
    .bss                                     0x20006914   Section       96  libspace.o(.bss)
    HEAP                                     0x20006978   Section      512  startup_stm32f407xx.o(HEAP)
    Heap_Mem                                 0x20006978   Data         512  startup_stm32f407xx.o(HEAP)
    STACK                                    0x20006b78   Section     1024  startup_stm32f407xx.o(STACK)
    Stack_Mem                                0x20006b78   Data        1024  startup_stm32f407xx.o(STACK)
    __initial_sp                             0x20006f78   Data           0  startup_stm32f407xx.o(STACK)

    Global Symbols

    Symbol Name                              Value     Ov Type        Size  Object(Section)

    BuildAttributes$$THM_ISAv4$E$P$D$K$B$S$7EM$VFPi3$EXTD16$VFPS$VFMA$PE$A:L22UL41UL21$X:L11$S22US41US21$IEEE1$IW$~IW$USESV6$~STKCKD$USESV7$~SHL$OTIME$ROPI$IEEEX$EBA8$UX$STANDARDLIB$REQ8$PRES8$EABIv2 0x00000000   Number         0  anon$$obj.o ABSOLUTE
    __ARM_use_no_argv                        0x00000000   Number         0  main.o ABSOLUTE
    __ARM_exceptions_init                     - Undefined Weak Reference
    __alloca_initialize                       - Undefined Weak Reference
    __arm_preinit_                            - Undefined Weak Reference
    __cpp_initialize__aeabi_                  - Undefined Weak Reference
    __cxa_finalize                            - Undefined Weak Reference
    __sigvec_lookup                           - Undefined Weak Reference
    __user_heap_extent                        - Undefined Weak Reference
    _atexit_init                              - Undefined Weak Reference
    _call_atexit_fns                          - Undefined Weak Reference
    _clock_init                               - Undefined Weak Reference
    _fp_trap_init                             - Undefined Weak Reference
    _fp_trap_shutdown                         - Undefined Weak Reference
    _get_lc_collate                           - Undefined Weak Reference
    _get_lc_monetary                          - Undefined Weak Reference
    _get_lc_numeric                           - Undefined Weak Reference
    _get_lc_time                              - Undefined Weak Reference
    _getenv_init                              - Undefined Weak Reference
    _handle_redirection                       - Undefined Weak Reference
    _mutex_free                               - Undefined Weak Reference
    _rand_init                                - Undefined Weak Reference
    _signal_finish                            - Undefined Weak Reference
    _signal_init                              - Undefined Weak Reference
    __Vectors_Size                           0x00000188   Number         0  startup_stm32f407xx.o ABSOLUTE
    __RL_RTX_VER                             0x00000482   Number         0  rt_system.o ABSOLUTE
    __MW_FS_VER                              0x06120000   Number         0  fs_version.o ABSOLUTE
    __Vectors                                0x08000000   Data           4  startup_stm32f407xx.o(RESET)
    __Vectors_End                            0x08000188   Data           0  startup_stm32f407xx.o(RESET)
    __main                                   0x08000189   Thumb Code     8  __main.o(!!!main)
    __scatterload                            0x08000191   Thumb Code     0  __scatter.o(!!!scatter)
    __scatterload_rt2                        0x08000191   Thumb Code    44  __scatter.o(!!!scatter)
    __scatterload_rt2_thumb_only             0x08000191   Thumb Code     0  __scatter.o(!!!scatter)
    __scatterload_null                       0x0800019f   Thumb Code     0  __scatter.o(!!!scatter)
    __scatterload_copy                       0x080001c5   Thumb Code    26  __scatter_copy.o(!!handler_copy)
    __scatterload_zeroinit                   0x080001e1   Thumb Code    28  __scatter_zi.o(!!handler_zi)
    __rt_lib_init                            0x080001fd   Thumb Code     0  libinit.o(.ARM.Collect$$libinit$$00000000)
    __rt_lib_init_fp_1                       0x080001ff   Thumb Code     0  libinit2.o(.ARM.Collect$$libinit$$00000001)
    __rt_lib_init_alloca_1                   0x08000203   Thumb Code     0  libinit2.o(.ARM.Collect$$libinit$$0000002E)
    __rt_lib_init_argv_1                     0x08000203   Thumb Code     0  libinit2.o(.ARM.Collect$$libinit$$0000002C)
    __rt_lib_init_atexit_1                   0x08000203   Thumb Code     0  libinit2.o(.ARM.Collect$$libinit$$0000001B)
    __rt_lib_init_clock_1                    0x08000203   Thumb Code     0  libinit2.o(.ARM.Collect$$libinit$$00000021)
    __rt_lib_init_cpp_1                      0x08000203   Thumb Code     0  libinit2.o(.ARM.Collect$$libinit$$00000032)
    __rt_lib_init_exceptions_1               0x08000203   Thumb Code     0  libinit2.o(.ARM.Collect$$libinit$$00000030)
    __rt_lib_init_fp_trap_1                  0x08000203   Thumb Code     0  libinit2.o(.ARM.Collect$$libinit$$0000001F)
    __rt_lib_init_getenv_1                   0x08000203   Thumb Code     0  libinit2.o(.ARM.Collect$$libinit$$00000023)
    __rt_lib_init_heap_1                     0x08000203   Thumb Code     0  libinit2.o(.ARM.Collect$$libinit$$0000000A)
    __rt_lib_init_lc_collate_1               0x08000203   Thumb Code     0  libinit2.o(.ARM.Collect$$libinit$$00000011)
    __rt_lib_init_lc_ctype_1                 0x08000203   Thumb Code     0  libinit2.o(.ARM.Collect$$libinit$$00000013)
    __rt_lib_init_lc_monetary_1              0x08000203   Thumb Code     0  libinit2.o(.ARM.Collect$$libinit$$00000015)
    __rt_lib_init_lc_numeric_1               0x08000203   Thumb Code     0  libinit2.o(.ARM.Collect$$libinit$$00000017)
    __rt_lib_init_lc_time_1                  0x08000203   Thumb Code     0  libinit2.o(.ARM.Collect$$libinit$$00000019)
    __rt_lib_init_preinit_1                  0x08000203   Thumb Code     0  libinit2.o(.ARM.Collect$$libinit$$00000004)
    __rt_lib_init_rand_1                     0x08000203   Thumb Code     0  libinit2.o(.ARM.Collect$$libinit$$0000000E)
    __rt_lib_init_return                     0x08000203   Thumb Code     0  libinit2.o(.ARM.Collect$$libinit$$00000033)
    __rt_lib_init_signal_1                   0x08000203   Thumb Code     0  libinit2.o(.ARM.Collect$$libinit$$0000001D)
    __rt_lib_init_stdio_1                    0x08000203   Thumb Code     0  libinit2.o(.ARM.Collect$$libinit$$00000025)
    __rt_lib_init_user_alloc_1               0x08000203   Thumb Code     0  libinit2.o(.ARM.Collect$$libinit$$0000000C)
    __rt_lib_shutdown                        0x08000205   Thumb Code     0  libshutdown.o(.ARM.Collect$$libshutdown$$00000000)
    __rt_lib_shutdown_cpp_1                  0x08000207   Thumb Code     0  libshutdown2.o(.ARM.Collect$$libshutdown$$00000002)
    __rt_lib_shutdown_fp_trap_1              0x08000207   Thumb Code     0  libshutdown2.o(.ARM.Collect$$libshutdown$$00000007)
    __rt_lib_shutdown_heap_1                 0x08000207   Thumb Code     0  libshutdown2.o(.ARM.Collect$$libshutdown$$0000000F)
    __rt_lib_shutdown_return                 0x08000207   Thumb Code     0  libshutdown2.o(.ARM.Collect$$libshutdown$$00000010)
    __rt_lib_shutdown_signal_1               0x08000207   Thumb Code     0  libshutdown2.o(.ARM.Collect$$libshutdown$$0000000A)
    __rt_lib_shutdown_stdio_1                0x08000207   Thumb Code     0  libshutdown2.o(.ARM.Collect$$libshutdown$$00000004)
    __rt_lib_shutdown_user_alloc_1           0x08000207   Thumb Code     0  libshutdown2.o(.ARM.Collect$$libshutdown$$0000000C)
    __rt_entry                               0x08000209   Thumb Code     0  __rtentry.o(.ARM.Collect$$rtentry$$00000000)
    __rt_entry_presh_1                       0x08000209   Thumb Code     0  __rtentry2.o(.ARM.Collect$$rtentry$$00000002)
    __rt_entry_sh                            0x08000209   Thumb Code     0  __rtentry4.o(.ARM.Collect$$rtentry$$00000004)
    __rt_entry_li                            0x0800020f   Thumb Code     0  __rtentry2.o(.ARM.Collect$$rtentry$$0000000A)
    __rt_entry_postsh_1                      0x0800020f   Thumb Code     0  __rtentry2.o(.ARM.Collect$$rtentry$$00000009)
    __rt_entry_postli_1                      0x08000213   Thumb Code     0  __rtentry2.o(.ARM.Collect$$rtentry$$0000000B)
    __rt_entry_main                          0x0800021b   Thumb Code     0  __rtentry2.o(.ARM.Collect$$rtentry$$0000000D)
    __rt_exit                                0x08000223   Thumb Code     0  rtexit.o(.ARM.Collect$$rtexit$$00000000)
    __rt_exit_ls                             0x08000225   Thumb Code     0  rtexit2.o(.ARM.Collect$$rtexit$$00000003)
    __rt_exit_prels_1                        0x08000225   Thumb Code     0  rtexit2.o(.ARM.Collect$$rtexit$$00000002)
    __rt_exit_exit                           0x08000229   Thumb Code     0  rtexit2.o(.ARM.Collect$$rtexit$$00000004)
    _platform_post_lib_init                  0x08000231   Thumb Code    24  rtx_conf_cm.o(.emb_text)
    rt_set_PSP                               0x0800024d   Thumb Code     6  hal_cm4.o(.emb_text)
    rt_get_PSP                               0x08000253   Thumb Code     6  hal_cm4.o(.emb_text)
    os_set_env                               0x08000259   Thumb Code    24  hal_cm4.o(.emb_text)
    _alloc_box                               0x08000275   Thumb Code    28  hal_cm4.o(.emb_text)
    _free_box                                0x08000295   Thumb Code    28  hal_cm4.o(.emb_text)
    SVC_Handler                              0x080002b5   Thumb Code   168  hal_cm4.o(.emb_text)
    PendSV_Handler                           0x0800036d   Thumb Code    96  hal_cm4.o(.emb_text)
    SysTick_Handler                          0x080003d1   Thumb Code     8  hal_cm4.o(.emb_text)
    OS_Tick_Handler                          0x080003d9   Thumb Code    12  hal_cm4.o(.emb_text)
    Reset_Handler                            0x080003e5   Thumb Code     8  startup_stm32f407xx.o(.text)
    ADC_IRQHandler                           0x080003ff   Thumb Code     0  startup_stm32f407xx.o(.text)
    CAN1_RX0_IRQHandler                      0x080003ff   Thumb Code     0  startup_stm32f407xx.o(.text)
    CAN1_RX1_IRQHandler                      0x080003ff   Thumb Code     0  startup_stm32f407xx.o(.text)
    CAN1_SCE_IRQHandler                      0x080003ff   Thumb Code     0  startup_stm32f407xx.o(.text)
    CAN1_TX_IRQHandler                       0x080003ff   Thumb Code     0  startup_stm32f407xx.o(.text)
    CAN2_RX0_IRQHandler                      0x080003ff   Thumb Code     0  startup_stm32f407xx.o(.text)
    CAN2_RX1_IRQHandler                      0x080003ff   Thumb Code     0  startup_stm32f407xx.o(.text)
    CAN2_SCE_IRQHandler                      0x080003ff   Thumb Code     0  startup_stm32f407xx.o(.text)
    CAN2_TX_IRQHandler                       0x080003ff   Thumb Code     0  startup_stm32f407xx.o(.text)
    DCMI_IRQHandler                          0x080003ff   Thumb Code     0  startup_stm32f407xx.o(.text)
    DMA1_Stream0_IRQHandler                  0x080003ff   Thumb Code     0  startup_stm32f407xx.o(.text)
    DMA1_Stream1_IRQHandler                  0x080003ff   Thumb Code     0  startup_stm32f407xx.o(.text)
    DMA1_Stream2_IRQHandler                  0x080003ff   Thumb Code     0  startup_stm32f407xx.o(.text)
    DMA1_Stream4_IRQHandler                  0x080003ff   Thumb Code     0  startup_stm32f407xx.o(.text)
    DMA1_Stream5_IRQHandler                  0x080003ff   Thumb Code     0  startup_stm32f407xx.o(.text)
    DMA1_Stream6_IRQHandler                  0x080003ff   Thumb Code     0  startup_stm32f407xx.o(.text)
    DMA2_Stream0_IRQHandler                  0x080003ff   Thumb Code     0  startup_stm32f407xx.o(.text)
    DMA2_Stream1_IRQHandler                  0x080003ff   Thumb Code     0  startup_stm32f407xx.o(.text)
    DMA2_Stream2_IRQHandler                  0x080003ff   Thumb Code     0  startup_stm32f407xx.o(.text)
    DMA2_Stream3_IRQHandler                  0x080003ff   Thumb Code     0  startup_stm32f407xx.o(.text)
    DMA2_Stream4_IRQHandler                  0x080003ff   Thumb Code     0  startup_stm32f407xx.o(.text)
    DMA2_Stream5_IRQHandler                  0x080003ff   Thumb Code     0  startup_stm32f407xx.o(.text)
    DMA2_Stream6_IRQHandler                  0x080003ff   Thumb Code     0  startup_stm32f407xx.o(.text)
    DMA2_Stream7_IRQHandler                  0x080003ff   Thumb Code     0  startup_stm32f407xx.o(.text)
    ETH_IRQHandler                           0x080003ff   Thumb Code     0  startup_stm32f407xx.o(.text)
    ETH_WKUP_IRQHandler                      0x080003ff   Thumb Code     0  startup_stm32f407xx.o(.text)
    EXTI15_10_IRQHandler                     0x080003ff   Thumb Code     0  startup_stm32f407xx.o(.text)
    EXTI2_IRQHandler                         0x080003ff   Thumb Code     0  startup_stm32f407xx.o(.text)
    EXTI3_IRQHandler                         0x080003ff   Thumb Code     0  startup_stm32f407xx.o(.text)
    EXTI4_IRQHandler                         0x080003ff   Thumb Code     0  startup_stm32f407xx.o(.text)
    EXTI9_5_IRQHandler                       0x080003ff   Thumb Code     0  startup_stm32f407xx.o(.text)
    FLASH_IRQHandler                         0x080003ff   Thumb Code     0  startup_stm32f407xx.o(.text)
    FMC_IRQHandler                           0x080003ff   Thumb Code     0  startup_stm32f407xx.o(.text)
    FPU_IRQHandler                           0x080003ff   Thumb Code     0  startup_stm32f407xx.o(.text)
    HASH_RNG_IRQHandler                      0x080003ff   Thumb Code     0  startup_stm32f407xx.o(.text)
    I2C1_ER_IRQHandler                       0x080003ff   Thumb Code     0  startup_stm32f407xx.o(.text)
    I2C1_EV_IRQHandler                       0x080003ff   Thumb Code     0  startup_stm32f407xx.o(.text)
    I2C2_ER_IRQHandler                       0x080003ff   Thumb Code     0  startup_stm32f407xx.o(.text)
    I2C2_EV_IRQHandler                       0x080003ff   Thumb Code     0  startup_stm32f407xx.o(.text)
    I2C3_ER_IRQHandler                       0x080003ff   Thumb Code     0  startup_stm32f407xx.o(.text)
    I2C3_EV_IRQHandler                       0x080003ff   Thumb Code     0  startup_stm32f407xx.o(.text)
    OTG_FS_WKUP_IRQHandler                   0x080003ff   Thumb Code     0  startup_stm32f407xx.o(.text)
    OTG_HS_EP1_IN_IRQHandler                 0x080003ff   Thumb Code     0  startup_stm32f407xx.o(.text)
    OTG_HS_EP1_OUT_IRQHandler                0x080003ff   Thumb Code     0  startup_stm32f407xx.o(.text)
    OTG_HS_IRQHandler                        0x080003ff   Thumb Code     0  startup_stm32f407xx.o(.text)
    OTG_HS_WKUP_IRQHandler                   0x080003ff   Thumb Code     0  startup_stm32f407xx.o(.text)
    PVD_IRQHandler                           0x080003ff   Thumb Code     0  startup_stm32f407xx.o(.text)
    RCC_IRQHandler                           0x080003ff   Thumb Code     0  startup_stm32f407xx.o(.text)
    RTC_Alarm_IRQHandler                     0x080003ff   Thumb Code     0  startup_stm32f407xx.o(.text)
    RTC_WKUP_IRQHandler                      0x080003ff   Thumb Code     0  startup_stm32f407xx.o(.text)
    SDIO_IRQHandler                          0x080003ff   Thumb Code     0  startup_stm32f407xx.o(.text)
    SPI1_IRQHandler                          0x080003ff   Thumb Code     0  startup_stm32f407xx.o(.text)
    SPI2_IRQHandler                          0x080003ff   Thumb Code     0  startup_stm32f407xx.o(.text)
    SPI3_IRQHandler                          0x080003ff   Thumb Code     0  startup_stm32f407xx.o(.text)
    TAMP_STAMP_IRQHandler                    0x080003ff   Thumb Code     0  startup_stm32f407xx.o(.text)
    TIM1_BRK_TIM9_IRQHandler                 0x080003ff   Thumb Code     0  startup_stm32f407xx.o(.text)
    TIM1_CC_IRQHandler                       0x080003ff   Thumb Code     0  startup_stm32f407xx.o(.text)
    TIM1_TRG_COM_TIM11_IRQHandler            0x080003ff   Thumb Code     0  startup_stm32f407xx.o(.text)
    TIM1_UP_TIM10_IRQHandler                 0x080003ff   Thumb Code     0  startup_stm32f407xx.o(.text)
    TIM2_IRQHandler                          0x080003ff   Thumb Code     0  startup_stm32f407xx.o(.text)
    TIM3_IRQHandler                          0x080003ff   Thumb Code     0  startup_stm32f407xx.o(.text)
    TIM4_IRQHandler                          0x080003ff   Thumb Code     0  startup_stm32f407xx.o(.text)
    TIM5_IRQHandler                          0x080003ff   Thumb Code     0  startup_stm32f407xx.o(.text)
    TIM6_DAC_IRQHandler                      0x080003ff   Thumb Code     0  startup_stm32f407xx.o(.text)
    TIM7_IRQHandler                          0x080003ff   Thumb Code     0  startup_stm32f407xx.o(.text)
    TIM8_BRK_TIM12_IRQHandler                0x080003ff   Thumb Code     0  startup_stm32f407xx.o(.text)
    TIM8_CC_IRQHandler                       0x080003ff   Thumb Code     0  startup_stm32f407xx.o(.text)
    TIM8_TRG_COM_TIM14_IRQHandler            0x080003ff   Thumb Code     0  startup_stm32f407xx.o(.text)
    TIM8_UP_TIM13_IRQHandler                 0x080003ff   Thumb Code     0  startup_stm32f407xx.o(.text)
    UART5_IRQHandler                         0x080003ff   Thumb Code     0  startup_stm32f407xx.o(.text)
    USART1_IRQHandler                        0x080003ff   Thumb Code     0  startup_stm32f407xx.o(.text)
    USART2_IRQHandler                        0x080003ff   Thumb Code     0  startup_stm32f407xx.o(.text)
    USART3_IRQHandler                        0x080003ff   Thumb Code     0  startup_stm32f407xx.o(.text)
    USART6_IRQHandler                        0x080003ff   Thumb Code     0  startup_stm32f407xx.o(.text)
    WWDG_IRQHandler                          0x080003ff   Thumb Code     0  startup_stm32f407xx.o(.text)
    __user_initial_stackheap                 0x08000401   Thumb Code     0  startup_stm32f407xx.o(.text)
    __user_libspace                          0x08000425   Thumb Code     8  libspace.o(.text)
    __user_perproc_libspace                  0x08000425   Thumb Code     0  libspace.o(.text)
    __aeabi_uldivmod                         0x0800042d   Thumb Code     0  lludivv7m.o(.text)
    _ll_udiv                                 0x0800042d   Thumb Code   238  lludivv7m.o(.text)
    exit                                     0x0800051b   Thumb Code    18  exit.o(.text)
    __aeabi_memclr4                          0x0800052d   Thumb Code     0  rt_memclr_w.o(.text)
    __aeabi_memclr8                          0x0800052d   Thumb Code     0  rt_memclr_w.o(.text)
    __rt_memclr_w                            0x0800052d   Thumb Code    78  rt_memclr_w.o(.text)
    _memset_w                                0x08000531   Thumb Code     0  rt_memclr_w.o(.text)
    __use_two_region_memory                  0x0800057b   Thumb Code     2  heapauxi.o(.text)
    __rt_heap_escrow                         0x0800057d   Thumb Code     2  heapauxi.o(.text)
    __rt_heap_expand                         0x0800057f   Thumb Code     2  heapauxi.o(.text)
    _sys_exit                                0x08000581   Thumb Code     8  sys_exit.o(.text)
    __user_setup_stackheap                   0x0800058d   Thumb Code    74  sys_stackheap_outer.o(.text)
    __I$use$semihosting                      0x080005d7   Thumb Code     0  use_no_semi.o(.text)
    __use_no_semihosting_swi                 0x080005d7   Thumb Code     2  use_no_semi.o(.text)
    SVC_Count                                0x080005d8   Data           4  svc_table.o(SVC_TABLE)
    __semihosting_library_function           0x080005d9   Thumb Code     0  indicate_semi.o(.text)
    BusFault_Handler                         0x080005dd   Thumb Code     4  stm32f4xx_it.o(i.BusFault_Handler)
    SVC_Table                                0x080005dc   Data           0  svc_table.o(SVC_TABLE)
    DMA1_Stream3_IRQHandler                  0x080005e1   Thumb Code    12  stm32f4xx_it.o(i.DMA1_Stream3_IRQHandler)
    DMA1_Stream7_IRQHandler                  0x080005f1   Thumb Code    12  stm32f4xx_it.o(i.DMA1_Stream7_IRQHandler)
    DebugMon_Handler                         0x08000601   Thumb Code     2  stm32f4xx_it.o(i.DebugMon_Handler)
    EXTI0_IRQHandler                         0x08000603   Thumb Code    10  stm32f4xx_it.o(i.EXTI0_IRQHandler)
    EXTI1_IRQHandler                         0x0800060d   Thumb Code    10  stm32f4xx_it.o(i.EXTI1_IRQHandler)
    HAL_DMA_Abort                            0x080007a1   Thumb Code   170  stm32f4xx_hal_dma.o(i.HAL_DMA_Abort)
    HAL_DMA_IRQHandler                       0x0800084d   Thumb Code   570  stm32f4xx_hal_dma.o(i.HAL_DMA_IRQHandler)
    HAL_GPIO_DeInit                          0x08000a8d   Thumb Code   316  stm32f4xx_hal_gpio.o(i.HAL_GPIO_DeInit)
    HAL_GPIO_EXTI_Callback                   0x08000bf1   Thumb Code     2  stm32f4xx_hal_gpio.o(i.HAL_GPIO_EXTI_Callback)
    HAL_GPIO_EXTI_IRQHandler                 0x08000bf5   Thumb Code    24  stm32f4xx_hal_gpio.o(i.HAL_GPIO_EXTI_IRQHandler)
    HAL_GPIO_Init                            0x08000c11   Thumb Code   466  stm32f4xx_hal_gpio.o(i.HAL_GPIO_Init)
    HAL_GPIO_ReadPin                         0x08000e11   Thumb Code    16  stm32f4xx_hal_gpio.o(i.HAL_GPIO_ReadPin)
    HAL_GPIO_WritePin                        0x08000e21   Thumb Code    12  stm32f4xx_hal_gpio.o(i.HAL_GPIO_WritePin)
    HAL_GetREVID                             0x08000e2d   Thumb Code     8  stm32f4xx_hal.o(i.HAL_GetREVID)
    HAL_GetTick                              0x08000e39   Thumb Code     6  main.o(i.HAL_GetTick)
    HAL_Init                                 0x08000e45   Thumb Code    44  stm32f4xx_hal.o(i.HAL_Init)
    HAL_InitTick                             0x08000e75   Thumb Code    64  stm32f4xx_hal.o(i.HAL_InitTick)
    HAL_MspInit                              0x08000ec1   Thumb Code     2  stm32f4xx_hal.o(i.HAL_MspInit)
    HAL_NVIC_DisableIRQ                      0x08000ec5   Thumb Code    62  stm32f4xx_hal_cortex.o(i.HAL_NVIC_DisableIRQ)
    HAL_NVIC_SetPriority                     0x08000f09   Thumb Code   124  stm32f4xx_hal_cortex.o(i.HAL_NVIC_SetPriority)
    HAL_NVIC_SetPriorityGrouping             0x08000f85   Thumb Code    32  stm32f4xx_hal_cortex.o(i.HAL_NVIC_SetPriorityGrouping)
    HAL_RCC_ClockConfig                      0x08000fad   Thumb Code   366  stm32f4xx_hal_rcc.o(i.HAL_RCC_ClockConfig)
    HAL_RCC_GetHCLKFreq                      0x0800112d   Thumb Code     6  stm32f4xx_hal_rcc.o(i.HAL_RCC_GetHCLKFreq)
    HAL_RCC_GetPCLK1Freq                     0x08001139   Thumb Code    22  stm32f4xx_hal_rcc.o(i.HAL_RCC_GetPCLK1Freq)
    HAL_RCC_GetSysClockFreq                  0x08001159   Thumb Code   162  stm32f4xx_hal_rcc.o(i.HAL_RCC_GetSysClockFreq)
    HAL_RCC_OscConfig                        0x08001209   Thumb Code  1086  stm32f4xx_hal_rcc.o(i.HAL_RCC_OscConfig)
    HAL_SYSTICK_Config                       0x08001651   Thumb Code    52  stm32f4xx_hal_cortex.o(i.HAL_SYSTICK_Config)
    HardFault_Handler                        0x08001685   Thumb Code     4  stm32f4xx_it.o(i.HardFault_Handler)
    Init_Thread                              0x08001689   Thumb Code    22  thread.o(i.Init_Thread)
    LED_Initialize                           0x080016a5   Thumb Code    68  led_f4discovery.o(i.LED_Initialize)
    LED_Off                                  0x080016f1   Thumb Code    40  led_f4discovery.o(i.LED_Off)
    LED_On                                   0x0800171d   Thumb Code    40  led_f4discovery.o(i.LED_On)
    MemManage_Handler                        0x08001749   Thumb Code     4  stm32f4xx_it.o(i.MemManage_Handler)
    NMI_Handler                              0x0800174d   Thumb Code     2  stm32f4xx_it.o(i.NMI_Handler)
    OTG_FS_IRQHandler                        0x0800174f   Thumb Code    26  otg_fs_stm32f4xx.o(i.OTG_FS_IRQHandler)
    SystemInit                               0x08001829   Thumb Code    82  system_stm32f4xx.o(i.SystemInit)
    Thread_1                                 0x0800188d   Thumb Code    44  thread.o(i.Thread_1)
    UART4_IRQHandler                         0x080018b9   Thumb Code    10  usart_stm32f4xx.o(i.UART4_IRQHandler)
    UART_Init                                0x080018c9   Thumb Code   150  uart_driver.o(i.UART_Init)
    USART_IRQHandler                         0x080024e7   Thumb Code   626  usart_stm32f4xx.o(i.USART_IRQHandler)
    USART_callback                           0x08002e75   Thumb Code    64  uart_driver.o(i.USART_callback)
    USBH_FS_IRQ                              0x08002ed9   Thumb Code  1060  usbh_fs_stm32f4xx.o(i.USBH_FS_IRQ)
    UsageFault_Handler                       0x080034e9   Thumb Code     4  stm32f4xx_it.o(i.UsageFault_Handler)
    _init_box                                0x08003585   Thumb Code    70  rt_membox.o(i._init_box)
    _mutex_acquire                           0x080035cd   Thumb Code    22  rtx_conf_cm.o(i._mutex_acquire)
    _mutex_release                           0x080035ed   Thumb Code    18  rtx_conf_cm.o(i._mutex_release)
    dbg_init                                 0x08003609   Thumb Code    34  hal_cm.o(i.dbg_init)
    dbg_task_notify                          0x08003639   Thumb Code    32  hal_cm.o(i.dbg_task_notify)
    dbg_task_switch                          0x08003659   Thumb Code    16  hal_cm.o(i.dbg_task_switch)
    isrMessageGet                            0x08003669   Thumb Code    42  rt_cmsis.o(i.isrMessageGet)
    isrMessagePut                            0x08003693   Thumb Code    44  rt_cmsis.o(i.isrMessagePut)
    isrSemaphoreRelease                      0x080036bf   Thumb Code    40  rt_cmsis.o(i.isrSemaphoreRelease)
    isr_mbx_receive                          0x080036e9   Thumb Code    86  rt_mailbox.o(i.isr_mbx_receive)
    isr_mbx_send                             0x0800373f   Thumb Code    14  rt_mailbox.o(i.isr_mbx_send)
    isr_sem_send                             0x0800374d   Thumb Code    16  rt_semaphore.o(i.isr_sem_send)
    main                                     0x0800375d   Thumb Code    26  main.o(i.main)
    osDelay                                  0x08003779   Thumb Code    18  rt_cmsis.o(i.osDelay)
    osKernelInitialize                       0x08003791   Thumb Code    30  rt_cmsis.o(i.osKernelInitialize)
    osKernelStart                            0x080037b5   Thumb Code    98  rt_cmsis.o(i.osKernelStart)
    osMessageGet                             0x08003821   Thumb Code    18  rt_cmsis.o(i.osMessageGet)
    osSemaphoreCreate                        0x08003839   Thumb Code    36  rt_cmsis.o(i.osSemaphoreCreate)
    osSemaphoreRelease                       0x08003865   Thumb Code    18  rt_cmsis.o(i.osSemaphoreRelease)
    osThreadCreate                           0x0800387d   Thumb Code    36  rt_cmsis.o(i.osThreadCreate)
    osThreadExit                             0x080038a9   Thumb Code    14  rt_cmsis.o(i.osThreadExit)
    osTimerCall                              0x080038c1   Thumb Code     8  rt_cmsis.o(i.osTimerCall)
    osTimerThread                            0x080038cd   Thumb Code    38  rt_cmsis.o(i.osTimerThread)
    os_error                                 0x080038f9   Thumb Code    34  rtx_conf_cm.o(i.os_error)
    os_idle_demon                            0x0800391b   Thumb Code     4  rtx_conf_cm.o(i.os_idle_demon)
    os_tick_init                             0x08003921   Thumb Code    32  rt_system.o(i.os_tick_init)
    os_tick_irqack                           0x08003949   Thumb Code     2  rt_system.o(i.os_tick_irqack)
    rt_alloc_box                             0x0800394b   Thumb Code    26  rt_membox.o(i.rt_alloc_box)
    rt_alloc_mem                             0x08003965   Thumb Code    62  rt_memory.o(i.rt_alloc_mem)
    rt_block                                 0x080039a5   Thumb Code    48  rt_task.o(i.rt_block)
    rt_chk_robin                             0x080039dd   Thumb Code     2  rtx_conf_cm.o(i.rt_chk_robin)
    rt_dec_dly                               0x080039e1   Thumb Code   102  rt_list.o(i.rt_dec_dly)
    rt_dispatch                              0x08003a51   Thumb Code    60  rt_task.o(i.rt_dispatch)
    rt_dly_wait                              0x08003a95   Thumb Code     6  rt_time.o(i.rt_dly_wait)
    rt_evt_psh                               0x08003a9d   Thumb Code    76  rt_event.o(i.rt_evt_psh)
    rt_free_box                              0x08003aed   Thumb Code    44  rt_membox.o(i.rt_free_box)
    rt_free_mem                              0x08003b19   Thumb Code    40  rt_memory.o(i.rt_free_mem)
    rt_get_first                             0x08003b41   Thumb Code    40  rt_list.o(i.rt_get_first)
    rt_init_mem                              0x08003bb9   Thumb Code    26  rt_memory.o(i.rt_init_mem)
    rt_init_robin                            0x08003bd3   Thumb Code     2  rtx_conf_cm.o(i.rt_init_robin)
    rt_init_stack                            0x08003bd5   Thumb Code   118  hal_cm.o(i.rt_init_stack)
    rt_mbx_check                             0x08003c55   Thumb Code     8  rt_mailbox.o(i.rt_mbx_check)
    rt_mbx_init                              0x08003c5d   Thumb Code    26  rt_mailbox.o(i.rt_mbx_init)
    rt_mbx_psh                               0x08003c79   Thumb Code   236  rt_mailbox.o(i.rt_mbx_psh)
    rt_mbx_wait                              0x08003d69   Thumb Code   174  rt_mailbox.o(i.rt_mbx_wait)
    rt_mut_release                           0x08003e61   Thumb Code   208  rt_mutex.o(i.rt_mut_release)
    rt_mut_wait                              0x08003f39   Thumb Code   114  rt_mutex.o(i.rt_mut_wait)
    rt_pop_req                               0x08003fb1   Thumb Code   112  rt_system.o(i.rt_pop_req)
    rt_psh_req                               0x0800402d   Thumb Code    22  rt_system.o(i.rt_psh_req)
    rt_psq_enq                               0x0800404d   Thumb Code    88  rt_list.o(i.rt_psq_enq)
    rt_put_dly                               0x080040a9   Thumb Code    68  rt_list.o(i.rt_put_dly)
    rt_put_prio                              0x080040f1   Thumb Code    54  rt_list.o(i.rt_put_prio)
    rt_put_rdy_first                         0x08004129   Thumb Code    14  rt_list.o(i.rt_put_rdy_first)
    rt_resort_prio                           0x0800413d   Thumb Code    46  rt_list.o(i.rt_resort_prio)
    rt_ret_val                               0x08004181   Thumb Code    12  hal_cm.o(i.rt_ret_val)
    rt_ret_val2                              0x0800418d   Thumb Code    16  hal_cm.o(i.rt_ret_val2)
    rt_rmv_dly                               0x0800419d   Thumb Code    40  rt_list.o(i.rt_rmv_dly)
    rt_rmv_list                              0x080041c5   Thumb Code    44  rt_list.o(i.rt_rmv_list)
    rt_sem_init                              0x080041f5   Thumb Code    12  rt_semaphore.o(i.rt_sem_init)
    rt_sem_psh                               0x08004201   Thumb Code    48  rt_semaphore.o(i.rt_sem_psh)
    rt_sem_send                              0x08004235   Thumb Code    42  rt_semaphore.o(i.rt_sem_send)
    rt_stk_check                             0x08004261   Thumb Code    28  rt_system.o(i.rt_stk_check)
    rt_switch_req                            0x08004285   Thumb Code    30  rt_task.o(i.rt_switch_req)
    rt_sys_init                              0x080042ad   Thumb Code   138  rt_task.o(i.rt_sys_init)
    rt_sys_start                             0x08004379   Thumb Code   110  rt_task.o(i.rt_sys_start)
    rt_systick                               0x080043f1   Thumb Code    50  rt_system.o(i.rt_systick)
    rt_tsk_create                            0x08004479   Thumb Code   118  rt_task.o(i.rt_tsk_create)
    rt_tsk_delete                            0x08004501   Thumb Code   352  rt_task.o(i.rt_tsk_delete)
    rt_tsk_prio                              0x0800467d   Thumb Code   108  rt_task.o(i.rt_tsk_prio)
    rt_tsk_self                              0x080046f9   Thumb Code    12  rt_task.o(i.rt_tsk_self)
    svcDelay                                 0x08004709   Thumb Code    18  rt_cmsis.o(i.svcDelay)
    svcKernelInitialize                      0x0800471d   Thumb Code    80  rt_cmsis.o(i.svcKernelInitialize)
    svcKernelStart                           0x0800478d   Thumb Code    62  rt_cmsis.o(i.svcKernelStart)
    svcMessageCreate                         0x080047d5   Thumb Code    36  rt_cmsis.o(i.svcMessageCreate)
    svcMessageGet                            0x080047f9   Thumb Code    58  rt_cmsis.o(i.svcMessageGet)
    svcSemaphoreCreate                       0x08004833   Thumb Code    36  rt_cmsis.o(i.svcSemaphoreCreate)
    svcSemaphoreRelease                      0x08004857   Thumb Code    40  rt_cmsis.o(i.svcSemaphoreRelease)
    svcThreadCreate                          0x08004881   Thumb Code    96  rt_cmsis.o(i.svcThreadCreate)
    svcThreadGetId                           0x080048ed   Thumb Code    22  rt_cmsis.o(i.svcThreadGetId)
    svcThreadTerminate                       0x08004909   Thumb Code    50  rt_cmsis.o(i.svcThreadTerminate)
    svcTimerCall                             0x08004941   Thumb Code    24  rt_cmsis.o(i.svcTimerCall)
    sysTimerTick                             0x08004959   Thumb Code    84  rt_cmsis.o(i.sysTimerTick)
    _fp_init                                 0x080049b5   Thumb Code    10  fpinit.o(x$fpl$fpinit)
    __fplib_config_fpu_vfp                   0x080049bd   Thumb Code     0  fpinit.o(x$fpl$fpinit)
    __fplib_config_pureend_doubles           0x080049bd   Thumb Code     0  fpinit.o(x$fpl$fpinit)
    os_thread_def_Thread_1                   0x080049c0   Data          16  thread.o(.constdata)
    os_semaphore_def_UART_SEM_Send_block     0x080049d0   Data           4  uart_driver.o(.constdata)
    os_semaphore_def_UART_SEM_Send           0x080049d4   Data           4  uart_driver.o(.constdata)
    os_semaphore_def_UART_SEM_Rec_block      0x080049d8   Data           4  uart_driver.o(.constdata)
    os_semaphore_def_UART_SEM_Rec            0x080049dc   Data           4  uart_driver.o(.constdata)
    os_maxtaskrun                            0x08004a00   Data           2  rtx_conf_cm.o(.constdata)
    os_stackinfo                             0x08004a04   Data           4  rtx_conf_cm.o(.constdata)
    os_rrobin                                0x08004a08   Data           4  rtx_conf_cm.o(.constdata)
    os_tickfreq                              0x08004a0c   Data           4  rtx_conf_cm.o(.constdata)
    os_tickus_i                              0x08004a10   Data           2  rtx_conf_cm.o(.constdata)
    os_tickus_f                              0x08004a12   Data           2  rtx_conf_cm.o(.constdata)
    os_trv                                   0x08004a14   Data           4  rtx_conf_cm.o(.constdata)
    os_flags                                 0x08004a18   Data           1  rtx_conf_cm.o(.constdata)
    CMSIS_RTOS_API_Version                   0x08004a1c   Data           4  rtx_conf_cm.o(.constdata)
    CMSIS_RTOS_RTX_Version                   0x08004a20   Data           4  rtx_conf_cm.o(.constdata)
    os_clockrate                             0x08004a24   Data           4  rtx_conf_cm.o(.constdata)
    os_timernum                              0x08004a28   Data           4  rtx_conf_cm.o(.constdata)
    mp_tcb_size                              0x08004a2c   Data           2  rtx_conf_cm.o(.constdata)
    mp_stk_size                              0x08004a30   Data           4  rtx_conf_cm.o(.constdata)
    os_stack_sz                              0x08004a34   Data           4  rtx_conf_cm.o(.constdata)
    os_fifo_size                             0x08004a38   Data           1  rtx_conf_cm.o(.constdata)
    os_thread_def_osTimerThread              0x08004a3c   Data          16  rtx_conf_cm.o(.constdata)
    os_messageQ_def_osTimerMessageQ          0x08004a4c   Data           8  rtx_conf_cm.o(.constdata)
    mp_tmr_size                              0x08004a54   Data           2  rtx_conf_cm.o(.constdata)
    os_thread_def_main                       0x08004a58   Data          16  rtx_conf_cm.o(.constdata)
    Driver_USART4                            0x08004ab8   Data          56  usart_stm32f4xx.o(.constdata)
    AHBPrescTable                            0x08004af0   Data          16  system_stm32f4xx.o(.constdata)
    APBPrescTable                            0x08004b00   Data           8  system_stm32f4xx.o(.constdata)
    Region$$Table$$Base                      0x08004b08   Number         0  anon$$obj.o(Region$$Table)
    Region$$Table$$Limit                     0x08004b28   Number         0  anon$$obj.o(Region$$Table)
    usb_lib_version                          0x08004b28   Data           4  usb_lib_ver.o(__MW_USB_LIB_VERSION_6.13.6)
    sid_UART_SEM_Send_block                  0x20000000   Data           4  uart_driver.o(.data)
    os_semaphore_cb_UART_SEM_Send_block      0x20000004   Data           8  uart_driver.o(.data)
    sid_UART_SEM_Send                        0x2000000c   Data           4  uart_driver.o(.data)
    os_semaphore_cb_UART_SEM_Send            0x20000010   Data           8  uart_driver.o(.data)
    sid_UART_SEM_Rec_block                   0x20000018   Data           4  uart_driver.o(.data)
    os_semaphore_cb_UART_SEM_Rec_block       0x2000001c   Data           8  uart_driver.o(.data)
    sid_UART_SEM_Rec                         0x20000024   Data           4  uart_driver.o(.data)
    os_semaphore_cb_UART_SEM_Rec             0x20000028   Data           8  uart_driver.o(.data)
    osThreadId_osTimerThread                 0x20000030   Data           4  rtx_conf_cm.o(.data)
    osMessageQId_osTimerMessageQ             0x20000034   Data           4  rtx_conf_cm.o(.data)
    os_tmr                                   0x20000038   Data           4  rtx_conf_cm.o(.data)
    m_tmr                                    0x2000003c   Data           4  rtx_conf_cm.o(.data)
    uwTick                                   0x20000070   Data           4  stm32f4xx_hal.o(.data)
    uwTickPrio                               0x20000074   Data           4  stm32f4xx_hal.o(.data)
    uwTickFreq                               0x20000078   Data           1  stm32f4xx_hal.o(.data)
    SystemCoreClock                          0x2000007c   Data           4  system_stm32f4xx.o(.data)
    os_initialized                           0x20000080   Data           1  rt_cmsis.o(.data)
    os_running                               0x20000081   Data           1  rt_cmsis.o(.data)
    os_timer_head                            0x20000084   Data           4  rt_cmsis.o(.data)
    os_tsk                                   0x20000088   Data           8  rt_task.o(.data)
    os_time                                  0x20000090   Data           4  rt_time.o(.data)
    os_tick_irqn                             0x20000098   Data           4  rt_system.o(.data)
    dbg_msg                                  0x2000009c   Data           1  hal_cm.o(.data)
    hAudioOutI2s                             0x200000a0   Data          72  stm32f4_discovery_audio.o(.bss)
    hAudioInI2s                              0x200000e8   Data          72  stm32f4_discovery_audio.o(.bss)
    Filter                                   0x20000130   Data          52  stm32f4_discovery_audio.o(.bss)
    mp_tcb                                   0x20000228   Data         480  rtx_conf_cm.o(.bss)
    mp_stk                                   0x20000408   Data       12016  rtx_conf_cm.o(.bss)
    os_stack_mem                             0x200032f8   Data       12248  rtx_conf_cm.o(.bss)
    os_fifo                                  0x200062d0   Data         132  rtx_conf_cm.o(.bss)
    os_active_TCB                            0x20006354   Data          36  rtx_conf_cm.o(.bss)
    os_messageQ_q_osTimerMessageQ            0x20006378   Data          32  rtx_conf_cm.o(.bss)
    os_idle_TCB                              0x200068b0   Data          52  rt_task.o(.bss)
    os_rdy                                   0x200068e4   Data          24  rt_list.o(.bss)
    os_dly                                   0x200068fc   Data          24  rt_list.o(.bss)
    __libspace_start                         0x20006914   Data          96  libspace.o(.bss)
    __temporary_stack_top$libspace           0x20006974   Data           0  libspace.o(.bss)



==============================================================================

Memory Map of the image

  Image Entry point : 0x08000189

  Load Region LR_IROM1 (Base: 0x08000000, Size: 0x00004bcc, Max: 0x00100000, ABSOLUTE)

    Execution Region ER_IROM1 (Exec base: 0x08000000, Load base: 0x08000000, Size: 0x00004b2c, Max: 0x00100000, ABSOLUTE)

    Exec Addr    Load Addr    Size         Type   Attr      Idx    E Section Name        Object

    0x08000000   0x08000000   0x00000188   Data   RO         3716    RESET               startup_stm32f407xx.o
    0x08000188   0x08000188   0x00000008   Code   RO         6196  * !!!main             c_w.l(__main.o)
    0x08000190   0x08000190   0x00000034   Code   RO         6649    !!!scatter          c_w.l(__scatter.o)
    0x080001c4   0x080001c4   0x0000001a   Code   RO         6651    !!handler_copy      c_w.l(__scatter_copy.o)
    0x080001de   0x080001de   0x00000002   PAD
    0x080001e0   0x080001e0   0x0000001c   Code   RO         6653    !!handler_zi        c_w.l(__scatter_zi.o)
    0x080001fc   0x080001fc   0x00000002   Code   RO         6484    .ARM.Collect$$libinit$$00000000  c_w.l(libinit.o)
    0x080001fe   0x080001fe   0x00000004   Code   RO         6485    .ARM.Collect$$libinit$$00000001  c_w.l(libinit2.o)
    0x08000202   0x08000202   0x00000000   Code   RO         6488    .ARM.Collect$$libinit$$00000004  c_w.l(libinit2.o)
    0x08000202   0x08000202   0x00000000   Code   RO         6491    .ARM.Collect$$libinit$$0000000A  c_w.l(libinit2.o)
    0x08000202   0x08000202   0x00000000   Code   RO         6493    .ARM.Collect$$libinit$$0000000C  c_w.l(libinit2.o)
    0x08000202   0x08000202   0x00000000   Code   RO         6495    .ARM.Collect$$libinit$$0000000E  c_w.l(libinit2.o)
    0x08000202   0x08000202   0x00000000   Code   RO         6498    .ARM.Collect$$libinit$$00000011  c_w.l(libinit2.o)
    0x08000202   0x08000202   0x00000000   Code   RO         6500    .ARM.Collect$$libinit$$00000013  c_w.l(libinit2.o)
    0x08000202   0x08000202   0x00000000   Code   RO         6502    .ARM.Collect$$libinit$$00000015  c_w.l(libinit2.o)
    0x08000202   0x08000202   0x00000000   Code   RO         6504    .ARM.Collect$$libinit$$00000017  c_w.l(libinit2.o)
    0x08000202   0x08000202   0x00000000   Code   RO         6506    .ARM.Collect$$libinit$$00000019  c_w.l(libinit2.o)
    0x08000202   0x08000202   0x00000000   Code   RO         6508    .ARM.Collect$$libinit$$0000001B  c_w.l(libinit2.o)
    0x08000202   0x08000202   0x00000000   Code   RO         6510    .ARM.Collect$$libinit$$0000001D  c_w.l(libinit2.o)
    0x08000202   0x08000202   0x00000000   Code   RO         6512    .ARM.Collect$$libinit$$0000001F  c_w.l(libinit2.o)
    0x08000202   0x08000202   0x00000000   Code   RO         6514    .ARM.Collect$$libinit$$00000021  c_w.l(libinit2.o)
    0x08000202   0x08000202   0x00000000   Code   RO         6516    .ARM.Collect$$libinit$$00000023  c_w.l(libinit2.o)
    0x08000202   0x08000202   0x00000000   Code   RO         6518    .ARM.Collect$$libinit$$00000025  c_w.l(libinit2.o)
    0x08000202   0x08000202   0x00000000   Code   RO         6522    .ARM.Collect$$libinit$$0000002C  c_w.l(libinit2.o)
    0x08000202   0x08000202   0x00000000   Code   RO         6524    .ARM.Collect$$libinit$$0000002E  c_w.l(libinit2.o)
    0x08000202   0x08000202   0x00000000   Code   RO         6526    .ARM.Collect$$libinit$$00000030  c_w.l(libinit2.o)
    0x08000202   0x08000202   0x00000000   Code   RO         6528    .ARM.Collect$$libinit$$00000032  c_w.l(libinit2.o)
    0x08000202   0x08000202   0x00000002   Code   RO         6529    .ARM.Collect$$libinit$$00000033  c_w.l(libinit2.o)
    0x08000204   0x08000204   0x00000002   Code   RO         6530    .ARM.Collect$$libshutdown$$00000000  c_w.l(libshutdown.o)
    0x08000206   0x08000206   0x00000000   Code   RO         6532    .ARM.Collect$$libshutdown$$00000002  c_w.l(libshutdown2.o)
    0x08000206   0x08000206   0x00000000   Code   RO         6534    .ARM.Collect$$libshutdown$$00000004  c_w.l(libshutdown2.o)
    0x08000206   0x08000206   0x00000000   Code   RO         6537    .ARM.Collect$$libshutdown$$00000007  c_w.l(libshutdown2.o)
    0x08000206   0x08000206   0x00000000   Code   RO         6540    .ARM.Collect$$libshutdown$$0000000A  c_w.l(libshutdown2.o)
    0x08000206   0x08000206   0x00000000   Code   RO         6542    .ARM.Collect$$libshutdown$$0000000C  c_w.l(libshutdown2.o)
    0x08000206   0x08000206   0x00000000   Code   RO         6545    .ARM.Collect$$libshutdown$$0000000F  c_w.l(libshutdown2.o)
    0x08000206   0x08000206   0x00000002   Code   RO         6546    .ARM.Collect$$libshutdown$$00000010  c_w.l(libshutdown2.o)
    0x08000208   0x08000208   0x00000000   Code   RO         6260    .ARM.Collect$$rtentry$$00000000  c_w.l(__rtentry.o)
    0x08000208   0x08000208   0x00000000   Code   RO         6332    .ARM.Collect$$rtentry$$00000002  c_w.l(__rtentry2.o)
    0x08000208   0x08000208   0x00000006   Code   RO         6344    .ARM.Collect$$rtentry$$00000004  c_w.l(__rtentry4.o)
    0x0800020e   0x0800020e   0x00000000   Code   RO         6334    .ARM.Collect$$rtentry$$00000009  c_w.l(__rtentry2.o)
    0x0800020e   0x0800020e   0x00000004   Code   RO         6335    .ARM.Collect$$rtentry$$0000000A  c_w.l(__rtentry2.o)
    0x08000212   0x08000212   0x00000008   Code   RO         6336    .ARM.Collect$$rtentry$$0000000B  c_w.l(__rtentry2.o)
    0x0800021a   0x0800021a   0x00000008   Code   RO         6338    .ARM.Collect$$rtentry$$0000000D  c_w.l(__rtentry2.o)
    0x08000222   0x08000222   0x00000002   Code   RO         6261    .ARM.Collect$$rtexit$$00000000  c_w.l(rtexit.o)
    0x08000224   0x08000224   0x00000000   Code   RO         6347    .ARM.Collect$$rtexit$$00000002  c_w.l(rtexit2.o)
    0x08000224   0x08000224   0x00000004   Code   RO         6348    .ARM.Collect$$rtexit$$00000003  c_w.l(rtexit2.o)
    0x08000228   0x08000228   0x00000006   Code   RO         6349    .ARM.Collect$$rtexit$$00000004  c_w.l(rtexit2.o)
    0x0800022e   0x0800022e   0x00000002   PAD
    0x08000230   0x08000230   0x0000001c   Code   RO          932    .emb_text           rtx_conf_cm.o
    0x0800024c   0x0800024c   0x00000198   Code   RO         5843    .emb_text           RTX_CM4.lib(hal_cm4.o)
    0x080003e4   0x080003e4   0x00000040   Code   RO         3717    .text               startup_stm32f407xx.o
    0x08000424   0x08000424   0x00000008   Code   RO         6167    .text               c_w.l(libspace.o)
    0x0800042c   0x0800042c   0x000000ee   Code   RO         6170    .text               c_w.l(lludivv7m.o)
    0x0800051a   0x0800051a   0x00000012   Code   RO         6176    .text               c_w.l(exit.o)
    0x0800052c   0x0800052c   0x0000004e   Code   RO         6190    .text               c_w.l(rt_memclr_w.o)
    0x0800057a   0x0800057a   0x00000006   Code   RO         6194    .text               c_w.l(heapauxi.o)
    0x08000580   0x08000580   0x0000000c   Code   RO         6390    .text               c_w.l(sys_exit.o)
    0x0800058c   0x0800058c   0x0000004a   Code   RO         6392    .text               c_w.l(sys_stackheap_outer.o)
    0x080005d6   0x080005d6   0x00000002   Code   RO         6549    .text               c_w.l(use_no_semi.o)
    0x080005d8   0x080005d8   0x00000000   Code   RO         6551    .text               c_w.l(indicate_semi.o)
    0x080005d8   0x080005d8   0x00000004   Code   RO         6148    SVC_TABLE           RTX_CM4.lib(svc_table.o)
    0x080005dc   0x080005dc   0x00000004   Code   RO          275    i.BusFault_Handler  stm32f4xx_it.o
    0x080005e0   0x080005e0   0x00000010   Code   RO          276    i.DMA1_Stream3_IRQHandler  stm32f4xx_it.o
    0x080005f0   0x080005f0   0x00000010   Code   RO          277    i.DMA1_Stream7_IRQHandler  stm32f4xx_it.o
    0x08000600   0x08000600   0x00000002   Code   RO          278    i.DebugMon_Handler  stm32f4xx_it.o
    0x08000602   0x08000602   0x0000000a   Code   RO          279    i.EXTI0_IRQHandler  stm32f4xx_it.o
    0x0800060c   0x0800060c   0x0000000a   Code   RO          280    i.EXTI1_IRQHandler  stm32f4xx_it.o
    0x08000616   0x08000616   0x00000002   PAD
    0x08000618   0x08000618   0x00000184   Code   RO         1083    i.Enable_GPIO_Clock  usart_stm32f4xx.o
    0x0800079c   0x0800079c   0x00000004   Code   RO            4    i.Error_Handler     main.o
    0x080007a0   0x080007a0   0x000000aa   Code   RO         1824    i.HAL_DMA_Abort     stm32f4xx_hal_dma.o
    0x0800084a   0x0800084a   0x00000002   PAD
    0x0800084c   0x0800084c   0x00000240   Code   RO         1829    i.HAL_DMA_IRQHandler  stm32f4xx_hal_dma.o
    0x08000a8c   0x08000a8c   0x00000164   Code   RO         1968    i.HAL_GPIO_DeInit   stm32f4xx_hal_gpio.o
    0x08000bf0   0x08000bf0   0x00000002   Code   RO         1969    i.HAL_GPIO_EXTI_Callback  stm32f4xx_hal_gpio.o
    0x08000bf2   0x08000bf2   0x00000002   PAD
    0x08000bf4   0x08000bf4   0x0000001c   Code   RO         1970    i.HAL_GPIO_EXTI_IRQHandler  stm32f4xx_hal_gpio.o
    0x08000c10   0x08000c10   0x00000200   Code   RO         1971    i.HAL_GPIO_Init     stm32f4xx_hal_gpio.o
    0x08000e10   0x08000e10   0x00000010   Code   RO         1973    i.HAL_GPIO_ReadPin  stm32f4xx_hal_gpio.o
    0x08000e20   0x08000e20   0x0000000c   Code   RO         1975    i.HAL_GPIO_WritePin  stm32f4xx_hal_gpio.o
    0x08000e2c   0x08000e2c   0x0000000c   Code   RO         1510    i.HAL_GetREVID      stm32f4xx_hal.o
    0x08000e38   0x08000e38   0x0000000c   Code   RO            5    i.HAL_GetTick       main.o
    0x08000e44   0x08000e44   0x00000030   Code   RO         1518    i.HAL_Init          stm32f4xx_hal.o
    0x08000e74   0x08000e74   0x0000004c   Code   RO         1519    i.HAL_InitTick      stm32f4xx_hal.o
    0x08000ec0   0x08000ec0   0x00000002   Code   RO         1521    i.HAL_MspInit       stm32f4xx_hal.o
    0x08000ec2   0x08000ec2   0x00000002   PAD
    0x08000ec4   0x08000ec4   0x00000044   Code   RO         1685    i.HAL_NVIC_DisableIRQ  stm32f4xx_hal_cortex.o
    0x08000f08   0x08000f08   0x0000007c   Code   RO         1692    i.HAL_NVIC_SetPriority  stm32f4xx_hal_cortex.o
    0x08000f84   0x08000f84   0x00000028   Code   RO         1693    i.HAL_NVIC_SetPriorityGrouping  stm32f4xx_hal_cortex.o
    0x08000fac   0x08000fac   0x00000180   Code   RO         2954    i.HAL_RCC_ClockConfig  stm32f4xx_hal_rcc.o
    0x0800112c   0x0800112c   0x0000000c   Code   RO         2959    i.HAL_RCC_GetHCLKFreq  stm32f4xx_hal_rcc.o
    0x08001138   0x08001138   0x00000020   Code   RO         2961    i.HAL_RCC_GetPCLK1Freq  stm32f4xx_hal_rcc.o
    0x08001158   0x08001158   0x000000b0   Code   RO         2963    i.HAL_RCC_GetSysClockFreq  stm32f4xx_hal_rcc.o
    0x08001208   0x08001208   0x00000448   Code   RO         2966    i.HAL_RCC_OscConfig  stm32f4xx_hal_rcc.o
    0x08001650   0x08001650   0x00000034   Code   RO         1697    i.HAL_SYSTICK_Config  stm32f4xx_hal_cortex.o
    0x08001684   0x08001684   0x00000004   Code   RO          281    i.HardFault_Handler  stm32f4xx_it.o
    0x08001688   0x08001688   0x0000001c   Code   RO          180    i.Init_Thread       thread.o
    0x080016a4   0x080016a4   0x0000004c   Code   RO          880    i.LED_Initialize    led_f4discovery.o
    0x080016f0   0x080016f0   0x0000002c   Code   RO          881    i.LED_Off           led_f4discovery.o
    0x0800171c   0x0800171c   0x0000002c   Code   RO          882    i.LED_On            led_f4discovery.o
    0x08001748   0x08001748   0x00000004   Code   RO          282    i.MemManage_Handler  stm32f4xx_it.o
    0x0800174c   0x0800174c   0x00000002   Code   RO          283    i.NMI_Handler       stm32f4xx_it.o
    0x0800174e   0x0800174e   0x0000001a   Code   RO         1006    i.OTG_FS_IRQHandler  otg_fs_stm32f4xx.o
    0x08001768   0x08001768   0x000000c0   Code   RO            6    i.SystemClock_Config  main.o
    0x08001828   0x08001828   0x00000064   Code   RO         3725    i.SystemInit        system_stm32f4xx.o
    0x0800188c   0x0800188c   0x0000002c   Code   RO          181    i.Thread_1          thread.o
    0x080018b8   0x080018b8   0x00000010   Code   RO         1084    i.UART4_IRQHandler  usart_stm32f4xx.o
    0x080018c8   0x080018c8   0x000000c0   Code   RO          357    i.UART_Init         uart_driver.o
    0x08001988   0x08001988   0x00000018   Code   RO         1085    i.USART4_Control    usart_stm32f4xx.o
    0x080019a0   0x080019a0   0x00000010   Code   RO         1086    i.USART4_GetCapabilities  usart_stm32f4xx.o
    0x080019b0   0x080019b0   0x00000010   Code   RO         1087    i.USART4_GetModemStatus  usart_stm32f4xx.o
    0x080019c0   0x080019c0   0x00000010   Code   RO         1088    i.USART4_GetRxCount  usart_stm32f4xx.o
    0x080019d0   0x080019d0   0x00000010   Code   RO         1089    i.USART4_GetStatus  usart_stm32f4xx.o
    0x080019e0   0x080019e0   0x00000010   Code   RO         1090    i.USART4_GetTxCount  usart_stm32f4xx.o
    0x080019f0   0x080019f0   0x00000014   Code   RO         1091    i.USART4_Initialize  usart_stm32f4xx.o
    0x08001a04   0x08001a04   0x00000014   Code   RO         1092    i.USART4_PowerControl  usart_stm32f4xx.o
    0x08001a18   0x08001a18   0x00000018   Code   RO         1093    i.USART4_Receive    usart_stm32f4xx.o
    0x08001a30   0x08001a30   0x00000018   Code   RO         1094    i.USART4_Send       usart_stm32f4xx.o
    0x08001a48   0x08001a48   0x00000014   Code   RO         1095    i.USART4_SetModemControl  usart_stm32f4xx.o
    0x08001a5c   0x08001a5c   0x0000001c   Code   RO         1096    i.USART4_Transfer   usart_stm32f4xx.o
    0x08001a78   0x08001a78   0x00000010   Code   RO         1097    i.USART4_Uninitialize  usart_stm32f4xx.o
    0x08001a88   0x08001a88   0x000008e8   Code   RO         1098    i.USART_Control     usart_stm32f4xx.o
    0x08002370   0x08002370   0x00000006   Code   RO         1099    i.USART_GetCapabilities  usart_stm32f4xx.o
    0x08002376   0x08002376   0x0000008c   Code   RO         1100    i.USART_GetModemStatus  usart_stm32f4xx.o
    0x08002402   0x08002402   0x00000008   Code   RO         1101    i.USART_GetRxCount  usart_stm32f4xx.o
    0x0800240a   0x0800240a   0x000000d4   Code   RO         1102    i.USART_GetStatus   usart_stm32f4xx.o
    0x080024de   0x080024de   0x00000008   Code   RO         1103    i.USART_GetTxCount  usart_stm32f4xx.o
    0x080024e6   0x080024e6   0x00000272   Code   RO         1104    i.USART_IRQHandler  usart_stm32f4xx.o
    0x08002758   0x08002758   0x00000092   Code   RO         1105    i.USART_Initialize  usart_stm32f4xx.o
    0x080027ea   0x080027ea   0x00000002   PAD
    0x080027ec   0x080027ec   0x00000134   Code   RO         1106    i.USART_PeripheralReset  usart_stm32f4xx.o
    0x08002920   0x08002920   0x000002c8   Code   RO         1107    i.USART_PowerControl  usart_stm32f4xx.o
    0x08002be8   0x08002be8   0x000000a2   Code   RO         1108    i.USART_Receive     usart_stm32f4xx.o
    0x08002c8a   0x08002c8a   0x00000088   Code   RO         1109    i.USART_Send        usart_stm32f4xx.o
    0x08002d12   0x08002d12   0x0000008c   Code   RO         1110    i.USART_SetModemControl  usart_stm32f4xx.o
    0x08002d9e   0x08002d9e   0x0000006a   Code   RO         1111    i.USART_Transfer    usart_stm32f4xx.o
    0x08002e08   0x08002e08   0x0000006a   Code   RO         1112    i.USART_Uninitialize  usart_stm32f4xx.o
    0x08002e72   0x08002e72   0x00000002   PAD
    0x08002e74   0x08002e74   0x00000044   Code   RO          361    i.USART_callback    uart_driver.o
    0x08002eb8   0x08002eb8   0x00000010   Code   RO         1113    i.USARTx_GetVersion  usart_stm32f4xx.o
    0x08002ec8   0x08002ec8   0x00000010   Code   RO         1276    i.USBH_CH_GetIndexFromAddress  usbh_fs_stm32f4xx.o
    0x08002ed8   0x08002ed8   0x00000424   Code   RO         1277    i.USBH_FS_IRQ       usbh_fs_stm32f4xx.o
    0x080032fc   0x080032fc   0x000001ec   Code   RO         1281    i.USBH_HW_StartTransfer  usbh_fs_stm32f4xx.o
    0x080034e8   0x080034e8   0x00000004   Code   RO          284    i.UsageFault_Handler  stm32f4xx_it.o
    0x080034ec   0x080034ec   0x0000003c   Code   RO         1297    i.__NVIC_DisableIRQ  usbh_fs_stm32f4xx.o
    0x08003528   0x08003528   0x00000022   Code   RO         1298    i.__NVIC_EnableIRQ  usbh_fs_stm32f4xx.o
    0x0800354a   0x0800354a   0x00000002   PAD
    0x0800354c   0x0800354c   0x00000010   Code   RO         1699    i.__NVIC_GetPriorityGrouping  stm32f4xx_hal_cortex.o
    0x0800355c   0x0800355c   0x00000028   Code   RO         1700    i.__NVIC_SetPriority  stm32f4xx_hal_cortex.o
    0x08003584   0x08003584   0x00000046   Code   RO         5737    i._init_box         RTX_CM4.lib(rt_membox.o)
    0x080035ca   0x080035ca   0x00000002   PAD
    0x080035cc   0x080035cc   0x00000020   Code   RO          934    i._mutex_acquire    rtx_conf_cm.o
    0x080035ec   0x080035ec   0x0000001c   Code   RO          936    i._mutex_release    rtx_conf_cm.o
    0x08003608   0x08003608   0x00000030   Code   RO         5790    i.dbg_init          RTX_CM4.lib(hal_cm.o)
    0x08003638   0x08003638   0x00000020   Code   RO         5791    i.dbg_task_notify   RTX_CM4.lib(hal_cm.o)
    0x08003658   0x08003658   0x00000010   Code   RO         5792    i.dbg_task_switch   RTX_CM4.lib(hal_cm.o)
    0x08003668   0x08003668   0x0000002a   Code   RO         4323    i.isrMessageGet     RTX_CM4.lib(rt_cmsis.o)
    0x08003692   0x08003692   0x0000002c   Code   RO         4324    i.isrMessagePut     RTX_CM4.lib(rt_cmsis.o)
    0x080036be   0x080036be   0x00000028   Code   RO         4325    i.isrSemaphoreRelease  RTX_CM4.lib(rt_cmsis.o)
    0x080036e6   0x080036e6   0x00000002   PAD
    0x080036e8   0x080036e8   0x00000056   Code   RO         5646    i.isr_mbx_receive   RTX_CM4.lib(rt_mailbox.o)
    0x0800373e   0x0800373e   0x0000000e   Code   RO         5647    i.isr_mbx_send      RTX_CM4.lib(rt_mailbox.o)
    0x0800374c   0x0800374c   0x00000010   Code   RO         5694    i.isr_sem_send      RTX_CM4.lib(rt_semaphore.o)
    0x0800375c   0x0800375c   0x0000001a   Code   RO            7    i.main              main.o
    0x08003776   0x08003776   0x00000002   PAD
    0x08003778   0x08003778   0x00000018   Code   RO         4327    i.osDelay           RTX_CM4.lib(rt_cmsis.o)
    0x08003790   0x08003790   0x00000024   Code   RO         4328    i.osKernelInitialize  RTX_CM4.lib(rt_cmsis.o)
    0x080037b4   0x080037b4   0x0000006c   Code   RO         4330    i.osKernelStart     RTX_CM4.lib(rt_cmsis.o)
    0x08003820   0x08003820   0x00000018   Code   RO         4339    i.osMessageGet      RTX_CM4.lib(rt_cmsis.o)
    0x08003838   0x08003838   0x0000002c   Code   RO         4349    i.osSemaphoreCreate  RTX_CM4.lib(rt_cmsis.o)
    0x08003864   0x08003864   0x00000018   Code   RO         4351    i.osSemaphoreRelease  RTX_CM4.lib(rt_cmsis.o)
    0x0800387c   0x0800387c   0x0000002c   Code   RO         4356    i.osThreadCreate    RTX_CM4.lib(rt_cmsis.o)
    0x080038a8   0x080038a8   0x00000018   Code   RO         4357    i.osThreadExit      RTX_CM4.lib(rt_cmsis.o)
    0x080038c0   0x080038c0   0x0000000c   Code   RO         4363    i.osTimerCall       RTX_CM4.lib(rt_cmsis.o)
    0x080038cc   0x080038cc   0x0000002c   Code   RO         4368    i.osTimerThread     RTX_CM4.lib(rt_cmsis.o)
    0x080038f8   0x080038f8   0x00000022   Code   RO          937    i.os_error          rtx_conf_cm.o
    0x0800391a   0x0800391a   0x00000004   Code   RO          938    i.os_idle_demon     rtx_conf_cm.o
    0x0800391e   0x0800391e   0x00000002   PAD
    0x08003920   0x08003920   0x00000028   Code   RO         5438    i.os_tick_init      RTX_CM4.lib(rt_system.o)
    0x08003948   0x08003948   0x00000002   Code   RO         5439    i.os_tick_irqack    RTX_CM4.lib(rt_system.o)
    0x0800394a   0x0800394a   0x0000001a   Code   RO         5738    i.rt_alloc_box      RTX_CM4.lib(rt_membox.o)
    0x08003964   0x08003964   0x0000003e   Code   RO         5766    i.rt_alloc_mem      RTX_CM4.lib(rt_memory.o)
    0x080039a2   0x080039a2   0x00000002   PAD
    0x080039a4   0x080039a4   0x00000038   Code   RO         4945    i.rt_block          RTX_CM4.lib(rt_task.o)
    0x080039dc   0x080039dc   0x00000002   Code   RO          939    i.rt_chk_robin      rtx_conf_cm.o
    0x080039de   0x080039de   0x00000002   PAD
    0x080039e0   0x080039e0   0x00000070   Code   RO         5570    i.rt_dec_dly        RTX_CM4.lib(rt_list.o)
    0x08003a50   0x08003a50   0x00000044   Code   RO         4946    i.rt_dispatch       RTX_CM4.lib(rt_task.o)
    0x08003a94   0x08003a94   0x00000006   Code   RO         5029    i.rt_dly_wait       RTX_CM4.lib(rt_time.o)
    0x08003a9a   0x08003a9a   0x00000002   PAD
    0x08003a9c   0x08003a9c   0x00000050   Code   RO         5531    i.rt_evt_psh        RTX_CM4.lib(rt_event.o)
    0x08003aec   0x08003aec   0x0000002c   Code   RO         5739    i.rt_free_box       RTX_CM4.lib(rt_membox.o)
    0x08003b18   0x08003b18   0x00000028   Code   RO         5767    i.rt_free_mem       RTX_CM4.lib(rt_memory.o)
    0x08003b40   0x08003b40   0x00000028   Code   RO         5571    i.rt_get_first      RTX_CM4.lib(rt_list.o)
    0x08003b68   0x08003b68   0x00000008   Code   RO         4373    i.rt_id2obj         RTX_CM4.lib(rt_cmsis.o)
    0x08003b70   0x08003b70   0x00000048   Code   RO         4947    i.rt_init_context   RTX_CM4.lib(rt_task.o)
    0x08003bb8   0x08003bb8   0x0000001a   Code   RO         5768    i.rt_init_mem       RTX_CM4.lib(rt_memory.o)
    0x08003bd2   0x08003bd2   0x00000002   Code   RO          940    i.rt_init_robin     rtx_conf_cm.o
    0x08003bd4   0x08003bd4   0x00000080   Code   RO         5793    i.rt_init_stack     RTX_CM4.lib(hal_cm.o)
    0x08003c54   0x08003c54   0x00000008   Code   RO         5648    i.rt_mbx_check      RTX_CM4.lib(rt_mailbox.o)
    0x08003c5c   0x08003c5c   0x0000001a   Code   RO         5649    i.rt_mbx_init       RTX_CM4.lib(rt_mailbox.o)
    0x08003c76   0x08003c76   0x00000002   PAD
    0x08003c78   0x08003c78   0x000000f0   Code   RO         5650    i.rt_mbx_psh        RTX_CM4.lib(rt_mailbox.o)
    0x08003d68   0x08003d68   0x000000b4   Code   RO         5652    i.rt_mbx_wait       RTX_CM4.lib(rt_mailbox.o)
    0x08003e1c   0x08003e1c   0x00000044   Code   RO         4374    i.rt_ms2tick        RTX_CM4.lib(rt_cmsis.o)
    0x08003e60   0x08003e60   0x000000d8   Code   RO         5064    i.rt_mut_release    RTX_CM4.lib(rt_mutex.o)
    0x08003f38   0x08003f38   0x00000078   Code   RO         5065    i.rt_mut_wait       RTX_CM4.lib(rt_mutex.o)
    0x08003fb0   0x08003fb0   0x0000007c   Code   RO         5442    i.rt_pop_req        RTX_CM4.lib(rt_system.o)
    0x0800402c   0x0800402c   0x00000020   Code   RO         5443    i.rt_psh_req        RTX_CM4.lib(rt_system.o)
    0x0800404c   0x0800404c   0x0000005c   Code   RO         5573    i.rt_psq_enq        RTX_CM4.lib(rt_list.o)
    0x080040a8   0x080040a8   0x00000048   Code   RO         5574    i.rt_put_dly        RTX_CM4.lib(rt_list.o)
    0x080040f0   0x080040f0   0x00000036   Code   RO         5575    i.rt_put_prio       RTX_CM4.lib(rt_list.o)
    0x08004126   0x08004126   0x00000002   PAD
    0x08004128   0x08004128   0x00000014   Code   RO         5576    i.rt_put_rdy_first  RTX_CM4.lib(rt_list.o)
    0x0800413c   0x0800413c   0x00000034   Code   RO         5577    i.rt_resort_prio    RTX_CM4.lib(rt_list.o)
    0x08004170   0x08004170   0x00000010   Code   RO         5794    i.rt_ret_regs       RTX_CM4.lib(hal_cm.o)
    0x08004180   0x08004180   0x0000000c   Code   RO         5795    i.rt_ret_val        RTX_CM4.lib(hal_cm.o)
    0x0800418c   0x0800418c   0x00000010   Code   RO         5796    i.rt_ret_val2       RTX_CM4.lib(hal_cm.o)
    0x0800419c   0x0800419c   0x00000028   Code   RO         5578    i.rt_rmv_dly        RTX_CM4.lib(rt_list.o)
    0x080041c4   0x080041c4   0x00000030   Code   RO         5579    i.rt_rmv_list       RTX_CM4.lib(rt_list.o)
    0x080041f4   0x080041f4   0x0000000c   Code   RO         5696    i.rt_sem_init       RTX_CM4.lib(rt_semaphore.o)
    0x08004200   0x08004200   0x00000034   Code   RO         5697    i.rt_sem_psh        RTX_CM4.lib(rt_semaphore.o)
    0x08004234   0x08004234   0x0000002a   Code   RO         5698    i.rt_sem_send       RTX_CM4.lib(rt_semaphore.o)
    0x0800425e   0x0800425e   0x00000002   PAD
    0x08004260   0x08004260   0x00000024   Code   RO         5445    i.rt_stk_check      RTX_CM4.lib(rt_system.o)
    0x08004284   0x08004284   0x00000028   Code   RO         4948    i.rt_switch_req     RTX_CM4.lib(rt_task.o)
    0x080042ac   0x080042ac   0x000000cc   Code   RO         4949    i.rt_sys_init       RTX_CM4.lib(rt_task.o)
    0x08004378   0x08004378   0x00000078   Code   RO         4950    i.rt_sys_start      RTX_CM4.lib(rt_task.o)
    0x080043f0   0x080043f0   0x00000040   Code   RO         5447    i.rt_systick        RTX_CM4.lib(rt_system.o)
    0x08004430   0x08004430   0x00000012   Code   RO         4375    i.rt_tid2ptcb       RTX_CM4.lib(rt_cmsis.o)
    0x08004442   0x08004442   0x00000002   PAD
    0x08004444   0x08004444   0x00000034   Code   RO         4376    i.rt_timer_insert   RTX_CM4.lib(rt_cmsis.o)
    0x08004478   0x08004478   0x00000088   Code   RO         4951    i.rt_tsk_create     RTX_CM4.lib(rt_task.o)
    0x08004500   0x08004500   0x0000017c   Code   RO         4952    i.rt_tsk_delete     RTX_CM4.lib(rt_task.o)
    0x0800467c   0x0800467c   0x0000007c   Code   RO         4954    i.rt_tsk_prio       RTX_CM4.lib(rt_task.o)
    0x080046f8   0x080046f8   0x00000010   Code   RO         4955    i.rt_tsk_self       RTX_CM4.lib(rt_task.o)
    0x08004708   0x08004708   0x00000012   Code   RO         4378    i.svcDelay          RTX_CM4.lib(rt_cmsis.o)
    0x0800471a   0x0800471a   0x00000002   PAD
    0x0800471c   0x0800471c   0x00000070   Code   RO         4379    i.svcKernelInitialize  RTX_CM4.lib(rt_cmsis.o)
    0x0800478c   0x0800478c   0x00000048   Code   RO         4381    i.svcKernelStart    RTX_CM4.lib(rt_cmsis.o)
    0x080047d4   0x080047d4   0x00000024   Code   RO         4384    i.svcMessageCreate  RTX_CM4.lib(rt_cmsis.o)
    0x080047f8   0x080047f8   0x0000003a   Code   RO         4385    i.svcMessageGet     RTX_CM4.lib(rt_cmsis.o)
    0x08004832   0x08004832   0x00000024   Code   RO         4392    i.svcSemaphoreCreate  RTX_CM4.lib(rt_cmsis.o)
    0x08004856   0x08004856   0x00000028   Code   RO         4394    i.svcSemaphoreRelease  RTX_CM4.lib(rt_cmsis.o)
    0x0800487e   0x0800487e   0x00000002   PAD
    0x08004880   0x08004880   0x0000006c   Code   RO         4399    i.svcThreadCreate   RTX_CM4.lib(rt_cmsis.o)
    0x080048ec   0x080048ec   0x0000001c   Code   RO         4400    i.svcThreadGetId    RTX_CM4.lib(rt_cmsis.o)
    0x08004908   0x08004908   0x00000038   Code   RO         4403    i.svcThreadTerminate  RTX_CM4.lib(rt_cmsis.o)
    0x08004940   0x08004940   0x00000018   Code   RO         4405    i.svcTimerCall      RTX_CM4.lib(rt_cmsis.o)
    0x08004958   0x08004958   0x0000005c   Code   RO         4414    i.sysTimerTick      RTX_CM4.lib(rt_cmsis.o)
    0x080049b4   0x080049b4   0x0000000a   Code   RO         6591    x$fpl$fpinit        fz_wm.l(fpinit.o)
    0x080049be   0x080049be   0x00000002   PAD
    0x080049c0   0x080049c0   0x00000010   Data   RO          182    .constdata          thread.o
    0x080049d0   0x080049d0   0x00000010   Data   RO          362    .constdata          uart_driver.o
    0x080049e0   0x080049e0   0x00000020   Data   RO          885    .constdata          led_f4discovery.o
    0x08004a00   0x08004a00   0x00000068   Data   RO          942    .constdata          rtx_conf_cm.o
    0x08004a68   0x08004a68   0x00000088   Data   RO         1115    .constdata          usart_stm32f4xx.o
    0x08004af0   0x08004af0   0x00000018   Data   RO         3726    .constdata          system_stm32f4xx.o
    0x08004b08   0x08004b08   0x00000020   Data   RO         6648    Region$$Table       anon$$obj.o
    0x08004b28   0x08004b28   0x00000004   Data   RO         6093    __MW_USB_LIB_VERSION_6.13.6  USB_CM3_L.lib(usb_lib_ver.o)


    Execution Region RW_IRAM1 (Exec base: 0x20000000, Load base: 0x08004b2c, Size: 0x00006f78, Max: 0x00020000, ABSOLUTE)

    Exec Addr    Load Addr    Size         Type   Attr      Idx    E Section Name        Object

    0x20000000   0x08004b2c   0x00000030   Data   RW          363    .data               uart_driver.o
    0x20000030   0x08004b5c   0x00000014   Data   RW          943    .data               rtx_conf_cm.o
    0x20000044   0x08004b70   0x0000002b   Data   RW         1301    .data               usbh_fs_stm32f4xx.o
    0x2000006f   0x08004b9b   0x00000001   PAD
    0x20000070   0x08004b9c   0x00000009   Data   RW         1525    .data               stm32f4xx_hal.o
    0x20000079   0x08004ba5   0x00000003   PAD
    0x2000007c   0x08004ba8   0x00000004   Data   RW         3727    .data               system_stm32f4xx.o
    0x20000080   0x08004bac   0x00000008   Data   RW         4417    .data               RTX_CM4.lib(rt_cmsis.o)
    0x20000088   0x08004bb4   0x00000008   Data   RW         4957    .data               RTX_CM4.lib(rt_task.o)
    0x20000090   0x08004bbc   0x00000004   Data   RW         5033    .data               RTX_CM4.lib(rt_time.o)
    0x20000094   0x08004bc0   0x00000008   Data   RW         5450    .data               RTX_CM4.lib(rt_system.o)
    0x2000009c   0x08004bc8   0x00000001   Data   RW         5797    .data               RTX_CM4.lib(hal_cm.o)
    0x2000009d   0x08004bc9   0x00000003   PAD
    0x200000a0        -       0x00000184   Zero   RW          446    .bss                stm32f4_discovery_audio.o
    0x20000224   0x08004bc9   0x00000004   PAD
    0x20000228        -       0x00006550   Zero   RW          941    .bss                rtx_conf_cm.o
    0x20006778        -       0x00000038   Zero   RW         1114    .bss                usart_stm32f4xx.o
    0x200067b0        -       0x00000100   Zero   RW         1299    .bss                usbh_fs_stm32f4xx.o
    0x200068b0        -       0x00000034   Zero   RW         4956    .bss                RTX_CM4.lib(rt_task.o)
    0x200068e4        -       0x00000030   Zero   RW         5580    .bss                RTX_CM4.lib(rt_list.o)
    0x20006914        -       0x00000060   Zero   RW         6168    .bss                c_w.l(libspace.o)
    0x20006974   0x08004bc9   0x00000004   PAD
    0x20006978        -       0x00000200   Zero   RW         3715    HEAP                startup_stm32f407xx.o
    0x20006b78        -       0x00000400   Zero   RW         3714    STACK               startup_stm32f407xx.o


==============================================================================

Image component sizes


      Code (inc. data)   RO Data    RW Data    ZI Data      Debug   Object Name

       164         16         32          0          0       2996   led_f4discovery.o
       234         18          0          0          0     664849   main.o
        26          0          0          0          0       4356   otg_fs_stm32f4xx.o
       130         26        104         20      25936      10562   rtx_conf_cm.o
        64         26        392          0       1536        896   startup_stm32f407xx.o
         0          0          0          0        388       2388   stm32f4_discovery_audio.o
       138         20          0          9          0       4146   stm32f4xx_hal.o
       340         28          0          0          0      34748   stm32f4xx_hal_cortex.o
       746          6          0          0          0       2585   stm32f4xx_hal_dma.o
       926         90          0          0          0       5409   stm32f4xx_hal_gpio.o
      1700         74          0          0          0       5229   stm32f4xx_hal_rcc.o
        72          8          0          0          0       4967   stm32f4xx_it.o
       100         18         24          4          0       1379   system_stm32f4xx.o
        72          6         16          0          0       9030   thread.o
       260         46         16         48          0       3033   uart_driver.o
      5772        220        136          0         56      58377   usart_stm32f4xx.o
      1662         50          0         43        256       7437   usbh_fs_stm32f4xx.o

    ----------------------------------------------------------------------
     12426        652        752        128      28176     822387   Object Totals
         0          0         32          0          0          0   (incl. Generated)
        20          0          0          4          4          0   (incl. Padding)

    ----------------------------------------------------------------------

      Code (inc. data)   RO Data    RW Data    ZI Data      Debug   Library Member Name

       268         24          0          1          0       4472   hal_cm.o
       408         34          0          0          0        816   hal_cm4.o
      1336        158          0          8          0      39312   rt_cmsis.o
        80          4          0          0          0        701   rt_event.o
       530         34          0          0         48       8601   rt_list.o
       554         10          0          0          0       4189   rt_mailbox.o
       140          0          0          0          0       2045   rt_membox.o
       128          0          0          0          0       2419   rt_memory.o
       336         14          0          0          0       1727   rt_mutex.o
       122          4          0          0          0       2384   rt_semaphore.o
       298         52          0          8          0       6439   rt_system.o
      1216        174          0          8         52      10045   rt_task.o
         6          0          0          4          0        692   rt_time.o
         4          4          0          0          0        200   svc_table.o
         0          0          4          0          0          0   usb_lib_ver.o
         8          0          0          0          0         68   __main.o
         0          0          0          0          0          0   __rtentry.o
        20          0          0          0          0          0   __rtentry2.o
         6          0          0          0          0          0   __rtentry4.o
        52          8          0          0          0          0   __scatter.o
        26          0          0          0          0          0   __scatter_copy.o
        28          0          0          0          0          0   __scatter_zi.o
        18          0          0          0          0         80   exit.o
         6          0          0          0          0        152   heapauxi.o
         0          0          0          0          0          0   indicate_semi.o
         2          0          0          0          0          0   libinit.o
         6          0          0          0          0          0   libinit2.o
         2          0          0          0          0          0   libshutdown.o
         2          0          0          0          0          0   libshutdown2.o
         8          4          0          0         96         68   libspace.o
       238          0          0          0          0        100   lludivv7m.o
        78          0          0          0          0         80   rt_memclr_w.o
         2          0          0          0          0          0   rtexit.o
        10          0          0          0          0          0   rtexit2.o
        12          4          0          0          0         68   sys_exit.o
        74          0          0          0          0         80   sys_stackheap_outer.o
         2          0          0          0          0         68   use_no_semi.o
        10          0          0          0          0        116   fpinit.o

    ----------------------------------------------------------------------
      6062        528          4         32        200      84922   Library Totals
        26          0          0          3          4          0   (incl. Padding)

    ----------------------------------------------------------------------

      Code (inc. data)   RO Data    RW Data    ZI Data      Debug   Library Name

      5426        512          0         29        100      84042   RTX_CM4.lib
         0          0          4          0          0          0   USB_CM3_L.lib
       600         16          0          0         96        764   c_w.l
        10          0          0          0          0        116   fz_wm.l

    ----------------------------------------------------------------------
      6062        528          4         32        200      84922   Library Totals

    ----------------------------------------------------------------------

==============================================================================


      Code (inc. data)   RO Data    RW Data    ZI Data      Debug   

     18488       1180        756        160      28376     891049   Grand Totals
     18488       1180        756        160      28376     891049   ELF Image Totals
     18488       1180        756        160          0          0   ROM Totals

==============================================================================

    Total RO  Size (Code + RO Data)                19244 (  18.79kB)
    Total RW  Size (RW Data + ZI Data)             28536 (  27.87kB)
    Total ROM Size (Code + RO Data + RW Data)      19404 (  18.95kB)

==============================================================================

